HI-TECH Software C Compiler 

Linker command line:

-W9 --edf=c:\Program Files (x86)\HI-TECH Software\PICC\9.83\dat\en_msgs.txt \
  -cs -h+_PrgPIC16F.sym -z -Q16F1829 -ol.obj -M_PrgPIC16F.map -E1 \
  -p_FLT_text=1D00h -p_SQ8_text=1E00h -ACONST=00h-0FFhx32 \
  -ACODE=00h-07FFhx3,01800h-01CFFh,01D00h-01DFFh,01E00h-01FFFh \
  -ASTRCODE=00h-01FFFh -AENTRY=00h-0FFhx32 -ASTRING=00h-0FFhx32 \
  -ABANK0=020h-06Fh -ABANK1=0A0h-0EFh -ABANK2=0120h-016Fh \
  -ABANK3=01A0h-01EFh -ABANK4=0220h-026Fh -ABANK5=02A0h-02EFh \
  -ABANK6=0320h-036Fh -ABANK7=03A0h-03EFh -ABANK8=0420h-046Fh \
  -ABANK9=04A0h-04EFh -ABANK10=0520h-056Fh -ABANK11=05A0h-05EFh \
  -ABANK12=0620h-064Fh -ABIGRAM=02000h-023EFh \
  -ARAM=020h-06Fh,0A0h-0EFh,0120h-016Fh,01A0h-01EFh,0220h-026Fh,02A0h-02EFh,0320h-036Fh,03A0h-03EFh,0420h-046Fh,04A0h-04EFh,0520h-056Fh,05A0h-05EFh,0620h-064Fh \
  -AABS1=020h-07Fh,0A0h-0EFh,0120h-016Fh,01A0h-01EFh,0220h-026Fh,02A0h-02EFh,0320h-036Fh,03A0h-03EFh,0420h-046Fh,04A0h-04EFh,0520h-056Fh,05A0h-05EFh,0620h-064Fh \
  -ACOMMON=070h-07Fh -ASFR0=00h-01Fh -ASFR1=080h-09Fh -ASFR2=0100h-011Fh \
  -ASFR3=0180h-019Fh -ASFR4=0200h-021Fh -ASFR5=0280h-029Fh \
  -ASFR6=0300h-031Fh -ASFR7=0380h-039Fh -ASFR8=0400h-041Fh \
  -ASFR9=0480h-049Fh -ASFR10=0500h-051Fh -ASFR11=0580h-059Fh \
  -ASFR12=0600h-061Fh -ASFR13=0680h-06EFh -ASFR14=0700h-076Fh \
  -ASFR15=0780h-07EFh -ASFR16=0800h-086Fh -ASFR17=0880h-08EFh \
  -ASFR18=0900h-096Fh -ASFR19=0980h-09EFh -ASFR20=0A00h-0A6Fh \
  -ASFR21=0A80h-0AEFh -ASFR22=0B00h-0B6Fh -ASFR23=0B80h-0BEFh \
  -ASFR24=0C00h-0C6Fh -ASFR25=0C80h-0CEFh -ASFR26=0D00h-0D6Fh \
  -ASFR27=0D80h-0DEFh -ASFR28=0E00h-0E6Fh -ASFR29=0E80h-0EEFh \
  -ASFR30=0F00h-0F6Fh -ASFR31=0F80h-0FEFh \
  -preset_vec=00h,intentry=04h,init,end_init -ppowerup=CODE -pfunctab=CODE \
  -ACONFIG=08007h-08008h -pconfig=CONFIG -DCONFIG=2 -AIDLOC=08000h-08003h \
  -pidloc=IDLOC -DIDLOC=2 -AEEDATA=00h-0FFh/0F000h -peeprom_data=EEDATA \
  -DEEDATA=2 -DCODE=2 -DSTRCODE=2 -DSTRING=2 -DCONST=2 -DENTRY=2 -k \
  C:\Users\liyachen\AppData\Local\Temp\sp3c.obj _PrgPIC16F.obj 

Object code version is 3.10

Machine type is 16F1829



                Name                               Link     Load   Length Selector   Space Scale
C:\Users\liyachen\AppData\Local\Temp\sp3c.obj
                end_init                            13E      13E        3        8       0
                reset_vec                             0        0        2        0       0
_PrgPIC16F.obj  intentry                              4        4      13A        8       0
                eeprom_data                           0     F000      100    1E000       2
                config                             8007     8007        2    1000E       0
                text1038                           1B85     1B85       1E     370A       0
                text1037                           1101     1101        1     2202       0
                text1036                           15F5     15F5       A9     2BEA       0
                text1035                           1C2C     1C2C       2E     3858       0
                text1034                           1B5B     1B5B       12     36B6       0
                text1033                           1B42     1B42        A     3684       0
                text1032                           1B6D     1B6D       18     36DA       0
                text1031                           1B36     1B36        6     366C       0
                text1030                           1444     1444       87     2888       0
                text1029                           14CB     14CB       93     2996       0
                text1028                           155E     155E       97     2ABC       0
                text1027                              2        2        1        0       0
                text1026                           127F     127F       51     24FE       0
                text1025                            800      800        4     1000       0
                text1024                           1B4C     1B4C        F     3698       0
                text1023                           1BA3     1BA3       20     3746       0
                text1022                           113B     113B       3C     2276       0
                text1021                           1102     1102       39     2204       0
                text1020                           1C5A     1C5A       37     38B4       0
                text1019                           12D0     12D0       54     25A0       0
                text1018                            804      804       64     1008       0
                text1017                              3        3        1        6       0
                text1016                           13DB     13DB       69     27B6       0
                text1015                           1BE3     1BE3       24     37C6       0
                text1014                           1239     1239       46     2472       0
                text1013                           1177     1177       3E     22EE       0
                text1012                           1C91     1C91       37     3922       0
                text1011                           1378     1378       63     26F0       0
                text1010                            9FC      9FC       DE     13F8       0
                text1009                            92D      92D       CF     125A       0
                text1008                            ADA      ADA      117     15B4       0
                text1007                            33B      33B      1BD        8       0
                text1006                            4F8      4F8      192        8       0
                swtext2                            1814     1814        A     3000       0
                text1005                            868      868       C5     10D0       0
                text1004                           1BC3     1BC3       20     3786       0
                text1003                           1CC8     1CC8       38     3990       0
                text1002                           11F5     11F5       44     23EA       0
                text1001                            E75      E75      18B     1CEA       0
                text1000                           169E     169E       B0     2D3C       0
                text999                            11B5     11B5       40     236A       0
                text998                            174E     174E       B2     2E9C       0
                text997                             68A      68A      155        8       0
                swtext1                            1800     1800       14     3000       0
                text996                             BF1      BF1      132     17E2       0
                text995                             141      141      1FA        8       0
                text994                             D23      D23      152     1A46       0
                text993                            1C07     1C07       25     380E       0
                maintext                           1324     1324       54     2648       0
                cstackBANK0                          50       50       1E       20       1
                cstackCOMMON                         70       70        D       70       1
                clrtext                            1B3C     1B3C        6     3678       0
                bssBANK3                            1A0      1A0       14      1A0       1
                bssBANK1                             A0       A0       39       A0       1
                dataBANK0                            6F       6F        1       20       1
                bssBANK0                             20       20       30       20       1
                bssCOMMON                            7D       7D        1       70       1
                cinit                               7DF      7DF       20        8       0
                nvBANK1                              D9       D9        C       A0       1
                nvBANK0                              6E       6E        1       20       1
                _FLT_text                          1D00     1D00      100     3A00       0
                _SQ8_text                          1E00     1E00      200     3C00       0
                stringtext                         1000     1000      101       20       0
                idataBANK0                          7FF      7FF        1        8       0

TOTAL           Name                               Link     Load   Length     Space
        CLASS   CONST          
                swtext2                            1814     1814        A         0
                swtext1                            1800     1800       14         0

        CLASS   CODE           
                end_init                            13E      13E        3         0
                intentry                              4        4      13A         0
                reset_vec                             0        0        2         0
                text1038                           1B85     1B85       1E         0
                text1037                           1101     1101        1         0
                text1036                           15F5     15F5       A9         0
                text1035                           1C2C     1C2C       2E         0
                text1034                           1B5B     1B5B       12         0
                text1033                           1B42     1B42        A         0
                text1032                           1B6D     1B6D       18         0
                text1031                           1B36     1B36        6         0
                text1030                           1444     1444       87         0
                text1029                           14CB     14CB       93         0
                text1028                           155E     155E       97         0
                text1027                              2        2        1         0
                text1026                           127F     127F       51         0
                text1025                            800      800        4         0
                text1024                           1B4C     1B4C        F         0
                text1023                           1BA3     1BA3       20         0
                text1022                           113B     113B       3C         0
                text1021                           1102     1102       39         0
                text1020                           1C5A     1C5A       37         0
                text1019                           12D0     12D0       54         0
                text1018                            804      804       64         0
                text1017                              3        3        1         0
                text1016                           13DB     13DB       69         0
                text1015                           1BE3     1BE3       24         0
                text1014                           1239     1239       46         0
                text1013                           1177     1177       3E         0
                text1012                           1C91     1C91       37         0
                text1011                           1378     1378       63         0
                text1010                            9FC      9FC       DE         0
                text1009                            92D      92D       CF         0
                text1008                            ADA      ADA      117         0
                text1007                            33B      33B      1BD         0
                text1006                            4F8      4F8      192         0
                text1005                            868      868       C5         0
                text1004                           1BC3     1BC3       20         0
                text1003                           1CC8     1CC8       38         0
                text1002                           11F5     11F5       44         0
                text1001                            E75      E75      18B         0
                text1000                           169E     169E       B0         0
                text999                            11B5     11B5       40         0
                text998                            174E     174E       B2         0
                text997                             68A      68A      155         0
                text996                             BF1      BF1      132         0
                text995                             141      141      1FA         0
                text994                             D23      D23      152         0
                text993                            1C07     1C07       25         0
                maintext                           1324     1324       54         0
                clrtext                            1B3C     1B3C        6         0
                cinit                               7DF      7DF       20         0
                _FLT_text                          1D00     1D00      100         0
                _SQ8_text                          1E00     1E00      200         0
                idataBANK0                          7FF      7FF        1         0

        CLASS   STRCODE        
                stringtext                         1000     1000      101         0

        CLASS   ENTRY          

        CLASS   STRING         

        CLASS   BANK0          
                cstackBANK0                          50       50       1E         1
                dataBANK0                            6F       6F        1         1
                bssBANK0                             20       20       30         1
                nvBANK0                              6E       6E        1         1

        CLASS   BANK1          
                bssBANK1                             A0       A0       39         1
                nvBANK1                              D9       D9        C         1

        CLASS   BANK2          

        CLASS   BANK3          
                bssBANK3                            1A0      1A0       14         1

        CLASS   BANK4          

        CLASS   BANK5          

        CLASS   BANK6          

        CLASS   BANK7          

        CLASS   BANK8          

        CLASS   BANK9          

        CLASS   BANK10         

        CLASS   BANK11         

        CLASS   BANK12         

        CLASS   BIGRAM         

        CLASS   RAM            

        CLASS   ABS1           
                abs_s1                               7E       7E        2         1
                abs_s1                              320      320       50         1
                abs_s1                              3A0      3A0       40         1
                abs_s1                              420      420        7         1
                abs_s1                              428      428       15         1
                abs_s1                              440      440       1C         1
                abs_s1                              4A0      4A0        7         1
                abs_s1                              4A8      4A8        7         1
                abs_s1                              4B0      4B0        E         1
                abs_s1                              520      520       2C         1
                abs_s1                              550      550        F         1
                abs_s1                              5A0      5A0        C         1
                abs_s1                              620      620       28         1
                abs_s1                              650      650        2         1
                abs_s1                              654      654       12         1
                abs_s1                              658      658        6         1

        CLASS   COMMON         
                cstackCOMMON                         70       70        D         1
                bssCOMMON                            7D       7D        1         1

        CLASS   SFR0           

        CLASS   SFR1           

        CLASS   SFR2           

        CLASS   SFR3           

        CLASS   SFR4           

        CLASS   SFR5           

        CLASS   SFR6           

        CLASS   SFR7           

        CLASS   SFR8           

        CLASS   SFR9           

        CLASS   SFR10          

        CLASS   SFR11          

        CLASS   SFR12          

        CLASS   SFR13          

        CLASS   SFR14          

        CLASS   SFR15          

        CLASS   SFR16          

        CLASS   SFR17          

        CLASS   SFR18          

        CLASS   SFR19          

        CLASS   SFR20          

        CLASS   SFR21          

        CLASS   SFR22          

        CLASS   SFR23          

        CLASS   SFR24          

        CLASS   SFR25          

        CLASS   SFR26          

        CLASS   SFR27          

        CLASS   SFR28          

        CLASS   SFR29          

        CLASS   SFR30          

        CLASS   SFR31          

        CLASS   CONFIG         
                config                             8007     8007        2         0

        CLASS   IDLOC          

        CLASS   EEDATA         
                eeprom_data                           0     F000      100         2

        CLASS   BANK31         

        CLASS   BANK30         

        CLASS   BANK29         

        CLASS   BANK28         

        CLASS   BANK27         

        CLASS   BANK26         

        CLASS   BANK25         

        CLASS   BANK24         

        CLASS   BANK23         

        CLASS   BANK22         

        CLASS   BANK21         

        CLASS   BANK20         

        CLASS   BANK19         

        CLASS   BANK18         

        CLASS   BANK17         

        CLASS   BANK16         

        CLASS   BANK15         

        CLASS   BANK14         

        CLASS   BANK13         



SEGMENTS        Name                           Load    Length   Top    Selector   Space  Class     Delta

                reset_vec                      000000  000003  000003         0       0  CODE        2
                text1017                       000003  000001  000004         6       0  CODE        2
                intentry                       000004  0007FC  000800         8       0  CODE        2
                bssBANK0                       000020  000050  000070        20       1  BANK0       1
                cstackCOMMON                   000070  00000E  00007E        70       1  COMMON      1
                bssBANK1                       0000A0  000045  0000E5        A0       1  BANK1       1
                bssBANK3                       0001A0  000014  0001B4       1A0       1  BANK3       1
                text1025                       000800  000004  000804      1000       0  CODE        2
                text1018                       000804  000064  000868      1008       0  CODE        2
                text1005                       000868  0000C5  00092D      10D0       0  CODE        2
                text1009                       00092D  0000CF  0009FC      125A       0  CODE        2
                text1010                       0009FC  0000DE  000ADA      13F8       0  CODE        2
                text1008                       000ADA  000117  000BF1      15B4       0  CODE        2
                text996                        000BF1  000132  000D23      17E2       0  CODE        2
                text994                        000D23  000152  000E75      1A46       0  CODE        2
                text1001                       000E75  00018B  001000      1CEA       0  CODE        2
                stringtext                     001000  000101  001101        20       0  STRCODE     2
                text1037                       001101  000001  001102      2202       0  CODE        2
                text1021                       001102  000039  00113B      2204       0  CODE        2
                text1022                       00113B  00003C  001177      2276       0  CODE        2
                text1013                       001177  00003E  0011B5      22EE       0  CODE        2
                text999                        0011B5  000040  0011F5      236A       0  CODE        2
                text1002                       0011F5  000044  001239      23EA       0  CODE        2
                text1014                       001239  000046  00127F      2472       0  CODE        2
                text1026                       00127F  000051  0012D0      24FE       0  CODE        2
                text1019                       0012D0  000054  001324      25A0       0  CODE        2
                maintext                       001324  000054  001378      2648       0  CODE        2
                text1011                       001378  000063  0013DB      26F0       0  CODE        2
                text1016                       0013DB  000069  001444      27B6       0  CODE        2
                text1030                       001444  000087  0014CB      2888       0  CODE        2
                text1029                       0014CB  000093  00155E      2996       0  CODE        2
                text1028                       00155E  000097  0015F5      2ABC       0  CODE        2
                text1036                       0015F5  0000A9  00169E      2BEA       0  CODE        2
                text1000                       00169E  0000B0  00174E      2D3C       0  CODE        2
                text998                        00174E  0000B2  001800      2E9C       0  CODE        2
                swtext1                        001800  00001E  00181E      3000       0  CONST       2
                text1031                       001B36  000006  001B3C      366C       0  CODE        2
                clrtext                        001B3C  000006  001B42      3678       0  CODE        2
                text1033                       001B42  00000A  001B4C      3684       0  CODE        2
                text1024                       001B4C  00000F  001B5B      3698       0  CODE        2
                text1034                       001B5B  000012  001B6D      36B6       0  CODE        2
                text1032                       001B6D  000018  001B85      36DA       0  CODE        2
                text1038                       001B85  00001E  001BA3      370A       0  CODE        2
                text1023                       001BA3  000020  001BC3      3746       0  CODE        2
                text1004                       001BC3  000020  001BE3      3786       0  CODE        2
                text1015                       001BE3  000024  001C07      37C6       0  CODE        2
                text993                        001C07  000025  001C2C      380E       0  CODE        2
                text1035                       001C2C  00002E  001C5A      3858       0  CODE        2
                text1020                       001C5A  000037  001C91      38B4       0  CODE        2
                text1012                       001C91  000037  001CC8      3922       0  CODE        2
                text1003                       001CC8  000038  001D00      3990       0  CODE        2
                _FLT_text                      001D00  000100  001E00      3A00       0  CODE        2
                _SQ8_text                      001E00  000200  002000      3C00       0  CODE        2
                config                         008007  000002  008009     1000E       0  CONFIG      2
                eeprom_data                    00F000  000100  00F100     1E000       2  EEDATA      2


UNUSED ADDRESS RANGES

        Name                Unused          Largest block    Delta
        BANK1            000E5-000EF               B           1
        BANK10           0054C-0054F               4           1
                         0055F-0056F              11
        BANK11           005AC-005EF              44           1
        BANK12           00648-0064F               8           1
        BANK2            00120-0016F              50           1
        BANK3            001B4-001EF              3C           1
        BANK4            00220-0026F              50           1
        BANK5            002A0-002EF              50           1
        BANK7            003E0-003EF              10           1
        BANK8            00427-00427               1           1
                         0043D-0043F               3
                         0045C-0046F              14
        BANK9            004A7-004A7               1           1
                         004AF-004AF               1
                         004BE-004EF              32
        BIGRAM           02000-023EF             3F0           1
        CODE             0181E-01B35             318           2
        CONST            0181E-01B35             100           2
        ENTRY            0181E-01B35             100           2
        IDLOC            08000-08003               4           2
        RAM              000E5-000EF               B           1
                         00120-0016F              50
                         001B4-001EF              3C
                         00220-0026F              50
                         002A0-002EF              50
                         003E0-003EF              10
                         00427-00427               1
                         0043D-0043F               3
                         0045C-0046F              14
                         004A7-004A7               1
                         004AF-004AF               1
                         004BE-004EF              32
                         0054C-0054F               4
                         0055F-0056F              11
                         005AC-005EF              44
                         00648-0064F               8
        SFR0             00000-0001F              20           1
        SFR1             00080-0009F              20           1
        SFR10            00500-0051F              20           1
        SFR11            00580-0059F              20           1
        SFR12            00600-0061F              20           1
        SFR13            00680-006EF              70           1
        SFR14            00700-0076F              70           1
        SFR15            00780-007EF              70           1
        SFR16            00800-0086F              70           1
        SFR17            00880-008EF              70           1
        SFR18            00900-0096F              70           1
        SFR19            00980-009EF              70           1
        SFR2             00100-0011F              20           1
        SFR20            00A00-00A6F              70           1
        SFR21            00A80-00AEF              70           1
        SFR22            00B00-00B6F              70           1
        SFR23            00B80-00BEF              70           1
        SFR24            00C00-00C6F              70           1
        SFR25            00C80-00CEF              70           1
        SFR26            00D00-00D6F              70           1
        SFR27            00D80-00DEF              70           1
        SFR28            00E00-00E6F              70           1
        SFR29            00E80-00EEF              70           1
        SFR3             00180-0019F              20           1
        SFR30            00F00-00F6F              70           1
        SFR31            00F80-00FEF              70           1
        SFR4             00200-0021F              20           1
        SFR5             00280-0029F              20           1
        SFR6             00300-0031F              20           1
        SFR7             00380-0039F              20           1
        SFR8             00400-0041F              20           1
        SFR9             00480-0049F              20           1
        STRCODE          0181E-01B35             318           2
        STRING           0181E-01B35             100           2

                                  Symbol Table

??_CAL_AcPeriod            cstackCOMMON 00071
??_CAL_MtrCurrent          cstackBANK0  0005E
??_CAL_MtrError            cstackCOMMON 00071
??_CAL_MtrLevel            cstackCOMMON 00071
??_CAL_MtrSpeed            cstackBANK0  0005E
??_CAL_MtrTemp             cstackCOMMON 00071
??_CAL_TuneValue           cstackCOMMON 00073
??_COM_Ctrl                cstackBANK0  00050
??_COM_Ctrl2               cstackBANK0  00050
??_COM_Init                cstackCOMMON 00071
??_COM_Print               cstackCOMMON 0007B
??_E2P_RD                  cstackCOMMON 00075
??_E2P_ReadByte            cstackCOMMON 00071
??_E2P_WR                  cstackCOMMON 00076
??_E2P_WriteByte           cstackCOMMON 00072
??_H1M1S1_ADD              cstackCOMMON 00072
??_H1M1S1_SUB              cstackCOMMON 00072
??_H2M1S1_ADD              cstackCOMMON 00072
??_H3M1_ADD                cstackCOMMON 00074
??_INTSR                   cstackCOMMON 00070
??_MCU_Init                cstackCOMMON 00071
??_MCU_Refresh             cstackCOMMON 00071
??_MEM_Cmp                 cstackCOMMON 00073
??_MEM_Cpy                 cstackCOMMON 00076
??_MTR_Ctrl                cstackCOMMON 0007D
??_MTR_Driver              cstackBANK0  00067
??_MTR_Init                cstackCOMMON 00071
??_PID_CAL                 cstackBANK0  00052
??_PID_LIM                 cstackCOMMON 00075
??_REC_Faults              cstackCOMMON 00077
??_REC_SpeedWorking        cstackCOMMON 00077
??_REC_WorkingPower        cstackCOMMON 00071
??_REC_WorkingTemp         cstackCOMMON 00071
??_SQRT32                  cstackCOMMON 00075
??_SRL_Putc                cstackCOMMON 00071
??_SVC_Ctrl                cstackCOMMON 00079
??_SVC_GetTuneValue        cstackCOMMON 00071
??_SVC_Init                cstackCOMMON 00077
??_SVC_SetTuneValue        cstackCOMMON 00071
??_SVC_Timer               cstackCOMMON 00077
??_SYS_Ctrl                cstackCOMMON 00075
??_SYS_Init                cstackCOMMON 00071
??___lldiv                 cstackBANK0  00058
??___lmul                  cstackCOMMON 00079
??___lwdiv                 cstackCOMMON 00075
??___lwmod                 cstackCOMMON 00075
??___wmul                  cstackCOMMON 00075
??_main                    cstackBANK0  0006D
?_CAL_AcPeriod             cstackCOMMON 00070
?_CAL_MtrCurrent           cstackCOMMON 00070
?_CAL_MtrError             cstackCOMMON 00070
?_CAL_MtrLevel             cstackCOMMON 00070
?_CAL_MtrSpeed             cstackCOMMON 00070
?_CAL_MtrTemp              cstackCOMMON 00070
?_CAL_TuneValue            cstackCOMMON 00070
?_COM_Ctrl                 cstackCOMMON 00070
?_COM_Ctrl2                cstackCOMMON 00070
?_COM_Init                 cstackCOMMON 00070
?_COM_Print                cstackCOMMON 00079
?_E2P_RD                   cstackCOMMON 00072
?_E2P_ReadByte             cstackCOMMON 00070
?_E2P_WR                   cstackCOMMON 00073
?_E2P_WriteByte            cstackCOMMON 00071
?_H1M1S1_ADD               cstackCOMMON 00071
?_H1M1S1_SUB               cstackCOMMON 00071
?_H2M1S1_ADD               cstackCOMMON 00071
?_H3M1_ADD                 cstackCOMMON 00071
?_INTSR                    cstackCOMMON 00070
?_MCU_Init                 cstackCOMMON 00070
?_MCU_Refresh              cstackCOMMON 00070
?_MEM_Cmp                  cstackCOMMON 00071
?_MEM_Cpy                  cstackCOMMON 00071
?_MTR_Ctrl                 cstackCOMMON 00070
?_MTR_Driver               cstackCOMMON 00070
?_MTR_Init                 cstackCOMMON 00070
?_PID_CAL                  cstackBANK0  00050
?_PID_LIM                  cstackCOMMON 00071
?_REC_Faults               cstackCOMMON 00070
?_REC_SpeedWorking         cstackCOMMON 00070
?_REC_WorkingPower         cstackCOMMON 00070
?_REC_WorkingTemp          cstackCOMMON 00070
?_SQRT32                   cstackCOMMON 00071
?_SRL_Putc                 cstackCOMMON 00070
?_SVC_Ctrl                 cstackCOMMON 00070
?_SVC_GetTuneValue         cstackCOMMON 00070
?_SVC_Init                 cstackCOMMON 00070
?_SVC_SetTuneValue         cstackCOMMON 00070
?_SVC_Timer                cstackCOMMON 00070
?_SYS_Ctrl                 cstackCOMMON 00070
?_SYS_Init                 cstackCOMMON 00070
?___lldiv                  cstackBANK0  00050
?___lmul                   cstackCOMMON 00071
?___lwdiv                  cstackCOMMON 00071
?___lwmod                  cstackCOMMON 00071
?___wmul                   cstackCOMMON 00071
?_main                     cstackCOMMON 00070
CAL_AcPeriod@i             cstackCOMMON 00075
CAL_AcPeriod@t             cstackCOMMON 00076
CAL_AcPeriod@tmCRS         bssBANK1     000A8
CAL_MtrCurrent@n           cstackBANK0  00066
CAL_MtrCurrent@s           cstackBANK0  00062
CAL_MtrCurrent@tmOVC       bssBANK0     00028
CAL_MtrLevel@ad            cstackBANK0  00061
CAL_MtrLevel@ofs           cstackBANK0  00060
CAL_MtrSpeed@i             cstackBANK0  00066
CAL_MtrSpeed@j             cstackBANK0  00065
CAL_MtrSpeed@n             cstackBANK0  00064
CAL_MtrSpeed@t             cstackBANK0  00062
CAL_MtrSpeed@tmZSP         bssBANK1     000AA
CAL_MtrTemp@cnt            bssBANK0     00036
CAL_MtrTemp@er1            bssBANK0     00037
CAL_MtrTemp@err            bssBANK0     00038
CAL_MtrTemp@sum            bssBANK0     0002A
CAL_TuneValue@max          bssBANK0     00039
CAL_TuneValue@min          bssBANK0     0003A
CAL_TuneValue@state        bssBANK0     0003B
CAL_TuneValue@time         bssBANK0     0002C
COM_Ctrl2@t2               bssBANK0     0003C
COM_Ctrl@t                 bssBANK0     0003D
COM_Print@f                cstackCOMMON 0007B
COM_Print@n                cstackCOMMON 00079
E2P_RD@addr                cstackCOMMON 00076
E2P_RD@n                   cstackCOMMON 00074
E2P_RD@p                   cstackCOMMON 00072
E2P_ReadByte@addr          cstackCOMMON 00071
E2P_WR@addr                cstackCOMMON 00077
E2P_WR@n                   cstackCOMMON 00075
E2P_WR@p                   cstackCOMMON 00073
E2P_WriteByte@addr         cstackCOMMON 00072
E2P_WriteByte@byte         cstackCOMMON 00071
H1M1S1_ADD@p               cstackCOMMON 00073
H1M1S1_ADD@s               cstackCOMMON 00071
H1M1S1_SUB@p               cstackCOMMON 00073
H1M1S1_SUB@s               cstackCOMMON 00071
H2M1S1_ADD@p               cstackCOMMON 00073
H2M1S1_ADD@s               cstackCOMMON 00071
H3M1_ADD@m                 cstackCOMMON 00073
H3M1_ADD@p                 cstackCOMMON 00071
MEM_Cmp@n                  cstackCOMMON 00072
MEM_Cmp@p1                 cstackCOMMON 00075
MEM_Cmp@p2                 cstackCOMMON 00071
MEM_Cpy@n                  cstackCOMMON 00075
MEM_Cpy@p1                 cstackCOMMON 00071
MEM_Cpy@p2                 cstackCOMMON 00073
MTR_Driver@OLIM            bssBANK0     00020
MTR_Driver@SREG            bssBANK1     000C9
MTR_Driver@err             cstackBANK0  00069
MTR_Driver@max             cstackBANK0  0006B
MTR_Driver@sref            bssBANK0     0002E
MTR_Driver@state           bssBANK0     0003E
MTR_Driver@time            bssBANK0     0003F
PID_CAL@err                cstackBANK0  00050
PID_CAL@p                  cstackBANK0  00066
PID_CAL@tempd              cstackBANK0  00062
PID_CAL@tempi              cstackBANK0  0005E
PID_CAL@tempp              cstackBANK0  0005A
PID_LIM@max                cstackCOMMON 00073
PID_LIM@min                cstackCOMMON 00071
PID_LIM@p                  cstackCOMMON 00078
REC_Faults@fault           bssBANK0     00040
REC_SpeedWorking@cnLvl     bssBANK0     00041
REC_SpeedWorking@level     bssBANK0     00042
REC_SpeedWorking@lsLvl     bssBANK0     00043
REC_SpeedWorking@tmLvl     bssBANK0     0004C
REC_WorkingTemp@next       bssBANK0     00044
REC_WorkingTemp@temp       bssBANK0     00045
SQRT32@a                   cstackCOMMON 00071
SQRT32@divisor             cstackBANK0  00051
SQRT32@i                   cstackBANK0  00050
SQRT32@remainder           cstackBANK0  00055
SQRT32@root                cstackBANK0  00059
SRL_Putc@c                 cstackCOMMON 00072
SVC_Init@cmp               cstackCOMMON 0007A
SVC_SetTuneValue@value     cstackCOMMON 00072
SVC_Timer@tmSEC            bssBANK0     00046
SYS_Ctrl@time              bssBANK0     00024
_ADCON0                    (abs)        0009D
_ADCON1                    (abs)        0009E
_ANSELA                    (abs)        0018C
_ANSELB                    (abs)        0018D
_ANSELC                    (abs)        0018E
_APFCON0                   (abs)        0011D
_APFCON1                   (abs)        0011E
_BAUDCON                   (abs)        0019F
_CAL_AcPeriod              text1028     0155E
_CAL_MtrCurrent            text1009     0092D
_CAL_MtrError              text1027     00002
_CAL_MtrLevel              text1006     004F8
_CAL_MtrLevel$10904        cstackBANK0  00050
_CAL_MtrLevel$10905        cstackBANK0  00052
_CAL_MtrLevel$10906        cstackBANK0  00054
_CAL_MtrLevel$10907        cstackBANK0  00056
_CAL_MtrLevel$10908        cstackBANK0  00058
_CAL_MtrLevel$10909        cstackBANK0  0005A
_CAL_MtrLevel$10910        cstackBANK0  0005C
_CAL_MtrLevel$10911        cstackBANK0  0005E
_CAL_MtrSpeed              text1008     00ADA
_CAL_MtrTemp               text1030     01444
_CAL_TuneValue             text1005     00868
_CARRY                     (abs)        00018
_CFGS                      (abs)        00CAE
_CM1CON0                   (abs)        00111
_CM1CON1                   (abs)        00112
_CM2CON0                   (abs)        00113
_CM2CON1                   (abs)        00114
_COM_Ctrl                  text999      011B5
_COM_Ctrl2                 text998      0174E
_COM_Init                  text1037     01101
_COM_Print                 text1010     009FC
_CREN                      (abs)        00CEC
_DACCON0                   (abs)        00118
_DACCON1                   (abs)        00119
_E2P_RD                    text1004     01BC3
_E2P_ReadByte              text1033     01B42
_E2P_WR                    text1003     01CC8
_E2P_WriteByte             text1034     01B5B
_EEADR                     (abs)        00191
_EEADRL                    (abs)        00191
_EECON1                    (abs)        00195
_EECON2                    (abs)        00196
_EEDATA                    (abs)        00193
_EEDATL                    (abs)        00193
_EEPGD                     (abs)        00CAF
_FLT                       _FLT_text    01D00
_FLT_absaddr               (abs)        01D00
_FVRCON                    (abs)        00117
_GIE                       (abs)        0005F
_H1M1S1_ADD                text1021     01102
_H1M1S1_SUB                text1020     01C5A
_H2M1S1_ADD                text1019     012D0
_H3M1_ADD                  text1018     00804
_INLVLA                    (abs)        0038C
_INLVLB                    (abs)        0038D
_INLVLC                    (abs)        0038E
_INTSR                     intentry     00004
_LATA                      (abs)        0010C
_LATB                      (abs)        0010D
_LATC                      (abs)        0010E
_MCU_Init                  text1036     015F5
_MCU_Refresh               text1035     01C2C
_MEM_Cmp                   text1022     0113B
_MEM_Cpy                   text1023     01BA3
_MTR_Ctrl                  text993      01C07
_MTR_Driver                text994      00D23
_MTR_Init                  text1032     01B6D
_ODRA                      nvBANK1      000D9
_OSCCON                    (abs)        00099
_OSCTUNE                   (abs)        00098
_PEIE                      (abs)        0005E
_PID_CAL                   text1007     0033B
_PID_LIM                   text1026     0127F
_PIE1                      (abs)        00091
_PIE2                      (abs)        00092
_PIE3                      (abs)        00093
_PIE4                      (abs)        00094
_PIR1                      (abs)        00011
_PIR2                      (abs)        00012
_PIR3                      (abs)        00013
_PIR4                      (abs)        00014
_PR6                       (abs)        0041D
_RCSTA                     (abs)        0019D
_RD                        (abs)        00CA8
_REC_Faults                text1000     0169E
_REC_SpeedWorking          text1001     00E75
_REC_WorkingPower          text1017     00003
_REC_WorkingTemp           text1016     013DB
_SPBRGH                    (abs)        0019C
_SPBRGL                    (abs)        0019B
_SPEN                      (abs)        00CEF
_SQ8                       _SQ8_text    01E00
_SQ8_absaddr               (abs)        01E00
_SQRT32                    text1029     014CB
_SRL_Putc                  text1038     01B85
_SVC_Ctrl                  text995      00141
_SVC_GetTuneValue          text1025     00800
_SVC_Init                  text997      0068A
_SVC_SetTuneValue          text1024     01B4C
_SVC_Timer                 text1002     011F5
_SYS_Ctrl                  text996      00BF1
_SYS_Init                  text1031     01B36
_T1CON                     (abs)        00018
_T1GCON                    (abs)        00019
_T6CON                     (abs)        0041E
_TRISA                     (abs)        0008C
_TRISB                     (abs)        0008D
_TRISC                     (abs)        0008E
_TXEN                      (abs)        00CF5
_TXSTA                     (abs)        0019E
_WDTCON                    (abs)        00097
_WPUA                      (abs)        0020C
_WPUB                      (abs)        0020D
_WPUC                      (abs)        0020E
_WR                        (abs)        00CA9
_WREN                      (abs)        00CAA
__Babs1                    abs1         1E200
__Bbank0                   bank0        1E200
__Bbank1                   bank1        1E200
__Bbank10                  bank10       1E200
__Bbank11                  bank11       1E200
__Bbank12                  bank12       1E200
__Bbank13                  bank13       1E200
__Bbank14                  bank14       1E200
__Bbank15                  bank15       1E200
__Bbank16                  bank16       1E200
__Bbank17                  bank17       1E200
__Bbank18                  bank18       1E200
__Bbank19                  bank19       1E200
__Bbank2                   bank2        1E200
__Bbank20                  bank20       1E200
__Bbank21                  bank21       1E200
__Bbank22                  bank22       1E200
__Bbank23                  bank23       1E200
__Bbank24                  bank24       1E200
__Bbank25                  bank25       1E200
__Bbank26                  bank26       1E200
__Bbank27                  bank27       1E200
__Bbank28                  bank28       1E200
__Bbank29                  bank29       1E200
__Bbank3                   bank3        1E200
__Bbank30                  bank30       1E200
__Bbank31                  bank31       1E200
__Bbank4                   bank4        1E200
__Bbank5                   bank5        1E200
__Bbank6                   bank6        1E200
__Bbank7                   bank7        1E200
__Bbank8                   bank8        1E200
__Bbank9                   bank9        1E200
__Bbigram                  bigram       1E200
__BbssBANK0                bssBANK0     1E200
__BbssBANK1                bssBANK1     1E200
__BbssBANK3                bssBANK3     1E200
__BbssCOMMON               bssCOMMON    1E200
__Bcinit                   cinit        1E200
__Bclrtext                 clrtext      1E200
__Bcode                    code         1E200
__Bcommon                  common       1E200
__BcstackBANK0             cstackBANK0  1E200
__BcstackCOMMON            cstackCOMMON 1E200
__BdataBANK0               dataBANK0    1E200
__Beeprom_data             eeprom_data  0F000
__BidataBANK0              idataBANK0   1E200
__Bmaintext                maintext     1E200
__BnvBANK0                 nvBANK0      1E200
__BnvBANK1                 nvBANK1      1E200
__Bram                     ram          1E200
__Bsfr0                    sfr0         1E200
__Bsfr1                    sfr1         1E200
__Bsfr10                   sfr10        1E200
__Bsfr11                   sfr11        1E200
__Bsfr12                   sfr12        1E200
__Bsfr13                   sfr13        1E200
__Bsfr14                   sfr14        1E200
__Bsfr15                   sfr15        1E200
__Bsfr16                   sfr16        1E200
__Bsfr17                   sfr17        1E200
__Bsfr18                   sfr18        1E200
__Bsfr19                   sfr19        1E200
__Bsfr2                    sfr2         1E200
__Bsfr20                   sfr20        1E200
__Bsfr21                   sfr21        1E200
__Bsfr22                   sfr22        1E200
__Bsfr23                   sfr23        1E200
__Bsfr24                   sfr24        1E200
__Bsfr25                   sfr25        1E200
__Bsfr26                   sfr26        1E200
__Bsfr27                   sfr27        1E200
__Bsfr28                   sfr28        1E200
__Bsfr29                   sfr29        1E200
__Bsfr3                    sfr3         1E200
__Bsfr30                   sfr30        1E200
__Bsfr31                   sfr31        1E200
__Bsfr4                    sfr4         1E200
__Bsfr5                    sfr5         1E200
__Bsfr6                    sfr6         1E200
__Bsfr7                    sfr7         1E200
__Bsfr8                    sfr8         1E200
__Bsfr9                    sfr9         1E200
__Bstrings                 strings      1E200
__Bstringtext              stringtext   1E200
__Btext                    text         1E200
__H_FLT_text               _FLT_text    01E00
__H_SQ8_text               _SQ8_text    02000
__Habs1                    abs1         00200
__Hbank0                   bank0        00200
__Hbank1                   bank1        00200
__Hbank10                  bank10       00200
__Hbank11                  bank11       00200
__Hbank12                  bank12       00200
__Hbank13                  bank13       00200
__Hbank14                  bank14       00200
__Hbank15                  bank15       00200
__Hbank16                  bank16       00200
__Hbank17                  bank17       00200
__Hbank18                  bank18       00200
__Hbank19                  bank19       00200
__Hbank2                   bank2        00200
__Hbank20                  bank20       00200
__Hbank21                  bank21       00200
__Hbank22                  bank22       00200
__Hbank23                  bank23       00200
__Hbank24                  bank24       00200
__Hbank25                  bank25       00200
__Hbank26                  bank26       00200
__Hbank27                  bank27       00200
__Hbank28                  bank28       00200
__Hbank29                  bank29       00200
__Hbank3                   bank3        00200
__Hbank30                  bank30       00200
__Hbank31                  bank31       00200
__Hbank4                   bank4        00200
__Hbank5                   bank5        00200
__Hbank6                   bank6        00200
__Hbank7                   bank7        00200
__Hbank8                   bank8        00200
__Hbank9                   bank9        00200
__Hbigram                  bigram       00200
__HbssBANK0                bssBANK0     00200
__HbssBANK1                bssBANK1     00200
__HbssBANK3                bssBANK3     00200
__HbssCOMMON               bssCOMMON    00200
__Hcinit                   cinit        00200
__Hclrtext                 clrtext      00200
__Hcode                    code         00200
__Hcommon                  common       00200
__Hconfig                  config       08009
__HcstackBANK0             cstackBANK0  00200
__HcstackCOMMON            cstackCOMMON 00200
__HdataBANK0               dataBANK0    00200
__Heeprom_data             eeprom_data  00100
__Hend_init                end_init     00141
__Hfunctab                 functab      00000
__HidataBANK0              idataBANK0   00200
__Hidloc                   idloc        00000
__Hinit                    init         0013E
__Hintentry                intentry     0013E
__Hmaintext                maintext     00200
__HnvBANK0                 nvBANK0      00200
__HnvBANK1                 nvBANK1      00200
__Hpowerup                 powerup      00000
__Hram                     ram          00200
__Hreset_vec               reset_vec    00002
__Hsfr0                    sfr0         00200
__Hsfr1                    sfr1         00200
__Hsfr10                   sfr10        00200
__Hsfr11                   sfr11        00200
__Hsfr12                   sfr12        00200
__Hsfr13                   sfr13        00200
__Hsfr14                   sfr14        00200
__Hsfr15                   sfr15        00200
__Hsfr16                   sfr16        00200
__Hsfr17                   sfr17        00200
__Hsfr18                   sfr18        00200
__Hsfr19                   sfr19        00200
__Hsfr2                    sfr2         00200
__Hsfr20                   sfr20        00200
__Hsfr21                   sfr21        00200
__Hsfr22                   sfr22        00200
__Hsfr23                   sfr23        00200
__Hsfr24                   sfr24        00200
__Hsfr25                   sfr25        00200
__Hsfr26                   sfr26        00200
__Hsfr27                   sfr27        00200
__Hsfr28                   sfr28        00200
__Hsfr29                   sfr29        00200
__Hsfr3                    sfr3         00200
__Hsfr30                   sfr30        00200
__Hsfr31                   sfr31        00200
__Hsfr4                    sfr4         00200
__Hsfr5                    sfr5         00200
__Hsfr6                    sfr6         00200
__Hsfr7                    sfr7         00200
__Hsfr8                    sfr8         00200
__Hsfr9                    sfr9         00200
__Hstrings                 strings      00200
__Hstringtext              stringtext   00200
__Htext                    text         00200
__L_FLT_text               _FLT_text    01D00
__L_SQ8_text               _SQ8_text    01E00
__Labs1                    abs1         00200
__Lbank0                   bank0        00200
__Lbank1                   bank1        00200
__Lbank10                  bank10       00200
__Lbank11                  bank11       00200
__Lbank12                  bank12       00200
__Lbank13                  bank13       00200
__Lbank14                  bank14       00200
__Lbank15                  bank15       00200
__Lbank16                  bank16       00200
__Lbank17                  bank17       00200
__Lbank18                  bank18       00200
__Lbank19                  bank19       00200
__Lbank2                   bank2        00200
__Lbank20                  bank20       00200
__Lbank21                  bank21       00200
__Lbank22                  bank22       00200
__Lbank23                  bank23       00200
__Lbank24                  bank24       00200
__Lbank25                  bank25       00200
__Lbank26                  bank26       00200
__Lbank27                  bank27       00200
__Lbank28                  bank28       00200
__Lbank29                  bank29       00200
__Lbank3                   bank3        00200
__Lbank30                  bank30       00200
__Lbank31                  bank31       00200
__Lbank4                   bank4        00200
__Lbank5                   bank5        00200
__Lbank6                   bank6        00200
__Lbank7                   bank7        00200
__Lbank8                   bank8        00200
__Lbank9                   bank9        00200
__Lbigram                  bigram       00200
__LbssBANK0                bssBANK0     00200
__LbssBANK1                bssBANK1     00200
__LbssBANK3                bssBANK3     00200
__LbssCOMMON               bssCOMMON    00200
__Lcinit                   cinit        00200
__Lclrtext                 clrtext      00200
__Lcode                    code         00200
__Lcommon                  common       00200
__Lconfig                  config       08007
__LcstackBANK0             cstackBANK0  00200
__LcstackCOMMON            cstackCOMMON 00200
__LdataBANK0               dataBANK0    00200
__Leeprom_data             eeprom_data  00000
__Lend_init                end_init     0013E
__Lfunctab                 functab      00000
__LidataBANK0              idataBANK0   00200
__Lidloc                   idloc        00000
__Linit                    init         0013E
__Lintentry                intentry     00004
__Lmaintext                maintext     00200
__LnvBANK0                 nvBANK0      00200
__LnvBANK1                 nvBANK1      00200
__Lpowerup                 powerup      00000
__Lram                     ram          00200
__Lreset_vec               reset_vec    00000
__Lsfr0                    sfr0         00200
__Lsfr1                    sfr1         00200
__Lsfr10                   sfr10        00200
__Lsfr11                   sfr11        00200
__Lsfr12                   sfr12        00200
__Lsfr13                   sfr13        00200
__Lsfr14                   sfr14        00200
__Lsfr15                   sfr15        00200
__Lsfr16                   sfr16        00200
__Lsfr17                   sfr17        00200
__Lsfr18                   sfr18        00200
__Lsfr19                   sfr19        00200
__Lsfr2                    sfr2         00200
__Lsfr20                   sfr20        00200
__Lsfr21                   sfr21        00200
__Lsfr22                   sfr22        00200
__Lsfr23                   sfr23        00200
__Lsfr24                   sfr24        00200
__Lsfr25                   sfr25        00200
__Lsfr26                   sfr26        00200
__Lsfr27                   sfr27        00200
__Lsfr28                   sfr28        00200
__Lsfr29                   sfr29        00200
__Lsfr3                    sfr3         00200
__Lsfr30                   sfr30        00200
__Lsfr31                   sfr31        00200
__Lsfr4                    sfr4         00200
__Lsfr5                    sfr5         00200
__Lsfr6                    sfr6         00200
__Lsfr7                    sfr7         00200
__Lsfr8                    sfr8         00200
__Lsfr9                    sfr9         00200
__Lstrings                 strings      00200
__Lstringtext              stringtext   00200
__Ltext                    text         00200
__S0                       (abs)        08009
__S1                       (abs)        001B4
__S2                       (abs)        0F100
___lldiv                   text1011     01378
___lldiv@counter           cstackBANK0  0005D
___lldiv@dividend          cstackBANK0  00054
___lldiv@divisor           cstackBANK0  00050
___lldiv@quotient          cstackBANK0  00059
___lmul                    text1012     01C91
___lmul@multiplicand       cstackCOMMON 00075
___lmul@multiplier         cstackCOMMON 00071
___lmul@product            cstackCOMMON 00079
___lwdiv                   text1014     01239
___lwdiv@counter           cstackCOMMON 00078
___lwdiv@dividend          cstackCOMMON 00073
___lwdiv@divisor           cstackCOMMON 00071
___lwdiv@quotient          cstackCOMMON 00076
___lwmod                   text1013     01177
___lwmod@counter           cstackCOMMON 00076
___lwmod@dividend          cstackCOMMON 00073
___lwmod@divisor           cstackCOMMON 00071
___wmul                    text1015     01BE3
___wmul@multiplicand       cstackCOMMON 00073
___wmul@multiplier         cstackCOMMON 00071
___wmul@product            cstackCOMMON 00075
__end_of_CAL_AcPeriod      text1028     015F5
__end_of_CAL_MtrCurrent    text1009     009FC
__end_of_CAL_MtrError      text1027     00003
__end_of_CAL_MtrLevel      text1006     0068A
__end_of_CAL_MtrSpeed      text1008     00BF1
__end_of_CAL_MtrTemp       text1030     014CB
__end_of_CAL_TuneValue     text1005     0092D
__end_of_COM_Ctrl          text999      011F5
__end_of_COM_Ctrl2         text998      01800
__end_of_COM_Init          text1037     01102
__end_of_COM_Print         text1010     00ADA
__end_of_E2P_RD            text1004     01BE3
__end_of_E2P_ReadByte      text1033     01B4C
__end_of_E2P_WR            text1003     01D00
__end_of_E2P_WriteByte     text1034     01B6D
__end_of_H1M1S1_ADD        text1021     0113B
__end_of_H1M1S1_SUB        text1020     01C91
__end_of_H2M1S1_ADD        text1019     01324
__end_of_H3M1_ADD          text1018     00868
__end_of_INTSR             intentry     0013E
__end_of_MCU_Init          text1036     0169E
__end_of_MCU_Refresh       text1035     01C5A
__end_of_MEM_Cmp           text1022     01177
__end_of_MEM_Cpy           text1023     01BC3
__end_of_MTR_Ctrl          text993      01C2C
__end_of_MTR_Driver        text994      00E75
__end_of_MTR_Init          text1032     01B85
__end_of_PID_CAL           text1007     004F8
__end_of_PID_LIM           text1026     012D0
__end_of_REC_Faults        text1000     0174E
__end_of_REC_SpeedWorking  text1001     01000
__end_of_REC_WorkingPower  text1017     00004
__end_of_REC_WorkingTemp   text1016     01444
__end_of_SQRT32            text1029     0155E
__end_of_SRL_Putc          text1038     01BA3
__end_of_SVC_Ctrl          text995      0033B
__end_of_SVC_GetTuneValue  text1025     00804
__end_of_SVC_Init          text997      007DF
__end_of_SVC_SetTuneValue  text1024     01B5B
__end_of_SVC_Timer         text1002     01239
__end_of_SYS_Ctrl          text996      00D23
__end_of_SYS_Init          text1031     01B3C
__end_of___lldiv           text1011     013DB
__end_of___lmul            text1012     01CC8
__end_of___lwdiv           text1014     0127F
__end_of___lwmod           text1013     011B5
__end_of___wmul            text1015     01C07
__end_of_main              maintext     01378
__p_FLT_text               _FLT_text    01D00
__p_SQ8_text               _SQ8_text    01E00
__pbssBANK0                bssBANK0     00020
__pbssBANK1                bssBANK1     000A0
__pbssBANK3                bssBANK3     001A0
__pbssCOMMON               bssCOMMON    0007D
__pcstackBANK0             cstackBANK0  00050
__pcstackCOMMON            cstackCOMMON 00070
__pdataBANK0               dataBANK0    0006F
__pidataBANK0              idataBANK0   007FF
__pintentry                intentry     00004
__pmaintext                maintext     01324
__pnvBANK0                 nvBANK0      0006E
__pnvBANK1                 nvBANK1      000D9
__pstringtext              stringtext   01000
__pswtext1                 swtext1      01800
__pswtext2                 swtext2      01814
__ptext1000                text1000     0169E
__ptext1001                text1001     00E75
__ptext1002                text1002     011F5
__ptext1003                text1003     01CC8
__ptext1004                text1004     01BC3
__ptext1005                text1005     00868
__ptext1006                text1006     004F8
__ptext1007                text1007     0033B
__ptext1008                text1008     00ADA
__ptext1009                text1009     0092D
__ptext1010                text1010     009FC
__ptext1011                text1011     01378
__ptext1012                text1012     01C91
__ptext1013                text1013     01177
__ptext1014                text1014     01239
__ptext1015                text1015     01BE3
__ptext1016                text1016     013DB
__ptext1017                text1017     00003
__ptext1018                text1018     00804
__ptext1019                text1019     012D0
__ptext1020                text1020     01C5A
__ptext1021                text1021     01102
__ptext1022                text1022     0113B
__ptext1023                text1023     01BA3
__ptext1024                text1024     01B4C
__ptext1025                text1025     00800
__ptext1026                text1026     0127F
__ptext1027                text1027     00002
__ptext1028                text1028     0155E
__ptext1029                text1029     014CB
__ptext1030                text1030     01444
__ptext1031                text1031     01B36
__ptext1032                text1032     01B6D
__ptext1033                text1033     01B42
__ptext1034                text1034     01B5B
__ptext1035                text1035     01C2C
__ptext1036                text1036     015F5
__ptext1037                text1037     01101
__ptext1038                text1038     01B85
__ptext993                 text993      01C07
__ptext994                 text994      00D23
__ptext995                 text995      00141
__ptext996                 text996      00BF1
__ptext997                 text997      0068A
__ptext998                 text998      0174E
__ptext999                 text999      011B5
__size_of_CAL_AcPeriod     (abs)        00000
__size_of_CAL_MtrCurrent   (abs)        00000
__size_of_CAL_MtrError     (abs)        00000
__size_of_CAL_MtrLevel     (abs)        00000
__size_of_CAL_MtrSpeed     (abs)        00000
__size_of_CAL_MtrTemp      (abs)        00000
__size_of_CAL_TuneValue    (abs)        00000
__size_of_COM_Ctrl         (abs)        00000
__size_of_COM_Ctrl2        (abs)        00000
__size_of_COM_Init         (abs)        00000
__size_of_COM_Print        (abs)        00000
__size_of_E2P_RD           (abs)        00000
__size_of_E2P_ReadByte     (abs)        00000
__size_of_E2P_WR           (abs)        00000
__size_of_E2P_WriteByte    (abs)        00000
__size_of_H1M1S1_ADD       (abs)        00000
__size_of_H1M1S1_SUB       (abs)        00000
__size_of_H2M1S1_ADD       (abs)        00000
__size_of_H3M1_ADD         (abs)        00000
__size_of_INTSR            (abs)        00000
__size_of_MCU_Init         (abs)        00000
__size_of_MCU_Refresh      (abs)        00000
__size_of_MEM_Cmp          (abs)        00000
__size_of_MEM_Cpy          (abs)        00000
__size_of_MTR_Ctrl         (abs)        00000
__size_of_MTR_Driver       (abs)        00000
__size_of_MTR_Init         (abs)        00000
__size_of_PID_CAL          (abs)        00000
__size_of_PID_LIM          (abs)        00000
__size_of_REC_Faults       (abs)        00000
__size_of_REC_SpeedWorking (abs)        00000
__size_of_REC_WorkingPower (abs)        00000
__size_of_REC_WorkingTemp  (abs)        00000
__size_of_SQRT32           (abs)        00000
__size_of_SRL_Putc         (abs)        00000
__size_of_SVC_Ctrl         (abs)        00000
__size_of_SVC_GetTuneValue (abs)        00000
__size_of_SVC_Init         (abs)        00000
__size_of_SVC_SetTuneValue (abs)        00000
__size_of_SVC_Timer        (abs)        00000
__size_of_SYS_Ctrl         (abs)        00000
__size_of_SYS_Init         (abs)        00000
__size_of___lldiv          (abs)        00000
__size_of___lmul           (abs)        00000
__size_of___lwdiv          (abs)        00000
__size_of___lwmod          (abs)        00000
__size_of___wmul           (abs)        00000
__size_of_main             (abs)        00000
__stringtab                stringtext   01000
_acCrossEvent              bssBANK1     000B6
_acCrossIndex              bssBANK1     000B7
_acCrossTime               (abs)        00360
_acCrossWDT                bssBANK1     000B8
_acCycle                   bssBANK1     000AC
_acCycleFlag               bssBANK1     000B9
_acCycleHalf               bssBANK1     000BA
_ad2tpr                    stringtext   01001
_adCur2                    bssBANK1     000A0
_adCur2Buf                 bssBANK1     000A4
_adCurN                    bssBANK1     000BB
_adCurNBuf                 bssBANK1     000BC
_adNtc                     bssBANK1     000BD
_adVac                     bssBANK1     000BE
_adVrs                     bssBANK1     000BF
_autoWorkingTime           (abs)        00620
_e2pWrFlags                bssBANK0     00047
_enADC                     nvBANK1      000DA
_exit                      init         0013E
_faultCode                 (abs)        00520
_faultTimeStamp            (abs)        00530
_faultTotalCount           (abs)        00527
_idrTest0                  bssBANK1     000C0
_idrTest1                  bssBANK1     000C1
_keyWorkingTime            (abs)        00624
_lastSpeedSetting          (abs)        00420
_lastSpeedWorkingTime      (abs)        00428
_lastUseAvePower           (abs)        004A8
_lastUseMaxMotorTemp       (abs)        00558
_lastUseMaxPower           (abs)        004A0
_lastUseReadyTime          (abs)        004B0
_main                      maintext     01324
_maxMcuTemp                (abs)        00550
_maxMotorHistoryTemp       (abs)        00557
_mtrCurrent                bssBANK0     00030
_mtrError                  bssBANK0     00048
_mtrHallEvent              bssBANK1     000C2
_mtrHallIndex              bssBANK1     000C3
_mtrHallTime               (abs)        00320
_mtrHallWDT                bssBANK1     000C4
_mtrLevel                  bssCOMMON    0007D
_mtrSpeed                  bssBANK0     00032
_mtrSpeedRef               bssBANK0     00034
_mtrTemp                   nvBANK0      0006E
_pidKd                     bssBANK3     001A0
_pidKi                     bssBANK3     001A4
_pidKp                     bssBANK3     001A8
_powerOnTime               nvBANK1      000E0
_rxCNT                     bssBANK3     001AC
_rxFIFO                    (abs)        003C0
_rxRDP                     bssBANK3     001AD
_rxTIM                     bssBANK3     001AE
_rxWRP                     bssBANK3     001AF
_scnHall                   bssBANK1     000C5
_scnTest                   bssBANK1     000C6
_scnZero                   bssBANK1     000C7
_sysFault                  bssBANK0     00049
_sysLevel                  bssBANK0     0004A
_sysStatus                 bssBANK0     0004B
_sysTicks                  bssBANK1     000C8
_sysTimer                  bssBANK1     000AE
_tmADNTC                   nvBANK1      000DB
_tmADVAC                   nvBANK1      000DC
_tmADVRS                   nvBANK1      000DD
_tmTST0                    nvBANK1      000DE
_tmTST1                    nvBANK1      000DF
_tmTriac                   bssBANK1     000B0
_tmTriacOff                bssBANK1     000B2
_tmTriacOn                 bssBANK1     000B4
_totalAutoPressedCount     (abs)        00650
_totalInterlockOpenCount   (abs)        0065C
_totalKeyPressedCount      (abs)        00654
_totalNoInterlockTime      (abs)        00658
_totalPowerOnTime          (abs)        005A0
_totalSpeedWorkingTime     (abs)        00440
_totalStandbyTime          (abs)        005A4
_totalWorkingTime          (abs)        005A8
_tuneValue                 bssBANK0     0004F
_txCNT                     bssBANK3     001B0
_txFIFO                    (abs)        003A0
_txRDP                     bssBANK3     001B1
_txTIM                     bssBANK3     001B2
_txWRP                     bssBANK3     001B3
btemp                      (abs)        0007E
clear_ram                  clrtext      01B3C
end_of_initialization      cinit        007FC
intlevel0                  functab      00000
intlevel1                  functab      00000
intlevel2                  functab      00000
intlevel3                  functab      00000
intlevel4                  functab      00000
intlevel5                  functab      00000
main@offTime               dataBANK0    0006F
reset_vec                  reset_vec    00000
start                      init         0013E
start_initialization       cinit        007DF
wtemp0                     (abs)        0007E
