HI-TECH Software C Compiler 

Linker command line:

-W9 --edf=c:\Program Files (x86)\HI-TECH Software\PICC\9.83\dat\en_msgs.txt \
  -cs -h+_PrgPIC16F.sym -z -Q16F1829 -ol.obj -M_PrgPIC16F.map -E1 \
  -p_FLT_text=1D00h -p_SQ8_text=1E00h -ACONST=00h-0FFhx32 \
  -ACODE=00h-07FFhx3,01800h-01CFFh,01D00h-01DFFh,01E00h-01FFFh \
  -ASTRCODE=00h-01FFFh -AENTRY=00h-0FFhx32 -ASTRING=00h-0FFhx32 \
  -ABANK0=020h-06Fh -ABANK1=0A0h-0EFh -ABANK2=0120h-016Fh \
  -ABANK3=01A0h-01EFh -ABANK4=0220h-026Fh -ABANK5=02A0h-02EFh \
  -ABANK6=0320h-036Fh -ABANK7=03A0h-03EFh -ABANK8=0420h-046Fh \
  -ABANK9=04A0h-04EFh -ABANK10=0520h-056Fh -ABANK11=05A0h-05EFh \
  -ABANK12=0620h-064Fh -ABIGRAM=02000h-023EFh \
  -ARAM=020h-06Fh,0A0h-0EFh,0120h-016Fh,01A0h-01EFh,0220h-026Fh,02A0h-02EFh,0320h-036Fh,03A0h-03EFh,0420h-046Fh,04A0h-04EFh,0520h-056Fh,05A0h-05EFh,0620h-064Fh \
  -AABS1=020h-07Fh,0A0h-0EFh,0120h-016Fh,01A0h-01EFh,0220h-026Fh,02A0h-02EFh,0320h-036Fh,03A0h-03EFh,0420h-046Fh,04A0h-04EFh,0520h-056Fh,05A0h-05EFh,0620h-064Fh \
  -ACOMMON=070h-07Fh -ASFR0=00h-01Fh -ASFR1=080h-09Fh -ASFR2=0100h-011Fh \
  -ASFR3=0180h-019Fh -ASFR4=0200h-021Fh -ASFR5=0280h-029Fh \
  -ASFR6=0300h-031Fh -ASFR7=0380h-039Fh -ASFR8=0400h-041Fh \
  -ASFR9=0480h-049Fh -ASFR10=0500h-051Fh -ASFR11=0580h-059Fh \
  -ASFR12=0600h-061Fh -ASFR13=0680h-06EFh -ASFR14=0700h-076Fh \
  -ASFR15=0780h-07EFh -ASFR16=0800h-086Fh -ASFR17=0880h-08EFh \
  -ASFR18=0900h-096Fh -ASFR19=0980h-09EFh -ASFR20=0A00h-0A6Fh \
  -ASFR21=0A80h-0AEFh -ASFR22=0B00h-0B6Fh -ASFR23=0B80h-0BEFh \
  -ASFR24=0C00h-0C6Fh -ASFR25=0C80h-0CEFh -ASFR26=0D00h-0D6Fh \
  -ASFR27=0D80h-0DEFh -ASFR28=0E00h-0E6Fh -ASFR29=0E80h-0EEFh \
  -ASFR30=0F00h-0F6Fh -ASFR31=0F80h-0FEFh \
  -preset_vec=00h,intentry=04h,init,end_init -ppowerup=CODE -pfunctab=CODE \
  -ACONFIG=08007h-08008h -pconfig=CONFIG -DCONFIG=2 -AIDLOC=08000h-08003h \
  -pidloc=IDLOC -DIDLOC=2 -AEEDATA=00h-0FFh/0F000h -peeprom_data=EEDATA \
  -DEEDATA=2 -DCODE=2 -DSTRCODE=2 -DSTRING=2 -DCONST=2 -DENTRY=2 -k \
  C:\Users\liyachen\AppData\Local\Temp\sq4g.obj _PrgPIC16F.obj 

Object code version is 3.10

Machine type is 16F1829



                Name                               Link     Load   Length Selector   Space Scale
C:\Users\liyachen\AppData\Local\Temp\sq4g.obj
                end_init                            13E      13E        3        8       0
                reset_vec                             0        0        2        0       0
_PrgPIC16F.obj  intentry                              4        4      13A        8       0
                config                             8007     8007        2    1000E       0
                text596                             BC9      BC9       1E     1792       0
                text595                             7FE      7FE        1        8       0
                text594                             EDE      EDE       8F     1DBC       0
                text593                             C59      C59       2E     18B2       0
                text592                             BAE      BAE        9     175C       0
                text591                             BA9      BA9        5     1752       0
                swtext1                             800      800       14     1000       0
                text590                             141      141      221        8       0
                text589                             785      785       73        8       0
                text588                             F6D      F6D       93     1EDA       0
                text587                             E61      E61       7D     1CC2       0
                text586                             D42      D42       51     1A84       0
                text585                             BE7      BE7       24     17CE       0
                text584                             CFC      CFC       46     19F8       0
                text583                             CBE      CBE       3E     197C       0
                text582                             C87      C87       37     190E       0
                text581                             D93      D93       63     1B26       0
                text580                             464      464       DE        8       0
                text579                             542      542       D3        8       0
                text578                             6DD      6DD       A8        8       0
                text577                             615      615       C8        8       0
                text576                             DF6      DF6       6B     1BEC       0
                text575                             362      362      102        8       0
                text574                             BB7      BB7       12     176E       0
                maintext                            C2F      C2F       2A     185E       0
                cstackBANK0                          4A       4A       1A       20       1
                cstackCOMMON                         70       70        D       70       1
                clrtext                             7F8      7F8        6        8       0
                bssBANK3                            1A0      1A0       48      1A0       1
                bssBANK2                            120      120       50      120       1
                bssBANK1                             A0       A0       25       A0       1
                bssBANK0                             20       20       2A       20       1
                bssCOMMON                            7D       7D        1       70       1
                cinit                               C0B      C0B       24     1816       0
                nvBANK1                              C5       C5        7       A0       1
                _FLT_text                          1D00     1D00      100     3A00       0
                _SQ8_text                          1E00     1E00      200     3C00       0

TOTAL           Name                               Link     Load   Length     Space
        CLASS   CONST          
                swtext1                             800      800       14         0

        CLASS   CODE           
                end_init                            13E      13E        3         0
                intentry                              4        4      13A         0
                reset_vec                             0        0        2         0
                text596                             BC9      BC9       1E         0
                text595                             7FE      7FE        1         0
                text594                             EDE      EDE       8F         0
                text593                             C59      C59       2E         0
                text592                             BAE      BAE        9         0
                text591                             BA9      BA9        5         0
                text590                             141      141      221         0
                text589                             785      785       73         0
                text588                             F6D      F6D       93         0
                text587                             E61      E61       7D         0
                text586                             D42      D42       51         0
                text585                             BE7      BE7       24         0
                text584                             CFC      CFC       46         0
                text583                             CBE      CBE       3E         0
                text582                             C87      C87       37         0
                text581                             D93      D93       63         0
                text580                             464      464       DE         0
                text579                             542      542       D3         0
                text578                             6DD      6DD       A8         0
                text577                             615      615       C8         0
                text576                             DF6      DF6       6B         0
                text575                             362      362      102         0
                text574                             BB7      BB7       12         0
                maintext                            C2F      C2F       2A         0
                clrtext                             7F8      7F8        6         0
                cinit                               C0B      C0B       24         0
                _FLT_text                          1D00     1D00      100         0
                _SQ8_text                          1E00     1E00      200         0

        CLASS   STRCODE        

        CLASS   ENTRY          

        CLASS   STRING         

        CLASS   BANK0          
                cstackBANK0                          4A       4A       1A         1
                bssBANK0                             20       20       2A         1

        CLASS   BANK1          
                bssBANK1                             A0       A0       25         1
                nvBANK1                              C5       C5        7         1

        CLASS   BANK2          
                bssBANK2                            120      120       50         1

        CLASS   BANK3          
                bssBANK3                            1A0      1A0       48         1

        CLASS   BANK4          

        CLASS   BANK5          

        CLASS   BANK6          

        CLASS   BANK7          

        CLASS   BANK8          

        CLASS   BANK9          

        CLASS   BANK10         

        CLASS   BANK11         

        CLASS   BANK12         

        CLASS   BIGRAM         

        CLASS   RAM            

        CLASS   ABS1           
                abs_s1                               7E       7E        2         1

        CLASS   COMMON         
                cstackCOMMON                         70       70        D         1
                bssCOMMON                            7D       7D        1         1

        CLASS   SFR0           

        CLASS   SFR1           

        CLASS   SFR2           

        CLASS   SFR3           

        CLASS   SFR4           

        CLASS   SFR5           

        CLASS   SFR6           

        CLASS   SFR7           

        CLASS   SFR8           

        CLASS   SFR9           

        CLASS   SFR10          

        CLASS   SFR11          

        CLASS   SFR12          

        CLASS   SFR13          

        CLASS   SFR14          

        CLASS   SFR15          

        CLASS   SFR16          

        CLASS   SFR17          

        CLASS   SFR18          

        CLASS   SFR19          

        CLASS   SFR20          

        CLASS   SFR21          

        CLASS   SFR22          

        CLASS   SFR23          

        CLASS   SFR24          

        CLASS   SFR25          

        CLASS   SFR26          

        CLASS   SFR27          

        CLASS   SFR28          

        CLASS   SFR29          

        CLASS   SFR30          

        CLASS   SFR31          

        CLASS   CONFIG         
                config                             8007     8007        2         0

        CLASS   IDLOC          

        CLASS   EEDATA         

        CLASS   BANK31         

        CLASS   BANK30         

        CLASS   BANK29         

        CLASS   BANK28         

        CLASS   BANK27         

        CLASS   BANK26         

        CLASS   BANK25         

        CLASS   BANK24         

        CLASS   BANK23         

        CLASS   BANK22         

        CLASS   BANK21         

        CLASS   BANK20         

        CLASS   BANK19         

        CLASS   BANK18         

        CLASS   BANK17         

        CLASS   BANK16         

        CLASS   BANK15         

        CLASS   BANK14         

        CLASS   BANK13         



SEGMENTS        Name                           Load    Length   Top    Selector   Space  Class     Delta

                reset_vec                      000000  000002  000002         0       0  CODE        2
                intentry                       000004  0007FB  0007FF         8       0  CODE        2
                bssBANK0                       000020  000044  000064        20       1  BANK0       1
                cstackCOMMON                   000070  00000E  00007E        70       1  COMMON      1
                bssBANK1                       0000A0  00002C  0000CC        A0       1  BANK1       1
                bssBANK2                       000120  000050  000170       120       1  BANK2       1
                bssBANK3                       0001A0  000048  0001E8       1A0       1  BANK3       1
                swtext1                        000800  000014  000814      1000       0  CONST       2
                text591                        000BA9  000005  000BAE      1752       0  CODE        2
                text592                        000BAE  000009  000BB7      175C       0  CODE        2
                text574                        000BB7  000012  000BC9      176E       0  CODE        2
                text596                        000BC9  00001E  000BE7      1792       0  CODE        2
                text585                        000BE7  000024  000C0B      17CE       0  CODE        2
                cinit                          000C0B  000024  000C2F      1816       0  CODE        2
                maintext                       000C2F  00002A  000C59      185E       0  CODE        2
                text593                        000C59  00002E  000C87      18B2       0  CODE        2
                text582                        000C87  000037  000CBE      190E       0  CODE        2
                text583                        000CBE  00003E  000CFC      197C       0  CODE        2
                text584                        000CFC  000046  000D42      19F8       0  CODE        2
                text586                        000D42  000051  000D93      1A84       0  CODE        2
                text581                        000D93  000063  000DF6      1B26       0  CODE        2
                text576                        000DF6  00006B  000E61      1BEC       0  CODE        2
                text587                        000E61  00007D  000EDE      1CC2       0  CODE        2
                text594                        000EDE  00008F  000F6D      1DBC       0  CODE        2
                text588                        000F6D  000093  001000      1EDA       0  CODE        2
                _FLT_text                      001D00  000100  001E00      3A00       0  CODE        2
                _SQ8_text                      001E00  000200  002000      3C00       0  CODE        2
                config                         008007  000002  008009     1000E       0  CONFIG      2


UNUSED ADDRESS RANGES

        Name                Unused          Largest block    Delta
        BANK0            00064-0006F               C           1
        BANK1            000CC-000EF              24           1
        BANK10           00520-0056F              50           1
        BANK11           005A0-005EF              50           1
        BANK12           00620-0064F              30           1
        BANK3            001E8-001EF               8           1
        BANK4            00220-0026F              50           1
        BANK5            002A0-002EF              50           1
        BANK6            00320-0036F              50           1
        BANK7            003A0-003EF              50           1
        BANK8            00420-0046F              50           1
        BANK9            004A0-004EF              50           1
        BIGRAM           02000-023EF             3F0           1
        CODE             00002-00003               2           2
                         007FF-007FF               1
                         00814-00BA8             395
                         01000-01CFF             800
        CONST            00002-00003               2           2
                         007FF-007FF               1
                         00814-00BA8             100
                         01000-01CFF             100
        EEDATA           0F000-0F0FF             100           2
        ENTRY            00002-00003               2           2
                         007FF-007FF               1
                         00814-00BA8             100
                         01000-01CFF             100
        IDLOC            08000-08003               4           2
        RAM              00064-0006F               C           1
                         000CC-000EF              24
                         001E8-001EF               8
                         00220-0026F              50
                         002A0-002EF              50
                         00320-0036F              50
                         003A0-003EF              50
                         00420-0046F              50
                         004A0-004EF              50
                         00520-0056F              50
                         005A0-005EF              50
                         00620-0064F              30
        SFR0             00000-0001F              20           1
        SFR1             00080-0009F              20           1
        SFR10            00500-0051F              20           1
        SFR11            00580-0059F              20           1
        SFR12            00600-0061F              20           1
        SFR13            00680-006EF              70           1
        SFR14            00700-0076F              70           1
        SFR15            00780-007EF              70           1
        SFR16            00800-0086F              70           1
        SFR17            00880-008EF              70           1
        SFR18            00900-0096F              70           1
        SFR19            00980-009EF              70           1
        SFR2             00100-0011F              20           1
        SFR20            00A00-00A6F              70           1
        SFR21            00A80-00AEF              70           1
        SFR22            00B00-00B6F              70           1
        SFR23            00B80-00BEF              70           1
        SFR24            00C00-00C6F              70           1
        SFR25            00C80-00CEF              70           1
        SFR26            00D00-00D6F              70           1
        SFR27            00D80-00DEF              70           1
        SFR28            00E00-00E6F              70           1
        SFR29            00E80-00EEF              70           1
        SFR3             00180-0019F              20           1
        SFR30            00F00-00F6F              70           1
        SFR31            00F80-00FEF              70           1
        SFR4             00200-0021F              20           1
        SFR5             00280-0029F              20           1
        SFR6             00300-0031F              20           1
        SFR7             00380-0039F              20           1
        SFR8             00400-0041F              20           1
        SFR9             00480-0049F              20           1
        STRCODE          00002-00003               2           2
                         007FF-007FF               1
                         00814-00BA8             395
                         01000-01CFF             D00
        STRING           00002-00003               2           2
                         007FF-007FF               1
                         00814-00BA8             100
                         01000-01CFF             100

                                  Symbol Table

??_CAL_AcPeriod          cstackCOMMON 00071
??_CAL_MtrCurrent        cstackBANK0  00058
??_CAL_MtrError          cstackCOMMON 00071
??_CAL_MtrSpeed          cstackBANK0  00058
??_COM_Ctrl              cstackBANK0  0004A
??_COM_Init              cstackCOMMON 00071
??_COM_Print             cstackCOMMON 0007B
??_INTSR                 cstackCOMMON 00070
??_MCU_Init              cstackCOMMON 00071
??_MCU_Refresh           cstackCOMMON 00071
??_MTR_Ctrl              cstackCOMMON 0007D
??_MTR_Driver            cstackBANK0  00053
??_MTR_Init              cstackCOMMON 00071
??_PI_CAL                cstackBANK0  0004C
??_PI_LIM                cstackCOMMON 00075
??_SQRT32                cstackCOMMON 00075
??_SRL_Putc              cstackCOMMON 00071
??_SYS_Ctrl              cstackCOMMON 00071
??_SYS_Init              cstackCOMMON 00071
??___lldiv               cstackBANK0  00052
??___lmul                cstackCOMMON 00079
??___lwdiv               cstackCOMMON 00075
??___lwmod               cstackCOMMON 00075
??___wmul                cstackCOMMON 00075
??_main                  cstackCOMMON 0007D
?_CAL_AcPeriod           cstackCOMMON 00070
?_CAL_MtrCurrent         cstackCOMMON 00070
?_CAL_MtrError           cstackCOMMON 00070
?_CAL_MtrSpeed           cstackCOMMON 00070
?_COM_Ctrl               cstackCOMMON 00070
?_COM_Init               cstackCOMMON 00070
?_COM_Print              cstackCOMMON 00079
?_INTSR                  cstackCOMMON 00070
?_MCU_Init               cstackCOMMON 00070
?_MCU_Refresh            cstackCOMMON 00070
?_MTR_Ctrl               cstackCOMMON 00070
?_MTR_Driver             cstackCOMMON 00070
?_MTR_Init               cstackCOMMON 00070
?_PI_CAL                 cstackBANK0  0004A
?_PI_LIM                 cstackCOMMON 00071
?_SQRT32                 cstackCOMMON 00071
?_SRL_Putc               cstackCOMMON 00070
?_SYS_Ctrl               cstackCOMMON 00070
?_SYS_Init               cstackCOMMON 00070
?___lldiv                cstackBANK0  0004A
?___lmul                 cstackCOMMON 00071
?___lwdiv                cstackCOMMON 00071
?___lwmod                cstackCOMMON 00071
?___wmul                 cstackCOMMON 00071
?_main                   cstackCOMMON 00070
CAL_AcPeriod@i           cstackCOMMON 00075
CAL_AcPeriod@t           cstackCOMMON 00076
CAL_MtrCurrent@n         cstackBANK0  00060
CAL_MtrCurrent@s         cstackBANK0  0005C
CAL_MtrError@tmErr1      bssBANK0     0002A
CAL_MtrError@tmErr2      bssBANK0     00020
CAL_MtrError@tmErr3      bssBANK0     00022
CAL_MtrError@tmErr4      bssBANK0     0002B
CAL_MtrSpeed@i           cstackBANK0  00060
CAL_MtrSpeed@j           cstackBANK0  0005F
CAL_MtrSpeed@n           cstackBANK0  0005E
CAL_MtrSpeed@t           cstackBANK0  0005C
COM_Ctrl@t               bssBANK0     0002C
COM_Print@f              cstackCOMMON 0007B
COM_Print@n              cstackCOMMON 00079
MTR_Driver@IREG          bssBANK0     00032
MTR_Driver@SREG          bssBANK0     0003E
MTR_Driver@max           cstackBANK0  00055
MTR_Driver@state         bssBANK0     0002D
PI_CAL@err               cstackBANK0  0004A
PI_CAL@p                 cstackBANK0  00052
PI_LIM@max               cstackCOMMON 00073
PI_LIM@min               cstackCOMMON 00071
PI_LIM@p                 cstackCOMMON 00078
SQRT32@a                 cstackCOMMON 00071
SQRT32@divisor           cstackBANK0  0004B
SQRT32@i                 cstackBANK0  0004A
SQRT32@remainder         cstackBANK0  0004F
SQRT32@root              cstackBANK0  00053
SRL_Putc@c               cstackCOMMON 00072
SYS_Ctrl@time            bssBANK0     0002E
_ADCON0                  (abs)        0009D
_ADCON1                  (abs)        0009E
_ANSELA                  (abs)        0018C
_ANSELB                  (abs)        0018D
_ANSELC                  (abs)        0018E
_APFCON0                 (abs)        0011D
_APFCON1                 (abs)        0011E
_BAUDCON                 (abs)        0019F
_CAL_AcPeriod            text589      00785
_CAL_MtrCurrent          text578      006DD
_CAL_MtrError            text587      00E61
_CAL_MtrSpeed            text579      00542
_CARRY                   (abs)        00018
_CM1CON0                 (abs)        00111
_CM1CON1                 (abs)        00112
_CM2CON0                 (abs)        00113
_CM2CON1                 (abs)        00114
_COM_Ctrl                text576      00DF6
_COM_Init                text595      007FE
_COM_Print               text580      00464
_CREN                    (abs)        00CEC
_DACCON0                 (abs)        00118
_DACCON1                 (abs)        00119
_EEADR                   (abs)        00191
_EECON1                  (abs)        00195
_EECON2                  (abs)        00196
_EEDATA                  (abs)        00193
_FLT                     _FLT_text    01D00
_FLT_absaddr             (abs)        01D00
_FVRCON                  (abs)        00117
_GIE                     (abs)        0005F
_INLVLA                  (abs)        0038C
_INLVLB                  (abs)        0038D
_INLVLC                  (abs)        0038E
_INTSR                   intentry     00004
_LATA                    (abs)        0010C
_LATB                    (abs)        0010D
_LATB6                   (abs)        0086E
_LATC                    (abs)        0010E
_MCU_Init                text594      00EDE
_MCU_Refresh             text593      00C59
_MTR_Ctrl                text574      00BB7
_MTR_Driver              text575      00362
_MTR_Init                text592      00BAE
_ODRA                    nvBANK1      000C5
_OSCCON                  (abs)        00099
_OSCTUNE                 (abs)        00098
_PEIE                    (abs)        0005E
_PIE1                    (abs)        00091
_PIE2                    (abs)        00092
_PIE3                    (abs)        00093
_PIE4                    (abs)        00094
_PIR1                    (abs)        00011
_PIR2                    (abs)        00012
_PIR3                    (abs)        00013
_PIR4                    (abs)        00014
_PI_CAL                  text577      00615
_PI_LIM                  text586      00D42
_PR6                     (abs)        0041D
_RCSTA                   (abs)        0019D
_RD                      (abs)        00CA8
_SPBRGH                  (abs)        0019C
_SPBRGL                  (abs)        0019B
_SPEN                    (abs)        00CEF
_SQ8                     _SQ8_text    01E00
_SQ8_absaddr             (abs)        01E00
_SQRT32                  text588      00F6D
_SRL_Putc                text596      00BC9
_SYS_Ctrl                text590      00141
_SYS_Ctrl$10865          cstackBANK0  0004A
_SYS_Ctrl$10866          cstackBANK0  0004C
_SYS_Ctrl$10867          cstackBANK0  0004E
_SYS_Ctrl$10868          cstackBANK0  00050
_SYS_Ctrl$10869          cstackBANK0  00052
_SYS_Ctrl$10870          cstackBANK0  00054
_SYS_Ctrl$10871          cstackBANK0  00056
_SYS_Ctrl$10872          cstackBANK0  00058
_SYS_Init                text591      00BA9
_T1CON                   (abs)        00018
_T1GCON                  (abs)        00019
_T6CON                   (abs)        0041E
_TRISA                   (abs)        0008C
_TRISB                   (abs)        0008D
_TRISC                   (abs)        0008E
_TXEN                    (abs)        00CF5
_TXSTA                   (abs)        0019E
_WDTCON                  (abs)        00097
_WPUA                    (abs)        0020C
_WPUB                    (abs)        0020D
_WPUC                    (abs)        0020E
_WR                      (abs)        00CA9
_WREN                    (abs)        00CAA
__H_FLT_text             _FLT_text    01E00
__H_SQ8_text             _SQ8_text    02000
__Habs1                  abs1         00000
__Hbank0                 bank0        00000
__Hbank1                 bank1        00000
__Hbank10                bank10       00000
__Hbank11                bank11       00000
__Hbank12                bank12       00000
__Hbank13                bank13       00000
__Hbank14                bank14       00000
__Hbank15                bank15       00000
__Hbank16                bank16       00000
__Hbank17                bank17       00000
__Hbank18                bank18       00000
__Hbank19                bank19       00000
__Hbank2                 bank2        00000
__Hbank20                bank20       00000
__Hbank21                bank21       00000
__Hbank22                bank22       00000
__Hbank23                bank23       00000
__Hbank24                bank24       00000
__Hbank25                bank25       00000
__Hbank26                bank26       00000
__Hbank27                bank27       00000
__Hbank28                bank28       00000
__Hbank29                bank29       00000
__Hbank3                 bank3        00000
__Hbank30                bank30       00000
__Hbank31                bank31       00000
__Hbank4                 bank4        00000
__Hbank5                 bank5        00000
__Hbank6                 bank6        00000
__Hbank7                 bank7        00000
__Hbank8                 bank8        00000
__Hbank9                 bank9        00000
__Hbigram                bigram       00000
__HbssBANK0              bssBANK0     00000
__HbssBANK1              bssBANK1     00000
__HbssBANK2              bssBANK2     00000
__HbssBANK3              bssBANK3     00000
__HbssCOMMON             bssCOMMON    00000
__Hcinit                 cinit        00000
__Hclrtext               clrtext      00000
__Hcode                  code         00000
__Hcommon                common       00000
__Hconfig                config       08009
__HcstackBANK0           cstackBANK0  00000
__HcstackCOMMON          cstackCOMMON 00000
__Heeprom_data           eeprom_data  00000
__Hend_init              end_init     00141
__Hfunctab               functab      00000
__Hidloc                 idloc        00000
__Hinit                  init         0013E
__Hintentry              intentry     0013E
__Hmaintext              maintext     00000
__HnvBANK1               nvBANK1      00000
__Hpowerup               powerup      00000
__Hram                   ram          00000
__Hreset_vec             reset_vec    00002
__Hsfr0                  sfr0         00000
__Hsfr1                  sfr1         00000
__Hsfr10                 sfr10        00000
__Hsfr11                 sfr11        00000
__Hsfr12                 sfr12        00000
__Hsfr13                 sfr13        00000
__Hsfr14                 sfr14        00000
__Hsfr15                 sfr15        00000
__Hsfr16                 sfr16        00000
__Hsfr17                 sfr17        00000
__Hsfr18                 sfr18        00000
__Hsfr19                 sfr19        00000
__Hsfr2                  sfr2         00000
__Hsfr20                 sfr20        00000
__Hsfr21                 sfr21        00000
__Hsfr22                 sfr22        00000
__Hsfr23                 sfr23        00000
__Hsfr24                 sfr24        00000
__Hsfr25                 sfr25        00000
__Hsfr26                 sfr26        00000
__Hsfr27                 sfr27        00000
__Hsfr28                 sfr28        00000
__Hsfr29                 sfr29        00000
__Hsfr3                  sfr3         00000
__Hsfr30                 sfr30        00000
__Hsfr31                 sfr31        00000
__Hsfr4                  sfr4         00000
__Hsfr5                  sfr5         00000
__Hsfr6                  sfr6         00000
__Hsfr7                  sfr7         00000
__Hsfr8                  sfr8         00000
__Hsfr9                  sfr9         00000
__Hstrings               strings      00000
__Htext                  text         00000
__L_FLT_text             _FLT_text    01D00
__L_SQ8_text             _SQ8_text    01E00
__Labs1                  abs1         00000
__Lbank0                 bank0        00000
__Lbank1                 bank1        00000
__Lbank10                bank10       00000
__Lbank11                bank11       00000
__Lbank12                bank12       00000
__Lbank13                bank13       00000
__Lbank14                bank14       00000
__Lbank15                bank15       00000
__Lbank16                bank16       00000
__Lbank17                bank17       00000
__Lbank18                bank18       00000
__Lbank19                bank19       00000
__Lbank2                 bank2        00000
__Lbank20                bank20       00000
__Lbank21                bank21       00000
__Lbank22                bank22       00000
__Lbank23                bank23       00000
__Lbank24                bank24       00000
__Lbank25                bank25       00000
__Lbank26                bank26       00000
__Lbank27                bank27       00000
__Lbank28                bank28       00000
__Lbank29                bank29       00000
__Lbank3                 bank3        00000
__Lbank30                bank30       00000
__Lbank31                bank31       00000
__Lbank4                 bank4        00000
__Lbank5                 bank5        00000
__Lbank6                 bank6        00000
__Lbank7                 bank7        00000
__Lbank8                 bank8        00000
__Lbank9                 bank9        00000
__Lbigram                bigram       00000
__LbssBANK0              bssBANK0     00000
__LbssBANK1              bssBANK1     00000
__LbssBANK2              bssBANK2     00000
__LbssBANK3              bssBANK3     00000
__LbssCOMMON             bssCOMMON    00000
__Lcinit                 cinit        00000
__Lclrtext               clrtext      00000
__Lcode                  code         00000
__Lcommon                common       00000
__Lconfig                config       08007
__LcstackBANK0           cstackBANK0  00000
__LcstackCOMMON          cstackCOMMON 00000
__Leeprom_data           eeprom_data  00000
__Lend_init              end_init     0013E
__Lfunctab               functab      00000
__Lidloc                 idloc        00000
__Linit                  init         0013E
__Lintentry              intentry     00004
__Lmaintext              maintext     00000
__LnvBANK1               nvBANK1      00000
__Lpowerup               powerup      00000
__Lram                   ram          00000
__Lreset_vec             reset_vec    00000
__Lsfr0                  sfr0         00000
__Lsfr1                  sfr1         00000
__Lsfr10                 sfr10        00000
__Lsfr11                 sfr11        00000
__Lsfr12                 sfr12        00000
__Lsfr13                 sfr13        00000
__Lsfr14                 sfr14        00000
__Lsfr15                 sfr15        00000
__Lsfr16                 sfr16        00000
__Lsfr17                 sfr17        00000
__Lsfr18                 sfr18        00000
__Lsfr19                 sfr19        00000
__Lsfr2                  sfr2         00000
__Lsfr20                 sfr20        00000
__Lsfr21                 sfr21        00000
__Lsfr22                 sfr22        00000
__Lsfr23                 sfr23        00000
__Lsfr24                 sfr24        00000
__Lsfr25                 sfr25        00000
__Lsfr26                 sfr26        00000
__Lsfr27                 sfr27        00000
__Lsfr28                 sfr28        00000
__Lsfr29                 sfr29        00000
__Lsfr3                  sfr3         00000
__Lsfr30                 sfr30        00000
__Lsfr31                 sfr31        00000
__Lsfr4                  sfr4         00000
__Lsfr5                  sfr5         00000
__Lsfr6                  sfr6         00000
__Lsfr7                  sfr7         00000
__Lsfr8                  sfr8         00000
__Lsfr9                  sfr9         00000
__Lstrings               strings      00000
__Ltext                  text         00000
__S0                     (abs)        08009
__S1                     (abs)        001E8
__S2                     (abs)        00000
___lldiv                 text581      00D93
___lldiv@counter         cstackBANK0  00057
___lldiv@dividend        cstackBANK0  0004E
___lldiv@divisor         cstackBANK0  0004A
___lldiv@quotient        cstackBANK0  00053
___lmul                  text582      00C87
___lmul@multiplicand     cstackCOMMON 00075
___lmul@multiplier       cstackCOMMON 00071
___lmul@product          cstackCOMMON 00079
___lwdiv                 text584      00CFC
___lwdiv@counter         cstackCOMMON 00078
___lwdiv@dividend        cstackCOMMON 00073
___lwdiv@divisor         cstackCOMMON 00071
___lwdiv@quotient        cstackCOMMON 00076
___lwmod                 text583      00CBE
___lwmod@counter         cstackCOMMON 00076
___lwmod@dividend        cstackCOMMON 00073
___lwmod@divisor         cstackCOMMON 00071
___wmul                  text585      00BE7
___wmul@multiplicand     cstackCOMMON 00073
___wmul@multiplier       cstackCOMMON 00071
___wmul@product          cstackCOMMON 00075
__end_of_CAL_AcPeriod    text589      007F8
__end_of_CAL_MtrCurrent  text578      00785
__end_of_CAL_MtrError    text587      00EDE
__end_of_CAL_MtrSpeed    text579      00615
__end_of_COM_Ctrl        text576      00E61
__end_of_COM_Init        text595      007FF
__end_of_COM_Print       text580      00542
__end_of_INTSR           intentry     0013E
__end_of_MCU_Init        text594      00F6D
__end_of_MCU_Refresh     text593      00C87
__end_of_MTR_Ctrl        text574      00BC9
__end_of_MTR_Driver      text575      00464
__end_of_MTR_Init        text592      00BB7
__end_of_PI_CAL          text577      006DD
__end_of_PI_LIM          text586      00D93
__end_of_SQRT32          text588      01000
__end_of_SRL_Putc        text596      00BE7
__end_of_SYS_Ctrl        text590      00362
__end_of_SYS_Init        text591      00BAE
__end_of___lldiv         text581      00DF6
__end_of___lmul          text582      00CBE
__end_of___lwdiv         text584      00D42
__end_of___lwmod         text583      00CFC
__end_of___wmul          text585      00C0B
__end_of_main            maintext     00C59
__p_FLT_text             _FLT_text    01D00
__p_SQ8_text             _SQ8_text    01E00
__pbssBANK0              bssBANK0     00020
__pbssBANK1              bssBANK1     000A0
__pbssBANK2              bssBANK2     00120
__pbssBANK3              bssBANK3     001A0
__pbssCOMMON             bssCOMMON    0007D
__pcstackBANK0           cstackBANK0  0004A
__pcstackCOMMON          cstackCOMMON 00070
__pintentry              intentry     00004
__pmaintext              maintext     00C2F
__pnvBANK1               nvBANK1      000C5
__pstrings               strings      00000
__pswtext1               swtext1      00800
__ptext574               text574      00BB7
__ptext575               text575      00362
__ptext576               text576      00DF6
__ptext577               text577      00615
__ptext578               text578      006DD
__ptext579               text579      00542
__ptext580               text580      00464
__ptext581               text581      00D93
__ptext582               text582      00C87
__ptext583               text583      00CBE
__ptext584               text584      00CFC
__ptext585               text585      00BE7
__ptext586               text586      00D42
__ptext587               text587      00E61
__ptext588               text588      00F6D
__ptext589               text589      00785
__ptext590               text590      00141
__ptext591               text591      00BA9
__ptext592               text592      00BAE
__ptext593               text593      00C59
__ptext594               text594      00EDE
__ptext595               text595      007FE
__ptext596               text596      00BC9
__size_of_CAL_AcPeriod   (abs)        00000
__size_of_CAL_MtrCurrent (abs)        00000
__size_of_CAL_MtrError   (abs)        00000
__size_of_CAL_MtrSpeed   (abs)        00000
__size_of_COM_Ctrl       (abs)        00000
__size_of_COM_Init       (abs)        00000
__size_of_COM_Print      (abs)        00000
__size_of_INTSR          (abs)        00000
__size_of_MCU_Init       (abs)        00000
__size_of_MCU_Refresh    (abs)        00000
__size_of_MTR_Ctrl       (abs)        00000
__size_of_MTR_Driver     (abs)        00000
__size_of_MTR_Init       (abs)        00000
__size_of_PI_CAL         (abs)        00000
__size_of_PI_LIM         (abs)        00000
__size_of_SQRT32         (abs)        00000
__size_of_SRL_Putc       (abs)        00000
__size_of_SYS_Ctrl       (abs)        00000
__size_of_SYS_Init       (abs)        00000
__size_of___lldiv        (abs)        00000
__size_of___lmul         (abs)        00000
__size_of___lwdiv        (abs)        00000
__size_of___lwmod        (abs)        00000
__size_of___wmul         (abs)        00000
__size_of_main           (abs)        00000
_acCrossEvent            bssBANK1     000B2
_acCrossIndex            bssBANK1     000B3
_acCrossTime             bssBANK2     00160
_acCrossWDT              bssBANK1     000B4
_acCycle                 bssBANK1     000A8
_acCycleFlag             bssBANK1     000B5
_acCycleHalf             bssBANK1     000B6
_adCur2                  bssBANK1     000A0
_adCur2Buf               bssBANK1     000A4
_adCurN                  bssBANK1     000B7
_adCurNBuf               bssBANK1     000B8
_adNtc                   bssBANK1     000B9
_adVac                   bssBANK1     000BA
_adVrs                   bssBANK1     000BB
_enADC                   nvBANK1      000C6
_exit                    init         0013E
_idrTest0                bssBANK1     000BC
_idrTest1                bssBANK1     000BD
_main                    maintext     00C2F
_mtrCurrent              bssBANK0     00024
_mtrError                bssBANK0     0002F
_mtrHallEvent            bssBANK1     000BE
_mtrHallIndex            bssBANK1     000BF
_mtrHallTime             bssBANK2     00120
_mtrHallWDT              bssBANK1     000C0
_mtrSpeed                bssBANK0     00026
_mtrSpeedRef             bssBANK0     00028
_rxCNT                   bssBANK3     001E0
_rxFIFO                  bssBANK3     001A0
_rxRDP                   bssBANK3     001E1
_rxTIM                   bssBANK3     001E2
_rxWRP                   bssBANK3     001E3
_scnHall                 bssBANK1     000C1
_scnTest                 bssBANK1     000C2
_scnZero                 bssBANK1     000C3
_sysError                bssBANK0     00030
_sysLevel                bssCOMMON    0007D
_sysStatus               bssBANK0     00031
_sysTicks                bssBANK1     000C4
_sysTimer                bssBANK1     000AA
_tmADNTC                 nvBANK1      000C7
_tmADVAC                 nvBANK1      000C8
_tmADVRS                 nvBANK1      000C9
_tmTST0                  nvBANK1      000CA
_tmTST1                  nvBANK1      000CB
_tmTriac                 bssBANK1     000AC
_tmTriacOff              bssBANK1     000AE
_tmTriacOn               bssBANK1     000B0
_txCNT                   bssBANK3     001E4
_txFIFO                  bssBANK3     001C0
_txRDP                   bssBANK3     001E5
_txTIM                   bssBANK3     001E6
_txWRP                   bssBANK3     001E7
btemp                    (abs)        0007E
clear_ram                clrtext      007F8
end_of_initialization    cinit        00C2C
intlevel0                functab      00000
intlevel1                functab      00000
intlevel2                functab      00000
intlevel3                functab      00000
intlevel4                functab      00000
intlevel5                functab      00000
reset_vec                reset_vec    00000
start                    init         0013E
start_initialization     cinit        00C0B
wtemp0                   (abs)        0007E
