HI-TECH Software C Compiler 

Linker command line:

-W9 --edf=c:\Program Files (x86)\HI-TECH Software\PICC\9.83\dat\en_msgs.txt \
  -cs -h+_PrgPIC16F.sym -z -Q16F1829 -ol.obj -M_PrgPIC16F.map -E1 \
  -p_FLT_text=1D00h -p_SQ8_text=1E00h -ACONST=00h-0FFhx32 \
  -ACODE=00h-07FFhx3,01800h-01CFFh,01D00h-01DFFh,01E00h-01FFFh \
  -ASTRCODE=00h-01FFFh -AENTRY=00h-0FFhx32 -ASTRING=00h-0FFhx32 \
  -ABANK0=020h-06Fh -ABANK1=0A0h-0EFh -ABANK2=0120h-016Fh \
  -ABANK3=01A0h-01EFh -ABANK4=0220h-026Fh -ABANK5=02A0h-02EFh \
  -ABANK6=0320h-036Fh -ABANK7=03A0h-03EFh -ABANK8=0420h-046Fh \
  -ABANK9=04A0h-04EFh -ABANK10=0520h-056Fh -ABANK11=05A0h-05EFh \
  -ABANK12=0620h-064Fh -ABIGRAM=02000h-023EFh \
  -ARAM=020h-06Fh,0A0h-0EFh,0120h-016Fh,01A0h-01EFh,0220h-026Fh,02A0h-02EFh,0320h-036Fh,03A0h-03EFh,0420h-046Fh,04A0h-04EFh,0520h-056Fh,05A0h-05EFh,0620h-064Fh \
  -AABS1=020h-07Fh,0A0h-0EFh,0120h-016Fh,01A0h-01EFh,0220h-026Fh,02A0h-02EFh,0320h-036Fh,03A0h-03EFh,0420h-046Fh,04A0h-04EFh,0520h-056Fh,05A0h-05EFh,0620h-064Fh \
  -ACOMMON=070h-07Fh -ASFR0=00h-01Fh -ASFR1=080h-09Fh -ASFR2=0100h-011Fh \
  -ASFR3=0180h-019Fh -ASFR4=0200h-021Fh -ASFR5=0280h-029Fh \
  -ASFR6=0300h-031Fh -ASFR7=0380h-039Fh -ASFR8=0400h-041Fh \
  -ASFR9=0480h-049Fh -ASFR10=0500h-051Fh -ASFR11=0580h-059Fh \
  -ASFR12=0600h-061Fh -ASFR13=0680h-06EFh -ASFR14=0700h-076Fh \
  -ASFR15=0780h-07EFh -ASFR16=0800h-086Fh -ASFR17=0880h-08EFh \
  -ASFR18=0900h-096Fh -ASFR19=0980h-09EFh -ASFR20=0A00h-0A6Fh \
  -ASFR21=0A80h-0AEFh -ASFR22=0B00h-0B6Fh -ASFR23=0B80h-0BEFh \
  -ASFR24=0C00h-0C6Fh -ASFR25=0C80h-0CEFh -ASFR26=0D00h-0D6Fh \
  -ASFR27=0D80h-0DEFh -ASFR28=0E00h-0E6Fh -ASFR29=0E80h-0EEFh \
  -ASFR30=0F00h-0F6Fh -ASFR31=0F80h-0FEFh \
  -preset_vec=00h,intentry=04h,init,end_init -ppowerup=CODE -pfunctab=CODE \
  -ACONFIG=08007h-08008h -pconfig=CONFIG -DCONFIG=2 -AIDLOC=08000h-08003h \
  -pidloc=IDLOC -DIDLOC=2 -AEEDATA=00h-0FFh/0F000h -peeprom_data=EEDATA \
  -DEEDATA=2 -DCODE=2 -DSTRCODE=2 -DSTRING=2 -DCONST=2 -DENTRY=2 -k \
  C:\Users\liyachen\AppData\Local\Temp\slp4.obj _PrgPIC16F.obj 

Object code version is 3.10

Machine type is 16F1829



                Name                               Link     Load   Length Selector   Space Scale
C:\Users\liyachen\AppData\Local\Temp\slp4.obj
                end_init                            16C      16C        3        8       0
                reset_vec                             0        0        3        0       0
_PrgPIC16F.obj  intentry                              4        4      168        8       0
                eeprom_data                           0     F000      100    1E000       2
                config                             8007     8007        2    1000E       0
                text971                             817      817        1     102E       0
                text961                               3        3        1        0       0
                text959                             7FD      7FD        2        8       0
                text954                            1730     1730       24     2E60       0
                text951                             7FF      7FF        1        8       0
                text950                            1754     1754       45     2EA8       0
                text943                             16F      16F      37B        8       0
                text942                             74B      74B       B2        8       0
                swtext3                            1101     1101        A     2202       0
                text936                            1799     1799       67     2F32       0
                swtext2                            110B     110B        8     2202       0
                swtext1                             800      800       14     1000       0
                text931                             4EA      4EA      261        8       0
                cstackBANK0                          55       55       18       20       1
                cstackCOMMON                         70       70        E       70       1
                clrtext                            172A     172A        6     2E54       0
                bssBANK3                            1A0      1A0        8      1A0       1
                bssBANK1                             A0       A0       3E       A0       1
                dataBANK0                            6D       6D        1       20       1
                bssBANK0                             20       20       35       20       1
                cinit                               818      818      7E8     1030       0
                nvBANK1                              DE       DE        7       A0       1
                _FLT_text                          1D00     1D00      100     3A00       0
                _SQ8_text                          1E00     1E00      200     3C00       0
                stringtext                         1000     1000      101       20       0

TOTAL           Name                               Link     Load   Length     Space
        CLASS   CONST          
                swtext3                            1101     1101        A         0
                swtext2                            110B     110B        8         0
                swtext1                             800      800       14         0

        CLASS   CODE           
                end_init                            16C      16C        3         0
                intentry                              4        4      168         0
                reset_vec                             0        0        3         0
                text971                             817      817        1         0
                text961                               3        3        1         0
                text959                             7FD      7FD        2         0
                text954                            1730     1730       24         0
                text951                             7FF      7FF        1         0
                text950                            1754     1754       45         0
                text943                             16F      16F      37B         0
                text942                             74B      74B       B2         0
                text936                            1799     1799       67         0
                text931                             4EA      4EA      261         0
                clrtext                            172A     172A        6         0
                cinit                               818      818      7E8         0
                _FLT_text                          1D00     1D00      100         0
                _SQ8_text                          1E00     1E00      200         0

        CLASS   STRCODE        
                stringtext                         1000     1000      101         0

        CLASS   ENTRY          

        CLASS   STRING         

        CLASS   BANK0          
                cstackBANK0                          55       55       18         1
                dataBANK0                            6D       6D        1         1
                bssBANK0                             20       20       35         1

        CLASS   BANK1          
                bssBANK1                             A0       A0       3E         1
                nvBANK1                              DE       DE        7         1

        CLASS   BANK2          

        CLASS   BANK3          
                bssBANK3                            1A0      1A0        8         1

        CLASS   BANK4          

        CLASS   BANK5          

        CLASS   BANK6          

        CLASS   BANK7          

        CLASS   BANK8          

        CLASS   BANK9          

        CLASS   BANK10         

        CLASS   BANK11         

        CLASS   BANK12         

        CLASS   BIGRAM         

        CLASS   RAM            

        CLASS   ABS1           
                abs_s1                               7E       7E        2         1
                abs_s1                              320      320       50         1
                abs_s1                              3A0      3A0       40         1
                abs_s1                              420      420        7         1
                abs_s1                              428      428       15         1
                abs_s1                              440      440       1C         1
                abs_s1                              4A0      4A0        7         1
                abs_s1                              4A8      4A8        7         1
                abs_s1                              4B0      4B0        E         1
                abs_s1                              520      520       2C         1
                abs_s1                              550      550        F         1
                abs_s1                              5A0      5A0        C         1
                abs_s1                              620      620       28         1
                abs_s1                              650      650        2         1
                abs_s1                              654      654       12         1
                abs_s1                              658      658        6         1

        CLASS   COMMON         
                cstackCOMMON                         70       70        E         1

        CLASS   SFR0           

        CLASS   SFR1           

        CLASS   SFR2           

        CLASS   SFR3           

        CLASS   SFR4           

        CLASS   SFR5           

        CLASS   SFR6           

        CLASS   SFR7           

        CLASS   SFR8           

        CLASS   SFR9           

        CLASS   SFR10          

        CLASS   SFR11          

        CLASS   SFR12          

        CLASS   SFR13          

        CLASS   SFR14          

        CLASS   SFR15          

        CLASS   SFR16          

        CLASS   SFR17          

        CLASS   SFR18          

        CLASS   SFR19          

        CLASS   SFR20          

        CLASS   SFR21          

        CLASS   SFR22          

        CLASS   SFR23          

        CLASS   SFR24          

        CLASS   SFR25          

        CLASS   SFR26          

        CLASS   SFR27          

        CLASS   SFR28          

        CLASS   SFR29          

        CLASS   SFR30          

        CLASS   SFR31          

        CLASS   CONFIG         
                config                             8007     8007        2         0

        CLASS   IDLOC          

        CLASS   EEDATA         
                eeprom_data                           0     F000      100         2

        CLASS   BANK31         

        CLASS   BANK30         

        CLASS   BANK29         

        CLASS   BANK28         

        CLASS   BANK27         

        CLASS   BANK26         

        CLASS   BANK25         

        CLASS   BANK24         

        CLASS   BANK23         

        CLASS   BANK22         

        CLASS   BANK21         

        CLASS   BANK20         

        CLASS   BANK19         

        CLASS   BANK18         

        CLASS   BANK17         

        CLASS   BANK16         

        CLASS   BANK15         

        CLASS   BANK14         

        CLASS   BANK13         



SEGMENTS        Name                           Load    Length   Top    Selector   Space  Class     Delta

                reset_vec                      000000  000004  000004         0       0  CODE        2
                intentry                       000004  0007FC  000800         8       0  CODE        2
                bssBANK0                       000020  00004E  00006E        20       1  BANK0       1
                cstackCOMMON                   000070  00000E  00007E        70       1  COMMON      1
                bssBANK1                       0000A0  000045  0000E5        A0       1  BANK1       1
                bssBANK3                       0001A0  000008  0001A8       1A0       1  BANK3       1
                swtext1                        000800  000014  000814      1000       0  CONST       2
                text971                        000817  000001  000818      102E       0  CODE        2
                cinit                          000818  0007E8  001000      1030       0  CODE        2
                stringtext                     001000  000101  001101        20       0  STRCODE     2
                swtext3                        001101  000012  001113      2202       0  CONST       2
                clrtext                        00172A  000006  001730      2E54       0  CODE        2
                text954                        001730  000024  001754      2E60       0  CODE        2
                text950                        001754  000045  001799      2EA8       0  CODE        2
                text936                        001799  000067  001800      2F32       0  CODE        2
                _FLT_text                      001D00  000100  001E00      3A00       0  CODE        2
                _SQ8_text                      001E00  000200  002000      3C00       0  CODE        2
                config                         008007  000002  008009     1000E       0  CONFIG      2
                eeprom_data                    00F000  000100  00F100     1E000       2  EEDATA      2


UNUSED ADDRESS RANGES

        Name                Unused          Largest block    Delta
        BANK0            0006E-0006F               2           1
        BANK1            000E5-000EF               B           1
        BANK10           0054C-0054F               4           1
                         0055F-0056F              11
        BANK11           005AC-005EF              44           1
        BANK12           00648-0064F               8           1
        BANK2            00120-0016F              50           1
        BANK3            001A8-001EF              48           1
        BANK4            00220-0026F              50           1
        BANK5            002A0-002EF              50           1
        BANK7            003E0-003EF              10           1
        BANK8            00427-00427               1           1
                         0043D-0043F               3
                         0045C-0046F              14
        BANK9            004A7-004A7               1           1
                         004AF-004AF               1
                         004BE-004EF              32
        BIGRAM           02000-023EF             3F0           1
        CODE             00814-00816               3           2
                         01113-01729             617
                         01800-01CFF             500
        CONST            00814-00816               3           2
                         01113-01729             100
                         01800-01CFF             100
        ENTRY            00814-00816               3           2
                         01113-01729             100
                         01800-01CFF             100
        IDLOC            08000-08003               4           2
        RAM              0006E-0006F               2           1
                         000E5-000EF               B
                         00120-0016F              50
                         001A8-001EF              48
                         00220-0026F              50
                         002A0-002EF              50
                         003E0-003EF              10
                         00427-00427               1
                         0043D-0043F               3
                         0045C-0046F              14
                         004A7-004A7               1
                         004AF-004AF               1
                         004BE-004EF              32
                         0054C-0054F               4
                         0055F-0056F              11
                         005AC-005EF              44
                         00648-0064F               8
        SFR0             00000-0001F              20           1
        SFR1             00080-0009F              20           1
        SFR10            00500-0051F              20           1
        SFR11            00580-0059F              20           1
        SFR12            00600-0061F              20           1
        SFR13            00680-006EF              70           1
        SFR14            00700-0076F              70           1
        SFR15            00780-007EF              70           1
        SFR16            00800-0086F              70           1
        SFR17            00880-008EF              70           1
        SFR18            00900-0096F              70           1
        SFR19            00980-009EF              70           1
        SFR2             00100-0011F              20           1
        SFR20            00A00-00A6F              70           1
        SFR21            00A80-00AEF              70           1
        SFR22            00B00-00B6F              70           1
        SFR23            00B80-00BEF              70           1
        SFR24            00C00-00C6F              70           1
        SFR25            00C80-00CEF              70           1
        SFR26            00D00-00D6F              70           1
        SFR27            00D80-00DEF              70           1
        SFR28            00E00-00E6F              70           1
        SFR29            00E80-00EEF              70           1
        SFR3             00180-0019F              20           1
        SFR30            00F00-00F6F              70           1
        SFR31            00F80-00FEF              70           1
        SFR4             00200-0021F              20           1
        SFR5             00280-0029F              20           1
        SFR6             00300-0031F              20           1
        SFR7             00380-0039F              20           1
        SFR8             00400-0041F              20           1
        SFR9             00480-0049F              20           1
        STRCODE          00814-00816               3           2
                         01113-01729             617
                         01800-01CFF             500
        STRING           00814-00816               3           2
                         01113-01729             100
                         01800-01CFF             100

                                  Symbol Table

??_CAL_AcPeriod            cstackCOMMON 00070
??_CAL_MtrCurrent          cstackCOMMON 0007C
??_CAL_MtrError            cstackCOMMON 00070
??_CAL_MtrLevel            cstackCOMMON 00070
??_CAL_MtrSpeed            cstackCOMMON 0007C
??_CAL_MtrTemp             cstackCOMMON 00070
??_CAL_TuneValue           cstackCOMMON 00071
??_COM_Ctrl                cstackCOMMON 0007A
??_COM_Init                cstackCOMMON 00070
??_COM_Print               cstackCOMMON 00079
??_E2P_RD                  cstackCOMMON 00074
??_E2P_ReadByte            cstackCOMMON 00070
??_E2P_WR                  cstackCOMMON 00075
??_E2P_WriteByte           cstackCOMMON 00071
??_H1M1S1_ADD              cstackCOMMON 00071
??_H1M1S1_SUB              cstackCOMMON 00071
??_H2M1S1_ADD              cstackCOMMON 00071
??_H3M1_ADD                cstackCOMMON 00073
??_INTSR                   cstackCOMMON 00070
??_MCU_Init                cstackCOMMON 00070
??_MCU_Refresh             cstackCOMMON 00070
??_MEM_Cmp                 cstackCOMMON 00072
??_MEM_Cpy                 cstackCOMMON 00075
??_MTR_Ctrl                cstackCOMMON 0007E
??_MTR_Driver              cstackBANK0  00068
??_MTR_Init                cstackCOMMON 00070
??_PID_CAL                 cstackBANK0  00055
??_PID_LIM                 cstackCOMMON 00074
??_REC_Faults              cstackCOMMON 00076
??_REC_SpeedWorking        cstackCOMMON 00076
??_REC_WorkingPower        cstackCOMMON 00070
??_REC_WorkingTemp         cstackCOMMON 00070
??_SQRT32                  cstackCOMMON 00074
??_SRL_Putc                cstackCOMMON 00070
??_SVC_Ctrl                cstackCOMMON 00076
??_SVC_GetTuneValue        cstackCOMMON 00070
??_SVC_Init                cstackCOMMON 00076
??_SVC_SetTuneValue        cstackCOMMON 00070
??_SVC_Timer               cstackCOMMON 00076
??_SYS_Ctrl                cstackCOMMON 00073
??_SYS_Init                cstackCOMMON 00070
??___lldiv                 cstackCOMMON 0007C
??___lmul                  cstackCOMMON 00078
??___lwdiv                 cstackCOMMON 00074
??___lwmod                 cstackCOMMON 00074
??___wmul                  cstackCOMMON 00074
??_main                    cstackCOMMON 0007E
?_CAL_AcPeriod             cstackCOMMON 00070
?_CAL_MtrCurrent           cstackCOMMON 00070
?_CAL_MtrError             cstackCOMMON 00070
?_CAL_MtrLevel             cstackCOMMON 00070
?_CAL_MtrSpeed             cstackCOMMON 00070
?_CAL_MtrTemp              cstackCOMMON 00070
?_CAL_TuneValue            cstackCOMMON 00070
?_COM_Ctrl                 cstackCOMMON 00070
?_COM_Init                 cstackCOMMON 00070
?_COM_Print                cstackCOMMON 00077
?_E2P_RD                   cstackCOMMON 00071
?_E2P_ReadByte             cstackCOMMON 00070
?_E2P_WR                   cstackCOMMON 00072
?_E2P_WriteByte            cstackCOMMON 00070
?_H1M1S1_ADD               cstackCOMMON 00070
?_H1M1S1_SUB               cstackCOMMON 00070
?_H2M1S1_ADD               cstackCOMMON 00070
?_H3M1_ADD                 cstackCOMMON 00070
?_INTSR                    cstackCOMMON 00070
?_MCU_Init                 cstackCOMMON 00070
?_MCU_Refresh              cstackCOMMON 00070
?_MEM_Cmp                  cstackCOMMON 00070
?_MEM_Cpy                  cstackCOMMON 00070
?_MTR_Ctrl                 cstackCOMMON 00070
?_MTR_Driver               cstackCOMMON 00070
?_MTR_Init                 cstackCOMMON 00070
?_PID_CAL                  cstackCOMMON 0007C
?_PID_LIM                  cstackCOMMON 00070
?_REC_Faults               cstackCOMMON 00070
?_REC_SpeedWorking         cstackCOMMON 00070
?_REC_WorkingPower         cstackCOMMON 00070
?_REC_WorkingTemp          cstackCOMMON 00070
?_SQRT32                   cstackCOMMON 00070
?_SRL_Putc                 cstackCOMMON 00070
?_SVC_Ctrl                 cstackCOMMON 00070
?_SVC_GetTuneValue         cstackCOMMON 00070
?_SVC_Init                 cstackCOMMON 00070
?_SVC_SetTuneValue         cstackCOMMON 00070
?_SVC_Timer                cstackCOMMON 00070
?_SYS_Ctrl                 cstackCOMMON 00070
?_SYS_Init                 cstackCOMMON 00070
?___lldiv                  cstackBANK0  00055
?___lmul                   cstackCOMMON 00070
?___lwdiv                  cstackCOMMON 00070
?___lwmod                  cstackCOMMON 00070
?___wmul                   cstackCOMMON 00070
?_main                     cstackCOMMON 00070
CAL_AcPeriod@i             cstackCOMMON 00072
CAL_AcPeriod@t             cstackCOMMON 00073
CAL_AcPeriod@tmCRS         bssBANK0     00028
CAL_MtrCurrent@n           cstackBANK0  00062
CAL_MtrCurrent@s           cstackBANK0  00066
CAL_MtrCurrent@tmOVC       bssBANK0     0002A
CAL_MtrLevel@ad            cstackBANK0  00066
CAL_MtrLevel@ofs           cstackBANK0  00065
CAL_MtrSpeed@i             cstackBANK0  00066
CAL_MtrSpeed@j             cstackBANK0  00065
CAL_MtrSpeed@n             cstackBANK0  00064
CAL_MtrSpeed@t             cstackBANK0  00062
CAL_MtrSpeed@tmZSP         bssBANK0     0002C
CAL_MtrTemp@cnt            bssBANK0     0003A
CAL_MtrTemp@er1            bssBANK0     0003B
CAL_MtrTemp@err            bssBANK0     0003C
CAL_MtrTemp@sum            bssBANK0     0002E
CAL_TuneValue@max          bssBANK0     0003D
CAL_TuneValue@min          bssBANK0     0003E
CAL_TuneValue@state        bssBANK0     0003F
CAL_TuneValue@time         bssBANK0     00030
COM_Ctrl@t                 bssBANK0     00040
COM_Print@f                cstackCOMMON 00079
COM_Print@n                cstackCOMMON 00077
E2P_RD@addr                cstackCOMMON 00075
E2P_RD@n                   cstackCOMMON 00073
E2P_RD@p                   cstackCOMMON 00071
E2P_ReadByte@addr          cstackCOMMON 00070
E2P_WR@addr                cstackCOMMON 00075
E2P_WR@n                   cstackCOMMON 00074
E2P_WR@p                   cstackCOMMON 00072
E2P_WriteByte@addr         cstackCOMMON 00071
E2P_WriteByte@byte         cstackCOMMON 00070
H1M1S1_ADD@p               cstackCOMMON 00071
H1M1S1_ADD@s               cstackCOMMON 00070
H1M1S1_SUB@p               cstackCOMMON 00071
H1M1S1_SUB@s               cstackCOMMON 00070
H2M1S1_ADD@p               cstackCOMMON 00071
H2M1S1_ADD@s               cstackCOMMON 00070
H3M1_ADD@m                 cstackCOMMON 00072
H3M1_ADD@p                 cstackCOMMON 00070
MCU_Init@i                 cstackCOMMON 00070
MEM_Cmp@n                  cstackCOMMON 00071
MEM_Cmp@p1                 cstackCOMMON 00074
MEM_Cmp@p2                 cstackCOMMON 00070
MEM_Cpy@n                  cstackCOMMON 00074
MEM_Cpy@p1                 cstackCOMMON 00070
MEM_Cpy@p2                 cstackCOMMON 00072
MTR_Driver@OLIM            bssBANK0     00020
MTR_Driver@SREG            bssBANK1     000C9
MTR_Driver@err             cstackBANK0  00069
MTR_Driver@max             cstackBANK0  0006B
MTR_Driver@sref            bssBANK0     00032
MTR_Driver@state           bssBANK0     00041
MTR_Driver@time            bssBANK0     00042
PID_CAL@err                cstackCOMMON 0007C
PID_CAL@p                  cstackBANK0  00067
PID_LIM@max                cstackCOMMON 00072
PID_LIM@min                cstackCOMMON 00070
PID_LIM@p                  cstackCOMMON 00077
REC_Faults@fault           bssBANK0     00043
REC_SpeedWorking@cnLvl     bssBANK0     00044
REC_SpeedWorking@level     bssBANK0     00045
REC_SpeedWorking@lsLvl     bssBANK0     00046
REC_SpeedWorking@tmLvl     bssBANK0     00051
REC_WorkingTemp@next       bssBANK0     00047
REC_WorkingTemp@temp       bssBANK0     00048
SQRT32@a                   cstackCOMMON 00070
SQRT32@divisor             cstackBANK0  0005E
SQRT32@i                   cstackBANK0  00055
SQRT32@remainder           cstackBANK0  00056
SQRT32@root                cstackBANK0  0005A
SRL_Putc@c                 cstackCOMMON 00070
SVC_Init@cmp               cstackCOMMON 00076
SVC_SetTuneValue@value     cstackCOMMON 00070
SVC_Timer@tmSEC            bssBANK0     00049
SYS_Ctrl@time              bssBANK0     00024
_ADCON0                    (abs)        0009D
_ADCON1                    (abs)        0009E
_ANSELA                    (abs)        0018C
_ANSELB                    (abs)        0018D
_ANSELC                    (abs)        0018E
_APFCON0                   (abs)        0011D
_APFCON1                   (abs)        0011E
_BAUDCON                   (abs)        0019F
_CAL_AcPeriod              cinit        00F76
_CAL_MtrCurrent            text943      0016F
_CAL_MtrError              text961      00003
_CAL_MtrLevel              text931      005E6
_CAL_MtrLevel$10906        cstackBANK0  00055
_CAL_MtrLevel$10907        cstackBANK0  00057
_CAL_MtrLevel$10908        cstackBANK0  00059
_CAL_MtrLevel$10909        cstackBANK0  0005B
_CAL_MtrLevel$10910        cstackBANK0  0005D
_CAL_MtrLevel$10911        cstackBANK0  0005F
_CAL_MtrLevel$10912        cstackBANK0  00061
_CAL_MtrLevel$10913        cstackBANK0  00063
_CAL_MtrSpeed              text942      0074B
_CAL_MtrTemp               cinit        00F1F
_CAL_TuneValue             text931      006CD
_CFGS                      (abs)        00CAE
_CM1CON0                   (abs)        00111
_CM1CON1                   (abs)        00112
_CM2CON0                   (abs)        00113
_CM2CON1                   (abs)        00114
_COM_Ctrl                  cinit        0095D
_COM_Init                  text971      00817
_COM_Print                 cinit        009CD
_CREN                      (abs)        00CEC
_DACCON0                   (abs)        00118
_DACCON1                   (abs)        00119
_E2P_RD                    cinit        00BA7
_E2P_ReadByte              cinit        00AAD
_E2P_WR                    cinit        00D47
_E2P_WriteByte             cinit        00F0F
_EEADRL                    (abs)        00191
_EECON2                    (abs)        00196
_EEDATL                    (abs)        00193
_EEPGD                     (abs)        00CAF
_FLT                       _FLT_text    01D00
_FLT_absaddr               (abs)        01D00
_FVRCON                    (abs)        00117
_GIE                       (abs)        0005F
_H1M1S1_ADD                cinit        00FDC
_H1M1S1_SUB                text954      01730
_H2M1S1_ADD                cinit        00EDE
_H3M1_ADD                  text936      017C4
_INLVLA                    (abs)        0038C
_INLVLB                    (abs)        0038D
_INLVLC                    (abs)        0038E
_INTSR                     intentry     00004
_LATA                      (abs)        0010C
_LATB                      (abs)        0010D
_LATB6                     (abs)        0086E
_LATC                      (abs)        0010E
_MCU_Init                  cinit        0085F
_MCU_Refresh               cinit        0090F
_MEM_Cmp                   cinit        00BBC
_MEM_Cpy                   cinit        00EC6
_MTR_Ctrl                  cinit        00BDE
_MTR_Driver                text943      00287
_MTR_Init                  cinit        00940
_ODRA                      nvBANK1      000DE
_OSCCON                    (abs)        00099
_OSCTUNE                   (abs)        00098
_PEIE                      (abs)        0005E
_PID_CAL                   text943      003CB
_PID_LIM                   text943      00371
_PIE1                      (abs)        00091
_PIE2                      (abs)        00092
_PIE3                      (abs)        00093
_PIE4                      (abs)        00094
_PIR1                      (abs)        00011
_PIR2                      (abs)        00012
_PIR3                      (abs)        00013
_PIR4                      (abs)        00014
_PR6                       (abs)        0041D
_RCSTA                     (abs)        0019D
_RD                        (abs)        00CA8
_REC_Faults                cinit        00D68
_REC_SpeedWorking          cinit        00DE5
_REC_WorkingPower          text951      007FF
_REC_WorkingTemp           text950      01754
_SPBRGH                    (abs)        0019C
_SPBRGL                    (abs)        0019B
_SPEN                      (abs)        00CEF
_SQ8                       _SQ8_text    01E00
_SQ8_absaddr               (abs)        01E00
_SQRT32                    text943      001F9
_SRL_Putc                  cinit        009BC
_SVC_Ctrl                  cinit        00C0A
_SVC_GetTuneValue          text959      007FD
_SVC_Init                  cinit        00AB5
_SVC_SetTuneValue          text931      00743
_SVC_Timer                 text936      01799
_SYS_Ctrl                  text931      004EA
_SYS_Init                  cinit        00958
_T1CON                     (abs)        00018
_T1GCON                    (abs)        00019
_T6CON                     (abs)        0041E
_TRISA                     (abs)        0008C
_TRISB                     (abs)        0008D
_TRISC                     (abs)        0008E
_TXEN                      (abs)        00CF5
_TXSTA                     (abs)        0019E
_WDTCON                    (abs)        00097
_WPUA                      (abs)        0020C
_WPUB                      (abs)        0020D
_WPUC                      (abs)        0020E
_WR                        (abs)        00CA9
_WREN                      (abs)        00CAA
__Babs1                    abs1         1E200
__Bbank0                   bank0        1E200
__Bbank1                   bank1        1E200
__Bbank10                  bank10       1E200
__Bbank11                  bank11       1E200
__Bbank12                  bank12       1E200
__Bbank13                  bank13       1E200
__Bbank14                  bank14       1E200
__Bbank15                  bank15       1E200
__Bbank16                  bank16       1E200
__Bbank17                  bank17       1E200
__Bbank18                  bank18       1E200
__Bbank19                  bank19       1E200
__Bbank2                   bank2        1E200
__Bbank20                  bank20       1E200
__Bbank21                  bank21       1E200
__Bbank22                  bank22       1E200
__Bbank23                  bank23       1E200
__Bbank24                  bank24       1E200
__Bbank25                  bank25       1E200
__Bbank26                  bank26       1E200
__Bbank27                  bank27       1E200
__Bbank28                  bank28       1E200
__Bbank29                  bank29       1E200
__Bbank3                   bank3        1E200
__Bbank30                  bank30       1E200
__Bbank31                  bank31       1E200
__Bbank4                   bank4        1E200
__Bbank5                   bank5        1E200
__Bbank6                   bank6        1E200
__Bbank7                   bank7        1E200
__Bbank8                   bank8        1E200
__Bbank9                   bank9        1E200
__Bbigram                  bigram       1E200
__BbssBANK0                bssBANK0     1E200
__BbssBANK1                bssBANK1     1E200
__BbssBANK3                bssBANK3     1E200
__Bcinit                   cinit        1E200
__Bclrtext                 clrtext      1E200
__Bcode                    code         1E200
__Bcommon                  common       1E200
__BcstackBANK0             cstackBANK0  1E200
__BcstackCOMMON            cstackCOMMON 1E200
__BdataBANK0               dataBANK0    1E200
__Beeprom_data             eeprom_data  0F000
__BidataBANK0              idataBANK0   1E200
__Bmaintext                maintext     1E200
__BnvBANK1                 nvBANK1      1E200
__Bpa_nodes                pa_nodes     1E200
__Bram                     ram          1E200
__Bsfr0                    sfr0         1E200
__Bsfr1                    sfr1         1E200
__Bsfr10                   sfr10        1E200
__Bsfr11                   sfr11        1E200
__Bsfr12                   sfr12        1E200
__Bsfr13                   sfr13        1E200
__Bsfr14                   sfr14        1E200
__Bsfr15                   sfr15        1E200
__Bsfr16                   sfr16        1E200
__Bsfr17                   sfr17        1E200
__Bsfr18                   sfr18        1E200
__Bsfr19                   sfr19        1E200
__Bsfr2                    sfr2         1E200
__Bsfr20                   sfr20        1E200
__Bsfr21                   sfr21        1E200
__Bsfr22                   sfr22        1E200
__Bsfr23                   sfr23        1E200
__Bsfr24                   sfr24        1E200
__Bsfr25                   sfr25        1E200
__Bsfr26                   sfr26        1E200
__Bsfr27                   sfr27        1E200
__Bsfr28                   sfr28        1E200
__Bsfr29                   sfr29        1E200
__Bsfr3                    sfr3         1E200
__Bsfr30                   sfr30        1E200
__Bsfr31                   sfr31        1E200
__Bsfr4                    sfr4         1E200
__Bsfr5                    sfr5         1E200
__Bsfr6                    sfr6         1E200
__Bsfr7                    sfr7         1E200
__Bsfr8                    sfr8         1E200
__Bsfr9                    sfr9         1E200
__Bstrings                 strings      1E200
__Bstringtext              stringtext   1E200
__Btext                    text         1E200
__H_FLT_text               _FLT_text    01E00
__H_SQ8_text               _SQ8_text    02000
__Habs1                    abs1         00200
__Hbank0                   bank0        00200
__Hbank1                   bank1        00200
__Hbank10                  bank10       00200
__Hbank11                  bank11       00200
__Hbank12                  bank12       00200
__Hbank13                  bank13       00200
__Hbank14                  bank14       00200
__Hbank15                  bank15       00200
__Hbank16                  bank16       00200
__Hbank17                  bank17       00200
__Hbank18                  bank18       00200
__Hbank19                  bank19       00200
__Hbank2                   bank2        00200
__Hbank20                  bank20       00200
__Hbank21                  bank21       00200
__Hbank22                  bank22       00200
__Hbank23                  bank23       00200
__Hbank24                  bank24       00200
__Hbank25                  bank25       00200
__Hbank26                  bank26       00200
__Hbank27                  bank27       00200
__Hbank28                  bank28       00200
__Hbank29                  bank29       00200
__Hbank3                   bank3        00200
__Hbank30                  bank30       00200
__Hbank31                  bank31       00200
__Hbank4                   bank4        00200
__Hbank5                   bank5        00200
__Hbank6                   bank6        00200
__Hbank7                   bank7        00200
__Hbank8                   bank8        00200
__Hbank9                   bank9        00200
__Hbigram                  bigram       00200
__HbssBANK0                bssBANK0     00200
__HbssBANK1                bssBANK1     00200
__HbssBANK3                bssBANK3     00200
__Hcinit                   cinit        00200
__Hclrtext                 clrtext      00200
__Hcode                    code         00200
__Hcommon                  common       00200
__Hconfig                  config       08009
__HcstackBANK0             cstackBANK0  00200
__HcstackCOMMON            cstackCOMMON 00200
__HdataBANK0               dataBANK0    00200
__Heeprom_data             eeprom_data  00100
__Hend_init                end_init     0016F
__Hfunctab                 functab      00000
__HidataBANK0              idataBANK0   00200
__Hidloc                   idloc        00000
__Hinit                    init         0016C
__Hintentry                intentry     0016C
__Hmaintext                maintext     00200
__HnvBANK1                 nvBANK1      00200
__Hpa_nodes                pa_nodes     00200
__Hpowerup                 powerup      00000
__Hram                     ram          00200
__Hreset_vec               reset_vec    00003
__Hsfr0                    sfr0         00200
__Hsfr1                    sfr1         00200
__Hsfr10                   sfr10        00200
__Hsfr11                   sfr11        00200
__Hsfr12                   sfr12        00200
__Hsfr13                   sfr13        00200
__Hsfr14                   sfr14        00200
__Hsfr15                   sfr15        00200
__Hsfr16                   sfr16        00200
__Hsfr17                   sfr17        00200
__Hsfr18                   sfr18        00200
__Hsfr19                   sfr19        00200
__Hsfr2                    sfr2         00200
__Hsfr20                   sfr20        00200
__Hsfr21                   sfr21        00200
__Hsfr22                   sfr22        00200
__Hsfr23                   sfr23        00200
__Hsfr24                   sfr24        00200
__Hsfr25                   sfr25        00200
__Hsfr26                   sfr26        00200
__Hsfr27                   sfr27        00200
__Hsfr28                   sfr28        00200
__Hsfr29                   sfr29        00200
__Hsfr3                    sfr3         00200
__Hsfr30                   sfr30        00200
__Hsfr31                   sfr31        00200
__Hsfr4                    sfr4         00200
__Hsfr5                    sfr5         00200
__Hsfr6                    sfr6         00200
__Hsfr7                    sfr7         00200
__Hsfr8                    sfr8         00200
__Hsfr9                    sfr9         00200
__Hstrings                 strings      00200
__Hstringtext              stringtext   00200
__Htext                    text         00200
__L_FLT_text               _FLT_text    01D00
__L_SQ8_text               _SQ8_text    01E00
__Labs1                    abs1         00200
__Lbank0                   bank0        00200
__Lbank1                   bank1        00200
__Lbank10                  bank10       00200
__Lbank11                  bank11       00200
__Lbank12                  bank12       00200
__Lbank13                  bank13       00200
__Lbank14                  bank14       00200
__Lbank15                  bank15       00200
__Lbank16                  bank16       00200
__Lbank17                  bank17       00200
__Lbank18                  bank18       00200
__Lbank19                  bank19       00200
__Lbank2                   bank2        00200
__Lbank20                  bank20       00200
__Lbank21                  bank21       00200
__Lbank22                  bank22       00200
__Lbank23                  bank23       00200
__Lbank24                  bank24       00200
__Lbank25                  bank25       00200
__Lbank26                  bank26       00200
__Lbank27                  bank27       00200
__Lbank28                  bank28       00200
__Lbank29                  bank29       00200
__Lbank3                   bank3        00200
__Lbank30                  bank30       00200
__Lbank31                  bank31       00200
__Lbank4                   bank4        00200
__Lbank5                   bank5        00200
__Lbank6                   bank6        00200
__Lbank7                   bank7        00200
__Lbank8                   bank8        00200
__Lbank9                   bank9        00200
__Lbigram                  bigram       00200
__LbssBANK0                bssBANK0     00200
__LbssBANK1                bssBANK1     00200
__LbssBANK3                bssBANK3     00200
__Lcinit                   cinit        00200
__Lclrtext                 clrtext      00200
__Lcode                    code         00200
__Lcommon                  common       00200
__Lconfig                  config       08007
__LcstackBANK0             cstackBANK0  00200
__LcstackCOMMON            cstackCOMMON 00200
__LdataBANK0               dataBANK0    00200
__Leeprom_data             eeprom_data  00000
__Lend_init                end_init     0016C
__Lfunctab                 functab      00000
__LidataBANK0              idataBANK0   00200
__Lidloc                   idloc        00000
__Linit                    init         0016C
__Lintentry                intentry     00004
__Lmaintext                maintext     00200
__LnvBANK1                 nvBANK1      00200
__Lpa_nodes                pa_nodes     00200
__Lpowerup                 powerup      00000
__Lram                     ram          00200
__Lreset_vec               reset_vec    00000
__Lsfr0                    sfr0         00200
__Lsfr1                    sfr1         00200
__Lsfr10                   sfr10        00200
__Lsfr11                   sfr11        00200
__Lsfr12                   sfr12        00200
__Lsfr13                   sfr13        00200
__Lsfr14                   sfr14        00200
__Lsfr15                   sfr15        00200
__Lsfr16                   sfr16        00200
__Lsfr17                   sfr17        00200
__Lsfr18                   sfr18        00200
__Lsfr19                   sfr19        00200
__Lsfr2                    sfr2         00200
__Lsfr20                   sfr20        00200
__Lsfr21                   sfr21        00200
__Lsfr22                   sfr22        00200
__Lsfr23                   sfr23        00200
__Lsfr24                   sfr24        00200
__Lsfr25                   sfr25        00200
__Lsfr26                   sfr26        00200
__Lsfr27                   sfr27        00200
__Lsfr28                   sfr28        00200
__Lsfr29                   sfr29        00200
__Lsfr3                    sfr3         00200
__Lsfr30                   sfr30        00200
__Lsfr31                   sfr31        00200
__Lsfr4                    sfr4         00200
__Lsfr5                    sfr5         00200
__Lsfr6                    sfr6         00200
__Lsfr7                    sfr7         00200
__Lsfr8                    sfr8         00200
__Lsfr9                    sfr9         00200
__Lstrings                 strings      00200
__Lstringtext              stringtext   00200
__Ltext                    text         00200
__S0                       (abs)        08009
__S1                       (abs)        001A8
__S2                       (abs)        0F100
___lldiv                   text943      00248
___lldiv@counter           cstackBANK0  00061
___lldiv@dividend          cstackBANK0  00059
___lldiv@divisor           cstackBANK0  00055
___lldiv@quotient          cstackBANK0  0005D
___lmul                    text943      004C5
___lmul@multiplicand       cstackCOMMON 00074
___lmul@multiplier         cstackCOMMON 00070
___lmul@product            cstackCOMMON 00078
___lwdiv                   cinit        00A68
___lwdiv@counter           cstackCOMMON 00076
___lwdiv@dividend          cstackCOMMON 00072
___lwdiv@divisor           cstackCOMMON 00070
___lwdiv@quotient          cstackCOMMON 00074
___lwmod                   cinit        00A8D
___lwmod@counter           cstackCOMMON 00074
___lwmod@dividend          cstackCOMMON 00072
___lwmod@divisor           cstackCOMMON 00070
___wmul                    text943      003B6
___wmul@multiplicand       cstackCOMMON 00072
___wmul@multiplier         cstackCOMMON 00070
___wmul@product            cstackCOMMON 00074
__end_of_CAL_AcPeriod      cinit        00FDC
__end_of_CAL_MtrCurrent    text943      001F9
__end_of_CAL_MtrError      text961      00004
__end_of_CAL_MtrLevel      text931      006CD
__end_of_CAL_MtrSpeed      text942      007FD
__end_of_CAL_MtrTemp       cinit        00F76
__end_of_CAL_TuneValue     text931      00743
__end_of_COM_Ctrl          cinit        009BC
__end_of_COM_Init          text971      00818
__end_of_COM_Print         cinit        00A68
__end_of_E2P_RD            cinit        00BBC
__end_of_E2P_ReadByte      cinit        00AB5
__end_of_E2P_WR            cinit        00D68
__end_of_E2P_WriteByte     cinit        00F1F
__end_of_H1M1S1_ADD        cinit        01000
__end_of_H1M1S1_SUB        text954      01754
__end_of_H2M1S1_ADD        cinit        00F0F
__end_of_H3M1_ADD          text936      01800
__end_of_INTSR             intentry     0016C
__end_of_MCU_Init          cinit        0090F
__end_of_MCU_Refresh       cinit        00940
__end_of_MEM_Cmp           cinit        00BDE
__end_of_MEM_Cpy           cinit        00EDE
__end_of_MTR_Ctrl          cinit        00C0A
__end_of_MTR_Driver        text943      00371
__end_of_MTR_Init          cinit        00958
__end_of_PID_CAL           text943      004C5
__end_of_PID_LIM           text943      003B6
__end_of_REC_Faults        cinit        00DE5
__end_of_REC_SpeedWorking  cinit        00EC6
__end_of_REC_WorkingPower  text951      00800
__end_of_REC_WorkingTemp   text950      01799
__end_of_SQRT32            text943      00248
__end_of_SRL_Putc          cinit        009CD
__end_of_SVC_Ctrl          cinit        00D47
__end_of_SVC_GetTuneValue  text959      007FF
__end_of_SVC_Init          cinit        00BA7
__end_of_SVC_SetTuneValue  text931      0074B
__end_of_SVC_Timer         text936      017C4
__end_of_SYS_Ctrl          text931      005E6
__end_of_SYS_Init          cinit        0095D
__end_of___lldiv           text943      00287
__end_of___lmul            text943      004EA
__end_of___lwdiv           cinit        00A8D
__end_of___lwmod           cinit        00AAD
__end_of___wmul            text943      003CB
__end_of_main              cinit        0085F
__p_FLT_text               _FLT_text    01D00
__p_SQ8_text               _SQ8_text    01E00
__pbssBANK0                bssBANK0     00020
__pbssBANK1                bssBANK1     000A0
__pbssBANK3                bssBANK3     001A0
__pcstackBANK0             cstackBANK0  00055
__pcstackCOMMON            cstackCOMMON 00070
__pdataBANK0               dataBANK0    0006D
__pidataBANK0              idataBANK0   00000
__pintentry                intentry     00004
__pmaintext                cinit        00834
__pnvBANK1                 nvBANK1      000DE
__pstringtext              stringtext   01000
__pswtext1                 swtext1      00800
__pswtext2                 swtext2      0110B
__pswtext3                 swtext3      01101
__ptext928                 cinit        00BDE
__ptext929                 text943      00287
__ptext930                 cinit        00C0A
__ptext931                 text931      004EA
__ptext932                 cinit        00AB5
__ptext933                 cinit        0095D
__ptext934                 cinit        00D68
__ptext935                 cinit        00DE5
__ptext936                 text936      01799
__ptext937                 cinit        00D47
__ptext938                 cinit        00BA7
__ptext939                 text931      006CD
__ptext940                 text931      005E6
__ptext941                 text943      003CB
__ptext942                 text942      0074B
__ptext943                 text943      0016F
__ptext944                 cinit        009CD
__ptext945                 text943      00248
__ptext946                 text943      004C5
__ptext947                 cinit        00A8D
__ptext948                 cinit        00A68
__ptext949                 text943      003B6
__ptext950                 text950      01754
__ptext951                 text951      007FF
__ptext952                 text936      017C4
__ptext953                 cinit        00EDE
__ptext954                 text954      01730
__ptext955                 cinit        00FDC
__ptext956                 cinit        00BBC
__ptext957                 cinit        00EC6
__ptext958                 text931      00743
__ptext959                 text959      007FD
__ptext960                 text943      00371
__ptext961                 text961      00003
__ptext962                 cinit        00F76
__ptext963                 text943      001F9
__ptext964                 cinit        00F1F
__ptext965                 cinit        00958
__ptext966                 cinit        00940
__ptext967                 cinit        00F0F
__ptext968                 cinit        0090F
__ptext969                 cinit        0085F
__ptext970                 cinit        00AAD
__ptext971                 text971      00817
__ptext972                 cinit        009BC
__size_of_CAL_AcPeriod     (abs)        00000
__size_of_CAL_MtrCurrent   (abs)        00000
__size_of_CAL_MtrError     (abs)        00000
__size_of_CAL_MtrLevel     (abs)        00000
__size_of_CAL_MtrSpeed     (abs)        00000
__size_of_CAL_MtrTemp      (abs)        00000
__size_of_CAL_TuneValue    (abs)        00000
__size_of_COM_Ctrl         (abs)        00000
__size_of_COM_Init         (abs)        00000
__size_of_COM_Print        (abs)        00000
__size_of_E2P_RD           (abs)        00000
__size_of_E2P_ReadByte     (abs)        00000
__size_of_E2P_WR           (abs)        00000
__size_of_E2P_WriteByte    (abs)        00000
__size_of_H1M1S1_ADD       (abs)        00000
__size_of_H1M1S1_SUB       (abs)        00000
__size_of_H2M1S1_ADD       (abs)        00000
__size_of_H3M1_ADD         (abs)        00000
__size_of_INTSR            (abs)        00000
__size_of_MCU_Init         (abs)        00000
__size_of_MCU_Refresh      (abs)        00000
__size_of_MEM_Cmp          (abs)        00000
__size_of_MEM_Cpy          (abs)        00000
__size_of_MTR_Ctrl         (abs)        00000
__size_of_MTR_Driver       (abs)        00000
__size_of_MTR_Init         (abs)        00000
__size_of_PID_CAL          (abs)        00000
__size_of_PID_LIM          (abs)        00000
__size_of_REC_Faults       (abs)        00000
__size_of_REC_SpeedWorking (abs)        00000
__size_of_REC_WorkingPower (abs)        00000
__size_of_REC_WorkingTemp  (abs)        00000
__size_of_SQRT32           (abs)        00000
__size_of_SRL_Putc         (abs)        00000
__size_of_SVC_Ctrl         (abs)        00000
__size_of_SVC_GetTuneValue (abs)        00000
__size_of_SVC_Init         (abs)        00000
__size_of_SVC_SetTuneValue (abs)        00000
__size_of_SVC_Timer        (abs)        00000
__size_of_SYS_Ctrl         (abs)        00000
__size_of_SYS_Init         (abs)        00000
__size_of___lldiv          (abs)        00000
__size_of___lmul           (abs)        00000
__size_of___lwdiv          (abs)        00000
__size_of___lwmod          (abs)        00000
__size_of___wmul           (abs)        00000
__size_of_main             (abs)        00000
__stringtab                stringtext   01000
_acCrossEvent              bssBANK1     000B4
_acCrossIndex              bssBANK1     000B5
_acCrossTime               (abs)        00360
_acCrossWDT                bssBANK1     000B6
_acCycle                   bssBANK1     000A8
_acCycleFlag               bssBANK1     000B7
_acCycleHalf               bssBANK1     000B8
_ad2tpr                    stringtext   01001
_adCur2                    bssBANK1     000A0
_adCur2Buf                 bssBANK1     000A4
_adCurN                    bssBANK1     000B9
_adCurNBuf                 bssBANK1     000BA
_adNtc                     bssBANK1     000BB
_adVac                     bssBANK1     000BC
_adVrs                     bssBANK1     000BD
_autoWorkingTime           (abs)        00620
_e2pWrFlags                bssBANK0     0004A
_enADC                     nvBANK1      000DF
_exit                      init         0016C
_faultCode                 (abs)        00520
_faultTimeStamp            (abs)        00530
_faultTotalCount           (abs)        00527
_idrTest0                  bssBANK1     000BE
_idrTest1                  bssBANK1     000BF
_keyWorkingTime            (abs)        00624
_lastSpeedSetting          (abs)        00420
_lastSpeedWorkingTime      (abs)        00428
_lastUseAvePower           (abs)        004A8
_lastUseMaxMotorTemp       (abs)        00558
_lastUseMaxPower           (abs)        004A0
_lastUseReadyTime          (abs)        004B0
_main                      cinit        00834
_maxMcuTemp                (abs)        00550
_maxMotorHistoryTemp       (abs)        00557
_mtrCurrent                bssBANK0     00034
_mtrError                  bssBANK0     0004B
_mtrHallEvent              bssBANK1     000C0
_mtrHallIndex              bssBANK1     000C1
_mtrHallTime               (abs)        00320
_mtrHallWDT                bssBANK1     000C2
_mtrLevel                  bssBANK0     0004C
_mtrSpeed                  bssBANK0     00036
_mtrSpeedRef               bssBANK0     00038
_mtrTemp                   bssBANK0     0004D
_powerOnTime               bssBANK1     000D9
_prevTrig                  bssBANK1     000AA
_rxCNT                     bssBANK3     001A0
_rxFIFO                    (abs)        003C0
_rxRDP                     bssBANK3     001A1
_rxTIM                     bssBANK3     001A2
_rxWRP                     bssBANK3     001A3
_scnHall                   bssBANK1     000C3
_scnTest                   bssBANK1     000C4
_scnZero                   bssBANK1     000C5
_sysFault                  bssBANK0     0004E
_sysLevel                  bssBANK0     0004F
_sysStatus                 bssBANK0     00050
_sysTicks                  bssBANK1     000C6
_sysTimer                  bssBANK1     000AC
_tmADNTC                   nvBANK1      000E0
_tmADVAC                   nvBANK1      000E1
_tmADVRS                   nvBANK1      000E2
_tmTST0                    nvBANK1      000E3
_tmTST1                    nvBANK1      000E4
_tmTriac                   bssBANK1     000AE
_tmTriacOff                bssBANK1     000B0
_tmTriacOn                 bssBANK1     000B2
_totalAutoPressedCount     (abs)        00650
_totalInterlockOpenCount   (abs)        0065C
_totalKeyPressedCount      (abs)        00654
_totalNoInterlockTime      (abs)        00658
_totalPowerOnTime          (abs)        005A0
_totalSpeedWorkingTime     (abs)        00440
_totalStandbyTime          (abs)        005A4
_totalWorkingTime          (abs)        005A8
_trigDone                  bssBANK1     000C7
_triggering                bssBANK1     000C8
_tuneValue                 bssBANK0     00054
_txCNT                     bssBANK3     001A4
_txFIFO                    (abs)        003A0
_txRDP                     bssBANK3     001A5
_txTIM                     bssBANK3     001A6
_txWRP                     bssBANK3     001A7
btemp                      (abs)        0007E
clear_ram                  clrtext      0172A
end_of_initialization      cinit        00832
i1l15652                                     
i1l3269                                      
intlevel0                  functab      00000
intlevel1                  functab      00000
intlevel2                  functab      00000
intlevel3                  functab      00000
intlevel4                  functab      00000
intlevel5                  functab      00000
l11497                                       
l11505                                       
l13130                                       
l13151                                       
l13243                                       
l13311                                       
l14745                                       
l14755                                       
l14765                                       
l14820                                       
l14921                                       
l1587                                        
l1590                                        
l17084                                       
l17090                                       
l17092                                       
l17096                                       
l17098                                       
l17100                                       
l17102                                       
l17106                                       
l17108                                       
l17110                                       
l17112                                       
l17114                                       
l17116                                       
l17118                                       
l17120                                       
l17122                                       
l17124                                       
l17126                                       
l17128                                       
l17130                                       
l17132                                       
l17134                                       
l17136                                       
l17138                                       
l17140                                       
l17142                                       
l17144                                       
l17146                                       
l17148                                       
l17150                                       
l17152                                       
l17154                                       
l17156                                       
l17158                                       
l17160                                       
l17162                                       
l17164                                       
l17166                                       
l17168                                       
l17170                                       
l17172                                       
l17174                                       
l17176                                       
l17178                                       
l17180                                       
l17182                                       
l17184                                       
l17186                                       
l17188                                       
l17190                                       
l17192                                       
l17194                                       
l17196                                       
l17198                                       
l17200                                       
l17202                                       
l17204                                       
l17206                                       
l17208                                       
l17210                                       
l17212                                       
l17214                                       
l17216                                       
l17218                                       
l17220                                       
l17222                                       
l17224                                       
l17226                                       
l17228                                       
l17230                                       
l17232                                       
l17240                                       
l17242                                       
l17252                                       
l17254                                       
l17256                                       
l17258                                       
l17260                                       
l17262                                       
l17264                                       
l17266                                       
l17268                                       
l17270                                       
l17272                                       
l17274                                       
l17276                                       
l17278                                       
l17280                                       
l17282                                       
l17284                                       
l17286                                       
l17288                                       
l17290                                       
l17292                                       
l17294                                       
l17296                                       
l17298                                       
l17300                                       
l17302                                       
l17304                                       
l17310                                       
l17314                                       
l17320                                       
l17328                                       
l17330                                       
l17344                                       
l17346                                       
l17348                                       
l17350                                       
l17354                                       
l17356                                       
l17362                                       
l17368                                       
l17370                                       
l17372                                       
l17376                                       
l17380                                       
l17384                                       
l17388                                       
l17390                                       
l17392                                       
l17398                                       
l17400                                       
l17402                                       
l17404                                       
l17410                                       
l17414                                       
l17422                                       
l17434                                       
l17438                                       
l17442                                       
l17444                                       
l17448                                       
l17450                                       
l17454                                       
l17458                                       
l17476                                       
l17478                                       
l17482                                       
l17486                                       
l17488                                       
l17492                                       
l17496                                       
l17498                                       
l17502                                       
l17508                                       
l17510                                       
l17518                                       
l17522                                       
l17528                                       
l17538                                       
l17540                                       
l17542                                       
l17550                                       
l17552                                       
l17558                                       
l17560                                       
l17570                                       
l17574                                       
l17578                                       
l17584                                       
l17598                                       
l17604                                       
l17610                                       
l17616                                       
l17618                                       
l17628                                       
l17632                                       
l17636                                       
l17642                                       
l17644                                       
l17648                                       
l17650                                       
l17658                                       
l17660                                       
l17668                                       
l17670                                       
l17678                                       
l17682                                       
l17688                                       
l17690                                       
l17692                                       
l17694                                       
l17696                                       
l17698                                       
l17700                                       
l17702                                       
l17714                                       
l17718                                       
l17720                                       
l17730                                       
l17732                                       
l17734                                       
l17738                                       
l17742                                       
l17744                                       
l17768                                       
l17778                                       
l17780                                       
l17784                                       
l17786                                       
l17790                                       
l17796                                       
l17908                                       
l17914                                       
l17916                                       
l17924                                       
l17930                                       
l17932                                       
l17960                                       
l17972                                       
l17976                                       
l17978                                       
l17982                                       
l17986                                       
l17996                                       
l18004                                       
l18008                                       
l18012                                       
l18014                                       
l18016                                       
l18018                                       
l18028                                       
l18030                                       
l18034                                       
l18044                                       
l18046                                       
l18050                                       
l18060                                       
l18062                                       
l18064                                       
l18066                                       
l18068                                       
l18072                                       
l18074                                       
l18076                                       
l18078                                       
l18080                                       
l18082                                       
l18084                                       
l18086                                       
l18088                                       
l18094                                       
l18098                                       
l18102                                       
l18114                                       
l18116                                       
l18124                                       
l18126                                       
l18128                                       
l18130                                       
l18132                                       
l18134                                       
l18136                                       
l18138                                       
l18140                                       
l18142                                       
l18144                                       
l18148                                       
l18150                                       
l18152                                       
l18154                                       
l18156                                       
l18158                                       
l18160                                       
l18162                                       
l18164                                       
l18166                                       
l18168                                       
l18170                                       
l18172                                       
l18174                                       
l18176                                       
l18178                                       
l18180                                       
l18182                                       
l18184                                       
l18186                                       
l18188                                       
l18190                                       
l18192                                       
l18194                                       
l18196                                       
l18198                                       
l18200                                       
l18202                                       
l18204                                       
l18206                                       
l18208                                       
l18210                                       
l18212                                       
l18214                                       
l18216                                       
l18218                                       
l18220                                       
l18222                                       
l18224                                       
l18226                                       
l18228                                       
l18230                                       
l18232                                       
l18234                                       
l18236                                       
l18238                                       
l18240                                       
l18242                                       
l18244                                       
l18256                                       
l18258                                       
l18264                                       
l18270                                       
l18272                                       
l18280                                       
l18284                                       
l18300                                       
l18302                                       
l18328                                       
l18350                                       
l18354                                       
l18356                                       
l18360                                       
l18424                                       
l18426                                       
l18434                                       
l18436                                       
l18440                                       
l18442                                       
l18444                                       
l18448                                       
l18450                                       
l18452                                       
l18454                                       
l18456                                       
l18458                                       
l18460                                       
l18462                                       
l18466                                       
l18484                                       
l18486                                       
l18488                                       
l18492                                       
l18502                                       
l18510                                       
l18518                                       
l18520                                       
l18522                                       
l18524                                       
l18528                                       
l18530                                       
l18534                                       
l18540                                       
l18544                                       
l18550                                       
l18552                                       
l18554                                       
l18556                                       
l18558                                       
l18560                                       
l18564                                       
l18566                                       
l18570                                       
l18572                                       
l18574                                       
l18576                                       
l18578                                       
l18580                                       
l18586                                       
l3257                                        
l3260                                        
l3263                                        
l3266                                        
l6548                                        
l6593                                        
l6608                                        
l8302                                        
main@offTime               dataBANK0    0006D
reset_vec                  reset_vec    00000
start                      init         0016C
start_initialization       cinit        00818
wtemp0                     (abs)        0007E
