HI-TECH Software C Compiler 

Linker command line:

-W9 --edf=c:\Program Files (x86)\HI-TECH Software\PICC\9.83\dat\en_msgs.txt \
  -cs -h+_PrgPIC16F.sym -z -Q16F1829 -ol.obj -M_PrgPIC16F.map -E1 \
  -p_FLT_text=1D00h -p_SQ8_text=1E00h -ACONST=00h-0FFhx32 \
  -ACODE=00h-07FFhx3,01800h-01CFFh,01D00h-01DFFh,01E00h-01FFFh \
  -ASTRCODE=00h-01FFFh -AENTRY=00h-0FFhx32 -ASTRING=00h-0FFhx32 \
  -ABANK0=020h-06Fh -ABANK1=0A0h-0EFh -ABANK2=0120h-016Fh \
  -ABANK3=01A0h-01EFh -ABANK4=0220h-026Fh -ABANK5=02A0h-02EFh \
  -ABANK6=0320h-036Fh -ABANK7=03A0h-03EFh -ABANK8=0420h-046Fh \
  -ABANK9=04A0h-04EFh -ABANK10=0520h-056Fh -ABANK11=05A0h-05EFh \
  -ABANK12=0620h-064Fh -ABIGRAM=02000h-023EFh \
  -ARAM=020h-06Fh,0A0h-0EFh,0120h-016Fh,01A0h-01EFh,0220h-026Fh,02A0h-02EFh,0320h-036Fh,03A0h-03EFh,0420h-046Fh,04A0h-04EFh,0520h-056Fh,05A0h-05EFh,0620h-064Fh \
  -AABS1=020h-07Fh,0A0h-0EFh,0120h-016Fh,01A0h-01EFh,0220h-026Fh,02A0h-02EFh,0320h-036Fh,03A0h-03EFh,0420h-046Fh,04A0h-04EFh,0520h-056Fh,05A0h-05EFh,0620h-064Fh \
  -ACOMMON=070h-07Fh -ASFR0=00h-01Fh -ASFR1=080h-09Fh -ASFR2=0100h-011Fh \
  -ASFR3=0180h-019Fh -ASFR4=0200h-021Fh -ASFR5=0280h-029Fh \
  -ASFR6=0300h-031Fh -ASFR7=0380h-039Fh -ASFR8=0400h-041Fh \
  -ASFR9=0480h-049Fh -ASFR10=0500h-051Fh -ASFR11=0580h-059Fh \
  -ASFR12=0600h-061Fh -ASFR13=0680h-06EFh -ASFR14=0700h-076Fh \
  -ASFR15=0780h-07EFh -ASFR16=0800h-086Fh -ASFR17=0880h-08EFh \
  -ASFR18=0900h-096Fh -ASFR19=0980h-09EFh -ASFR20=0A00h-0A6Fh \
  -ASFR21=0A80h-0AEFh -ASFR22=0B00h-0B6Fh -ASFR23=0B80h-0BEFh \
  -ASFR24=0C00h-0C6Fh -ASFR25=0C80h-0CEFh -ASFR26=0D00h-0D6Fh \
  -ASFR27=0D80h-0DEFh -ASFR28=0E00h-0E6Fh -ASFR29=0E80h-0EEFh \
  -ASFR30=0F00h-0F6Fh -ASFR31=0F80h-0FEFh \
  -preset_vec=00h,intentry=04h,init,end_init -ppowerup=CODE -pfunctab=CODE \
  -ACONFIG=08007h-08008h -pconfig=CONFIG -DCONFIG=2 -AIDLOC=08000h-08003h \
  -pidloc=IDLOC -DIDLOC=2 -AEEDATA=00h-0FFh/0F000h -peeprom_data=EEDATA \
  -DEEDATA=2 -DCODE=2 -DSTRCODE=2 -DSTRING=2 -DCONST=2 -DENTRY=2 -k \
  C:\Users\liyachen\AppData\Local\Temp\smhk.obj _PrgPIC16F.obj 

Object code version is 3.10

Machine type is 16F1829



                Name                               Link     Load   Length Selector   Space Scale
C:\Users\liyachen\AppData\Local\Temp\smhk.obj
                end_init                            13E      13E        3        8       0
                reset_vec                             0        0        2        0       0
_PrgPIC16F.obj  intentry                              4        4      13A        8       0
                eeprom_data                           0     F000      100    1E000       2
                config                             8007     8007        2    1000E       0
                text1013                           1A62     1A62       1E     34C4       0
                text1012                              2        2        1        0       0
                text1011                           19EE     19EE        A     33DC       0
                text1010                           1510     1510       A9     2A20       0
                text1009                           1AE4     1AE4       2E     35C8       0
                text1008                           1A07     1A07       12     340E       0
                text1007                           1A2E     1A2E       18     345C       0
                text1006                           19E2     19E2        6     33C4       0
                text1005                           12B8     12B8       87     2570       0
                text1004                           133F     133F       93     267E       0
                text1003                           13D2     13D2       97     27A4       0
                text1002                              3        3        1        6       0
                text1001                           1CAF     1CAF       51     395E       0
                text1000                           1102     1102        4     2204       0
                text999                            19F8     19F8        F     33F0       0
                text998                            1A80     1A80       20     3500       0
                text997                            1BF1     1BF1       3C     37E2       0
                text996                            1BB8     1BB8       39     3770       0
                text995                            1B12     1B12       37     3624       0
                text994                            119D     119D       54     233A       0
                text993                            1254     1254       64     24A8       0
                text992                             7FF      7FF        1      FFE       0
                text991                             814      814       69     1028       0
                text990                            1AC0     1AC0       24     3580       0
                text989                            1106     1106       46     220C       0
                text988                            1C2D     1C2D       3E     385A       0
                text987                            1B49     1B49       37     3692       0
                text986                            11F1     11F1       63     23E2       0
                text985                             87D      87D       DE     10FA       0
                text984                            172E     172E       D2     2E5C       0
                text983                             95B      95B      112     12B6       0
                text982                             A6D      A6D      122     14DA       0
                text981                             E6C      E6C      194     1CD8       0
                swtext2                             7F5      7F5        A      FEA       0
                text980                            1669     1669       C5     2CD2       0
                text979                            1AA0     1AA0       20     3540       0
                text978                            1B80     1B80       38     3700       0
                text977                            1C6B     1C6B       44     38D6       0
                text976                             CE1      CE1      18B     19C2       0
                text975                            15B9     15B9       B0     2B72       0
                text974                            1469     1469       A7     28D2       0
                text973                             6A0      6A0      155        8       0
                swtext1                             800      800       14     1000       0
                text972                             141      141      365        8       0
                text971                             4A6      4A6      1FA        8       0
                text970                             B8F      B8F      152     171E       0
                text969                            1A19     1A19       15     3432       0
                maintext                           114C     114C       51     2298       0
                cstackBANK0                          52       52       1C       20       1
                cstackCOMMON                         70       70        D       70       1
                clrtext                            19E8     19E8        6     33D0       0
                bssBANK3                            1A0      1A0        8      1A0       1
                bssBANK1                             A0       A0       3B       A0       1
                bssBANK0                             20       20       32       20       1
                bssCOMMON                            7D       7D        1       70       1
                cinit                              1A46     1A46       1C     348C       0
                nvBANK1                              DB       DB        C       A0       1
                nvBANK0                              6E       6E        1       20       1
                _FLT_text                          1D00     1D00      100     3A00       0
                _SQ8_text                          1E00     1E00      200     3C00       0
                stringtext                         1000     1000      101       20       0

TOTAL           Name                               Link     Load   Length     Space
        CLASS   CONST          
                swtext2                             7F5      7F5        A         0
                swtext1                             800      800       14         0

        CLASS   CODE           
                end_init                            13E      13E        3         0
                intentry                              4        4      13A         0
                reset_vec                             0        0        2         0
                text1013                           1A62     1A62       1E         0
                text1012                              2        2        1         0
                text1011                           19EE     19EE        A         0
                text1010                           1510     1510       A9         0
                text1009                           1AE4     1AE4       2E         0
                text1008                           1A07     1A07       12         0
                text1007                           1A2E     1A2E       18         0
                text1006                           19E2     19E2        6         0
                text1005                           12B8     12B8       87         0
                text1004                           133F     133F       93         0
                text1003                           13D2     13D2       97         0
                text1002                              3        3        1         0
                text1001                           1CAF     1CAF       51         0
                text1000                           1102     1102        4         0
                text999                            19F8     19F8        F         0
                text998                            1A80     1A80       20         0
                text997                            1BF1     1BF1       3C         0
                text996                            1BB8     1BB8       39         0
                text995                            1B12     1B12       37         0
                text994                            119D     119D       54         0
                text993                            1254     1254       64         0
                text992                             7FF      7FF        1         0
                text991                             814      814       69         0
                text990                            1AC0     1AC0       24         0
                text989                            1106     1106       46         0
                text988                            1C2D     1C2D       3E         0
                text987                            1B49     1B49       37         0
                text986                            11F1     11F1       63         0
                text985                             87D      87D       DE         0
                text984                            172E     172E       D2         0
                text983                             95B      95B      112         0
                text982                             A6D      A6D      122         0
                text981                             E6C      E6C      194         0
                text980                            1669     1669       C5         0
                text979                            1AA0     1AA0       20         0
                text978                            1B80     1B80       38         0
                text977                            1C6B     1C6B       44         0
                text976                             CE1      CE1      18B         0
                text975                            15B9     15B9       B0         0
                text974                            1469     1469       A7         0
                text973                             6A0      6A0      155         0
                text972                             141      141      365         0
                text971                             4A6      4A6      1FA         0
                text970                             B8F      B8F      152         0
                text969                            1A19     1A19       15         0
                maintext                           114C     114C       51         0
                clrtext                            19E8     19E8        6         0
                cinit                              1A46     1A46       1C         0
                _FLT_text                          1D00     1D00      100         0
                _SQ8_text                          1E00     1E00      200         0

        CLASS   STRCODE        
                stringtext                         1000     1000      101         0

        CLASS   ENTRY          

        CLASS   STRING         

        CLASS   BANK0          
                cstackBANK0                          52       52       1C         1
                bssBANK0                             20       20       32         1
                nvBANK0                              6E       6E        1         1

        CLASS   BANK1          
                bssBANK1                             A0       A0       3B         1
                nvBANK1                              DB       DB        C         1

        CLASS   BANK2          

        CLASS   BANK3          
                bssBANK3                            1A0      1A0        8         1

        CLASS   BANK4          

        CLASS   BANK5          

        CLASS   BANK6          

        CLASS   BANK7          

        CLASS   BANK8          

        CLASS   BANK9          

        CLASS   BANK10         

        CLASS   BANK11         

        CLASS   BANK12         

        CLASS   BIGRAM         

        CLASS   RAM            

        CLASS   ABS1           
                abs_s1                               7E       7E        2         1
                abs_s1                              320      320       50         1
                abs_s1                              3A0      3A0       40         1
                abs_s1                              420      420        7         1
                abs_s1                              428      428       15         1
                abs_s1                              440      440       1C         1
                abs_s1                              4A0      4A0        7         1
                abs_s1                              4A8      4A8        7         1
                abs_s1                              4B0      4B0        E         1
                abs_s1                              520      520       2C         1
                abs_s1                              550      550        F         1
                abs_s1                              5A0      5A0        C         1
                abs_s1                              620      620       28         1
                abs_s1                              650      650        2         1
                abs_s1                              654      654       12         1
                abs_s1                              658      658        6         1

        CLASS   COMMON         
                cstackCOMMON                         70       70        D         1
                bssCOMMON                            7D       7D        1         1

        CLASS   SFR0           

        CLASS   SFR1           

        CLASS   SFR2           

        CLASS   SFR3           

        CLASS   SFR4           

        CLASS   SFR5           

        CLASS   SFR6           

        CLASS   SFR7           

        CLASS   SFR8           

        CLASS   SFR9           

        CLASS   SFR10          

        CLASS   SFR11          

        CLASS   SFR12          

        CLASS   SFR13          

        CLASS   SFR14          

        CLASS   SFR15          

        CLASS   SFR16          

        CLASS   SFR17          

        CLASS   SFR18          

        CLASS   SFR19          

        CLASS   SFR20          

        CLASS   SFR21          

        CLASS   SFR22          

        CLASS   SFR23          

        CLASS   SFR24          

        CLASS   SFR25          

        CLASS   SFR26          

        CLASS   SFR27          

        CLASS   SFR28          

        CLASS   SFR29          

        CLASS   SFR30          

        CLASS   SFR31          

        CLASS   CONFIG         
                config                             8007     8007        2         0

        CLASS   IDLOC          

        CLASS   EEDATA         
                eeprom_data                           0     F000      100         2

        CLASS   BANK31         

        CLASS   BANK30         

        CLASS   BANK29         

        CLASS   BANK28         

        CLASS   BANK27         

        CLASS   BANK26         

        CLASS   BANK25         

        CLASS   BANK24         

        CLASS   BANK23         

        CLASS   BANK22         

        CLASS   BANK21         

        CLASS   BANK20         

        CLASS   BANK19         

        CLASS   BANK18         

        CLASS   BANK17         

        CLASS   BANK16         

        CLASS   BANK15         

        CLASS   BANK14         

        CLASS   BANK13         



SEGMENTS        Name                           Load    Length   Top    Selector   Space  Class     Delta

                reset_vec                      000000  000003  000003         0       0  CODE        2
                text1002                       000003  000001  000004         6       0  CODE        2
                intentry                       000004  0007F1  0007F5         8       0  CODE        2
                bssBANK0                       000020  00004F  00006F        20       1  BANK0       1
                cstackCOMMON                   000070  00000E  00007E        70       1  COMMON      1
                bssBANK1                       0000A0  000047  0000E7        A0       1  BANK1       1
                bssBANK3                       0001A0  000008  0001A8       1A0       1  BANK3       1
                swtext2                        0007F5  00000A  0007FF       FEA       0  CONST       2
                text992                        0007FF  000001  000800       FFE       0  CODE        2
                swtext1                        000800  000014  000814      1000       0  CONST       2
                text991                        000814  000069  00087D      1028       0  CODE        2
                text985                        00087D  0000DE  00095B      10FA       0  CODE        2
                text983                        00095B  000112  000A6D      12B6       0  CODE        2
                text982                        000A6D  000122  000B8F      14DA       0  CODE        2
                text970                        000B8F  000152  000CE1      171E       0  CODE        2
                text976                        000CE1  00018B  000E6C      19C2       0  CODE        2
                text981                        000E6C  000194  001000      1CD8       0  CODE        2
                stringtext                     001000  000101  001101        20       0  STRCODE     2
                text1000                       001102  000004  001106      2204       0  CODE        2
                text989                        001106  000046  00114C      220C       0  CODE        2
                maintext                       00114C  000051  00119D      2298       0  CODE        2
                text994                        00119D  000054  0011F1      233A       0  CODE        2
                text986                        0011F1  000063  001254      23E2       0  CODE        2
                text993                        001254  000064  0012B8      24A8       0  CODE        2
                text1005                       0012B8  000087  00133F      2570       0  CODE        2
                text1004                       00133F  000093  0013D2      267E       0  CODE        2
                text1003                       0013D2  000097  001469      27A4       0  CODE        2
                text974                        001469  0000A7  001510      28D2       0  CODE        2
                text1010                       001510  0000A9  0015B9      2A20       0  CODE        2
                text975                        0015B9  0000B0  001669      2B72       0  CODE        2
                text980                        001669  0000C5  00172E      2CD2       0  CODE        2
                text984                        00172E  0000D2  001800      2E5C       0  CODE        2
                text1006                       0019E2  000006  0019E8      33C4       0  CODE        2
                clrtext                        0019E8  000006  0019EE      33D0       0  CODE        2
                text1011                       0019EE  00000A  0019F8      33DC       0  CODE        2
                text999                        0019F8  00000F  001A07      33F0       0  CODE        2
                text1008                       001A07  000012  001A19      340E       0  CODE        2
                text969                        001A19  000015  001A2E      3432       0  CODE        2
                text1007                       001A2E  000018  001A46      345C       0  CODE        2
                cinit                          001A46  00001C  001A62      348C       0  CODE        2
                text1013                       001A62  00001E  001A80      34C4       0  CODE        2
                text998                        001A80  000020  001AA0      3500       0  CODE        2
                text979                        001AA0  000020  001AC0      3540       0  CODE        2
                text990                        001AC0  000024  001AE4      3580       0  CODE        2
                text1009                       001AE4  00002E  001B12      35C8       0  CODE        2
                text995                        001B12  000037  001B49      3624       0  CODE        2
                text987                        001B49  000037  001B80      3692       0  CODE        2
                text978                        001B80  000038  001BB8      3700       0  CODE        2
                text996                        001BB8  000039  001BF1      3770       0  CODE        2
                text997                        001BF1  00003C  001C2D      37E2       0  CODE        2
                text988                        001C2D  00003E  001C6B      385A       0  CODE        2
                text977                        001C6B  000044  001CAF      38D6       0  CODE        2
                text1001                       001CAF  000051  001D00      395E       0  CODE        2
                _FLT_text                      001D00  000100  001E00      3A00       0  CODE        2
                _SQ8_text                      001E00  000200  002000      3C00       0  CODE        2
                config                         008007  000002  008009     1000E       0  CONFIG      2
                eeprom_data                    00F000  000100  00F100     1E000       2  EEDATA      2


UNUSED ADDRESS RANGES

        Name                Unused          Largest block    Delta
        BANK0            0006F-0006F               1           1
        BANK1            000E7-000EF               9           1
        BANK10           0054C-0054F               4           1
                         0055F-0056F              11
        BANK11           005AC-005EF              44           1
        BANK12           00648-0064F               8           1
        BANK2            00120-0016F              50           1
        BANK3            001A8-001EF              48           1
        BANK4            00220-0026F              50           1
        BANK5            002A0-002EF              50           1
        BANK7            003E0-003EF              10           1
        BANK8            00427-00427               1           1
                         0043D-0043F               3
                         0045C-0046F              14
        BANK9            004A7-004A7               1           1
                         004AF-004AF               1
                         004BE-004EF              32
        BIGRAM           02000-023EF             3F0           1
        CODE             01101-01101               1           2
                         01800-019E1             1E2
        CONST            01101-01101               1           2
                         01800-019E1             100
        ENTRY            01101-01101               1           2
                         01800-019E1             100
        IDLOC            08000-08003               4           2
        RAM              0006F-0006F               1           1
                         000E7-000EF               9
                         00120-0016F              50
                         001A8-001EF              48
                         00220-0026F              50
                         002A0-002EF              50
                         003E0-003EF              10
                         00427-00427               1
                         0043D-0043F               3
                         0045C-0046F              14
                         004A7-004A7               1
                         004AF-004AF               1
                         004BE-004EF              32
                         0054C-0054F               4
                         0055F-0056F              11
                         005AC-005EF              44
                         00648-0064F               8
        SFR0             00000-0001F              20           1
        SFR1             00080-0009F              20           1
        SFR10            00500-0051F              20           1
        SFR11            00580-0059F              20           1
        SFR12            00600-0061F              20           1
        SFR13            00680-006EF              70           1
        SFR14            00700-0076F              70           1
        SFR15            00780-007EF              70           1
        SFR16            00800-0086F              70           1
        SFR17            00880-008EF              70           1
        SFR18            00900-0096F              70           1
        SFR19            00980-009EF              70           1
        SFR2             00100-0011F              20           1
        SFR20            00A00-00A6F              70           1
        SFR21            00A80-00AEF              70           1
        SFR22            00B00-00B6F              70           1
        SFR23            00B80-00BEF              70           1
        SFR24            00C00-00C6F              70           1
        SFR25            00C80-00CEF              70           1
        SFR26            00D00-00D6F              70           1
        SFR27            00D80-00DEF              70           1
        SFR28            00E00-00E6F              70           1
        SFR29            00E80-00EEF              70           1
        SFR3             00180-0019F              20           1
        SFR30            00F00-00F6F              70           1
        SFR31            00F80-00FEF              70           1
        SFR4             00200-0021F              20           1
        SFR5             00280-0029F              20           1
        SFR6             00300-0031F              20           1
        SFR7             00380-0039F              20           1
        SFR8             00400-0041F              20           1
        SFR9             00480-0049F              20           1
        STRCODE          01101-01101               1           2
                         01800-019E1             1E2
        STRING           01101-01101               1           2
                         01800-019E1             100

                                  Symbol Table

??_CAL_AcPeriod            cstackCOMMON 00071
??_CAL_MtrCurrent          cstackBANK0  00060
??_CAL_MtrError            cstackCOMMON 00071
??_CAL_MtrLevel            cstackCOMMON 00071
??_CAL_MtrSpeed            cstackBANK0  00060
??_CAL_MtrTemp             cstackCOMMON 00071
??_CAL_TuneValue           cstackCOMMON 00073
??_COM_Ctrl                cstackBANK0  00052
??_COM_Init                cstackCOMMON 00071
??_COM_Print               cstackCOMMON 0007B
??_E2P_RD                  cstackCOMMON 00075
??_E2P_ReadByte            cstackCOMMON 00071
??_E2P_WR                  cstackCOMMON 00076
??_E2P_WriteByte           cstackCOMMON 00072
??_H1M1S1_ADD              cstackCOMMON 00072
??_H1M1S1_SUB              cstackCOMMON 00072
??_H2M1S1_ADD              cstackCOMMON 00072
??_H3M1_ADD                cstackCOMMON 00074
??_INTSR                   cstackCOMMON 00070
??_MCU_Init                cstackCOMMON 00071
??_MCU_Refresh             cstackCOMMON 00071
??_MEM_Cmp                 cstackCOMMON 00073
??_MEM_Cpy                 cstackCOMMON 00076
??_MTR_Ctrl                cstackCOMMON 0007D
??_MTR_Driver              cstackBANK0  00067
??_MTR_Init                cstackCOMMON 00071
??_PID_CAL                 cstackBANK0  00054
??_PID_LIM                 cstackCOMMON 00075
??_REC_Faults              cstackCOMMON 00077
??_REC_SpeedWorking        cstackCOMMON 00077
??_REC_WorkingPower        cstackCOMMON 00071
??_REC_WorkingTemp         cstackCOMMON 00071
??_SQRT32                  cstackCOMMON 00075
??_SRL_Putc                cstackCOMMON 00071
??_SVC_Ctrl                cstackCOMMON 00079
??_SVC_GetTuneValue        cstackCOMMON 00071
??_SVC_Init                cstackCOMMON 00077
??_SVC_SetTuneValue        cstackCOMMON 00071
??_SVC_Timer               cstackCOMMON 00077
??_SYS_Ctrl                cstackBANK0  00064
??_SYS_Init                cstackCOMMON 00071
??___lldiv                 cstackBANK0  0005A
??___lmul                  cstackCOMMON 00079
??___lwdiv                 cstackCOMMON 00075
??___lwmod                 cstackCOMMON 00075
??___wmul                  cstackCOMMON 00075
??_main                    cstackBANK0  0006D
?_CAL_AcPeriod             cstackCOMMON 00070
?_CAL_MtrCurrent           cstackCOMMON 00070
?_CAL_MtrError             cstackCOMMON 00070
?_CAL_MtrLevel             cstackCOMMON 00070
?_CAL_MtrSpeed             cstackCOMMON 00070
?_CAL_MtrTemp              cstackCOMMON 00070
?_CAL_TuneValue            cstackCOMMON 00070
?_COM_Ctrl                 cstackCOMMON 00070
?_COM_Init                 cstackCOMMON 00070
?_COM_Print                cstackCOMMON 00079
?_E2P_RD                   cstackCOMMON 00072
?_E2P_ReadByte             cstackCOMMON 00070
?_E2P_WR                   cstackCOMMON 00073
?_E2P_WriteByte            cstackCOMMON 00071
?_H1M1S1_ADD               cstackCOMMON 00071
?_H1M1S1_SUB               cstackCOMMON 00071
?_H2M1S1_ADD               cstackCOMMON 00071
?_H3M1_ADD                 cstackCOMMON 00071
?_INTSR                    cstackCOMMON 00070
?_MCU_Init                 cstackCOMMON 00070
?_MCU_Refresh              cstackCOMMON 00070
?_MEM_Cmp                  cstackCOMMON 00071
?_MEM_Cpy                  cstackCOMMON 00071
?_MTR_Ctrl                 cstackCOMMON 00070
?_MTR_Driver               cstackCOMMON 00070
?_MTR_Init                 cstackCOMMON 00070
?_PID_CAL                  cstackBANK0  00052
?_PID_LIM                  cstackCOMMON 00071
?_REC_Faults               cstackCOMMON 00070
?_REC_SpeedWorking         cstackCOMMON 00070
?_REC_WorkingPower         cstackCOMMON 00070
?_REC_WorkingTemp          cstackCOMMON 00070
?_SQRT32                   cstackCOMMON 00071
?_SRL_Putc                 cstackCOMMON 00070
?_SVC_Ctrl                 cstackCOMMON 00070
?_SVC_GetTuneValue         cstackCOMMON 00070
?_SVC_Init                 cstackCOMMON 00070
?_SVC_SetTuneValue         cstackCOMMON 00070
?_SVC_Timer                cstackCOMMON 00070
?_SYS_Ctrl                 cstackCOMMON 00070
?_SYS_Init                 cstackCOMMON 00070
?___lldiv                  cstackBANK0  00052
?___lmul                   cstackCOMMON 00071
?___lwdiv                  cstackCOMMON 00071
?___lwmod                  cstackCOMMON 00071
?___wmul                   cstackCOMMON 00071
?_main                     cstackCOMMON 00070
CAL_AcPeriod@i             cstackCOMMON 00075
CAL_AcPeriod@t             cstackCOMMON 00076
CAL_AcPeriod@tmCRS         bssBANK1     000A8
CAL_MtrCurrent@n           cstackBANK0  00068
CAL_MtrCurrent@s           cstackBANK0  00064
CAL_MtrCurrent@tmOVC       bssBANK1     000AA
CAL_MtrLevel@ad            cstackBANK0  00063
CAL_MtrLevel@ofs           cstackBANK0  00062
CAL_MtrSpeed@i             cstackBANK0  00068
CAL_MtrSpeed@j             cstackBANK0  00067
CAL_MtrSpeed@n             cstackBANK0  00066
CAL_MtrSpeed@t             cstackBANK0  00064
CAL_MtrSpeed@tmZSP         bssBANK1     000AC
CAL_MtrTemp@cnt            bssBANK0     00034
CAL_MtrTemp@er1            bssBANK0     00035
CAL_MtrTemp@err            bssBANK0     00036
CAL_MtrTemp@sum            bssBANK0     00028
CAL_TuneValue@max          bssBANK0     00037
CAL_TuneValue@min          bssBANK0     00038
CAL_TuneValue@state        bssBANK0     00039
CAL_TuneValue@time         bssBANK0     0002A
COM_Ctrl@t                 bssBANK0     0003A
COM_Print@f                cstackCOMMON 0007B
COM_Print@n                cstackCOMMON 00079
E2P_RD@addr                cstackCOMMON 00076
E2P_RD@n                   cstackCOMMON 00074
E2P_RD@p                   cstackCOMMON 00072
E2P_ReadByte@addr          cstackCOMMON 00071
E2P_WR@addr                cstackCOMMON 00077
E2P_WR@n                   cstackCOMMON 00075
E2P_WR@p                   cstackCOMMON 00073
E2P_WriteByte@addr         cstackCOMMON 00072
E2P_WriteByte@byte         cstackCOMMON 00071
H1M1S1_ADD@p               cstackCOMMON 00073
H1M1S1_ADD@s               cstackCOMMON 00071
H1M1S1_SUB@p               cstackCOMMON 00073
H1M1S1_SUB@s               cstackCOMMON 00071
H2M1S1_ADD@p               cstackCOMMON 00073
H2M1S1_ADD@s               cstackCOMMON 00071
H3M1_ADD@m                 cstackCOMMON 00073
H3M1_ADD@p                 cstackCOMMON 00071
MEM_Cmp@n                  cstackCOMMON 00072
MEM_Cmp@p1                 cstackCOMMON 00075
MEM_Cmp@p2                 cstackCOMMON 00071
MEM_Cpy@n                  cstackCOMMON 00075
MEM_Cpy@p1                 cstackCOMMON 00071
MEM_Cpy@p2                 cstackCOMMON 00073
MTR_Driver@OLIM            bssBANK0     00020
MTR_Driver@SREG            bssBANK1     000CB
MTR_Driver@err             cstackBANK0  00069
MTR_Driver@max             cstackBANK0  0006B
MTR_Driver@sref            bssBANK0     0002C
MTR_Driver@state           bssBANK0     0003B
MTR_Driver@time            bssBANK0     0003C
PID_CAL@err                cstackBANK0  00052
PID_CAL@p                  cstackBANK0  00066
PID_LIM@max                cstackCOMMON 00073
PID_LIM@min                cstackCOMMON 00071
PID_LIM@p                  cstackCOMMON 00078
REC_Faults@fault           bssBANK0     0003D
REC_SpeedWorking@cnLvl     bssBANK0     0003E
REC_SpeedWorking@level     bssBANK0     0003F
REC_SpeedWorking@lsLvl     bssBANK0     00040
REC_SpeedWorking@tmLvl     bssBANK0     0004E
REC_WorkingTemp@next       bssBANK0     00041
REC_WorkingTemp@temp       bssBANK0     00042
SQRT32@a                   cstackCOMMON 00071
SQRT32@divisor             cstackBANK0  00053
SQRT32@i                   cstackBANK0  00052
SQRT32@remainder           cstackBANK0  00057
SQRT32@root                cstackBANK0  0005B
SRL_Putc@c                 cstackCOMMON 00072
SVC_Init@cmp               cstackCOMMON 0007A
SVC_SetTuneValue@value     cstackCOMMON 00072
SVC_Timer@tmSEC            bssBANK0     00043
SYS_Ctrl@ad                cstackCOMMON 0007C
SYS_Ctrl@checkCount        bssBANK0     00044
SYS_Ctrl@min               bssBANK0     00045
SYS_Ctrl@preAdvalue        bssBANK0     00046
SYS_Ctrl@time              bssBANK0     00024
_ADCON0                    (abs)        0009D
_ADCON1                    (abs)        0009E
_ANSELA                    (abs)        0018C
_ANSELB                    (abs)        0018D
_ANSELC                    (abs)        0018E
_APFCON0                   (abs)        0011D
_APFCON1                   (abs)        0011E
_BAUDCON                   (abs)        0019F
_CAL_AcPeriod              text1003     013D2
_CAL_MtrCurrent            text984      0172E
_CAL_MtrError              text1002     00003
_CAL_MtrLevel              text981      00E6C
_CAL_MtrLevel$10906        cstackBANK0  00052
_CAL_MtrLevel$10907        cstackBANK0  00054
_CAL_MtrLevel$10908        cstackBANK0  00056
_CAL_MtrLevel$10909        cstackBANK0  00058
_CAL_MtrLevel$10910        cstackBANK0  0005A
_CAL_MtrLevel$10911        cstackBANK0  0005C
_CAL_MtrLevel$10912        cstackBANK0  0005E
_CAL_MtrLevel$10913        cstackBANK0  00060
_CAL_MtrSpeed              text983      0095B
_CAL_MtrTemp               text1005     012B8
_CAL_TuneValue             text980      01669
_CARRY                     (abs)        00018
_CFGS                      (abs)        00CAE
_CM1CON0                   (abs)        00111
_CM1CON1                   (abs)        00112
_CM2CON0                   (abs)        00113
_CM2CON1                   (abs)        00114
_COM_Ctrl                  text974      01469
_COM_Init                  text1012     00002
_COM_Print                 text985      0087D
_CREN                      (abs)        00CEC
_DACCON0                   (abs)        00118
_DACCON1                   (abs)        00119
_E2P_RD                    text979      01AA0
_E2P_ReadByte              text1011     019EE
_E2P_WR                    text978      01B80
_E2P_WriteByte             text1008     01A07
_EEADR                     (abs)        00191
_EEADRL                    (abs)        00191
_EECON1                    (abs)        00195
_EECON2                    (abs)        00196
_EEDATA                    (abs)        00193
_EEDATL                    (abs)        00193
_EEPGD                     (abs)        00CAF
_FLT                       _FLT_text    01D00
_FLT_absaddr               (abs)        01D00
_FVRCON                    (abs)        00117
_GIE                       (abs)        0005F
_H1M1S1_ADD                text996      01BB8
_H1M1S1_SUB                text995      01B12
_H2M1S1_ADD                text994      0119D
_H3M1_ADD                  text993      01254
_INLVLA                    (abs)        0038C
_INLVLB                    (abs)        0038D
_INLVLC                    (abs)        0038E
_INTSR                     intentry     00004
_LATA                      (abs)        0010C
_LATB                      (abs)        0010D
_LATB6                     (abs)        0086E
_LATC                      (abs)        0010E
_MCU_Init                  text1010     01510
_MCU_Refresh               text1009     01AE4
_MEM_Cmp                   text997      01BF1
_MEM_Cpy                   text998      01A80
_MTR_Ctrl                  text969      01A19
_MTR_Driver                text970      00B8F
_MTR_Init                  text1007     01A2E
_ODRA                      nvBANK1      000DB
_OSCCON                    (abs)        00099
_OSCTUNE                   (abs)        00098
_PEIE                      (abs)        0005E
_PID_CAL                   text982      00A6D
_PID_LIM                   text1001     01CAF
_PIE1                      (abs)        00091
_PIE2                      (abs)        00092
_PIE3                      (abs)        00093
_PIE4                      (abs)        00094
_PIR1                      (abs)        00011
_PIR2                      (abs)        00012
_PIR3                      (abs)        00013
_PIR4                      (abs)        00014
_PR6                       (abs)        0041D
_RCSTA                     (abs)        0019D
_RD                        (abs)        00CA8
_REC_Faults                text975      015B9
_REC_SpeedWorking          text976      00CE1
_REC_WorkingPower          text992      007FF
_REC_WorkingTemp           text991      00814
_SPBRGH                    (abs)        0019C
_SPBRGL                    (abs)        0019B
_SPEN                      (abs)        00CEF
_SQ8                       _SQ8_text    01E00
_SQ8_absaddr               (abs)        01E00
_SQRT32                    text1004     0133F
_SRL_Putc                  text1013     01A62
_SVC_Ctrl                  text971      004A6
_SVC_GetTuneValue          text1000     01102
_SVC_Init                  text973      006A0
_SVC_SetTuneValue          text999      019F8
_SVC_Timer                 text977      01C6B
_SYS_Ctrl                  text972      00141
_SYS_Init                  text1006     019E2
_T1CON                     (abs)        00018
_T1GCON                    (abs)        00019
_T6CON                     (abs)        0041E
_TRISA                     (abs)        0008C
_TRISB                     (abs)        0008D
_TRISC                     (abs)        0008E
_TXEN                      (abs)        00CF5
_TXSTA                     (abs)        0019E
_WDTCON                    (abs)        00097
_WPUA                      (abs)        0020C
_WPUB                      (abs)        0020D
_WPUC                      (abs)        0020E
_WR                        (abs)        00CA9
_WREN                      (abs)        00CAA
__Babs1                    abs1         1E200
__Bbank0                   bank0        1E200
__Bbank1                   bank1        1E200
__Bbank10                  bank10       1E200
__Bbank11                  bank11       1E200
__Bbank12                  bank12       1E200
__Bbank13                  bank13       1E200
__Bbank14                  bank14       1E200
__Bbank15                  bank15       1E200
__Bbank16                  bank16       1E200
__Bbank17                  bank17       1E200
__Bbank18                  bank18       1E200
__Bbank19                  bank19       1E200
__Bbank2                   bank2        1E200
__Bbank20                  bank20       1E200
__Bbank21                  bank21       1E200
__Bbank22                  bank22       1E200
__Bbank23                  bank23       1E200
__Bbank24                  bank24       1E200
__Bbank25                  bank25       1E200
__Bbank26                  bank26       1E200
__Bbank27                  bank27       1E200
__Bbank28                  bank28       1E200
__Bbank29                  bank29       1E200
__Bbank3                   bank3        1E200
__Bbank30                  bank30       1E200
__Bbank31                  bank31       1E200
__Bbank4                   bank4        1E200
__Bbank5                   bank5        1E200
__Bbank6                   bank6        1E200
__Bbank7                   bank7        1E200
__Bbank8                   bank8        1E200
__Bbank9                   bank9        1E200
__Bbigram                  bigram       1E200
__BbssBANK0                bssBANK0     1E200
__BbssBANK1                bssBANK1     1E200
__BbssBANK3                bssBANK3     1E200
__BbssCOMMON               bssCOMMON    1E200
__Bcinit                   cinit        1E200
__Bclrtext                 clrtext      1E200
__Bcode                    code         1E200
__Bcommon                  common       1E200
__BcstackBANK0             cstackBANK0  1E200
__BcstackCOMMON            cstackCOMMON 1E200
__Beeprom_data             eeprom_data  0F000
__Bmaintext                maintext     1E200
__BnvBANK0                 nvBANK0      1E200
__BnvBANK1                 nvBANK1      1E200
__Bram                     ram          1E200
__Bsfr0                    sfr0         1E200
__Bsfr1                    sfr1         1E200
__Bsfr10                   sfr10        1E200
__Bsfr11                   sfr11        1E200
__Bsfr12                   sfr12        1E200
__Bsfr13                   sfr13        1E200
__Bsfr14                   sfr14        1E200
__Bsfr15                   sfr15        1E200
__Bsfr16                   sfr16        1E200
__Bsfr17                   sfr17        1E200
__Bsfr18                   sfr18        1E200
__Bsfr19                   sfr19        1E200
__Bsfr2                    sfr2         1E200
__Bsfr20                   sfr20        1E200
__Bsfr21                   sfr21        1E200
__Bsfr22                   sfr22        1E200
__Bsfr23                   sfr23        1E200
__Bsfr24                   sfr24        1E200
__Bsfr25                   sfr25        1E200
__Bsfr26                   sfr26        1E200
__Bsfr27                   sfr27        1E200
__Bsfr28                   sfr28        1E200
__Bsfr29                   sfr29        1E200
__Bsfr3                    sfr3         1E200
__Bsfr30                   sfr30        1E200
__Bsfr31                   sfr31        1E200
__Bsfr4                    sfr4         1E200
__Bsfr5                    sfr5         1E200
__Bsfr6                    sfr6         1E200
__Bsfr7                    sfr7         1E200
__Bsfr8                    sfr8         1E200
__Bsfr9                    sfr9         1E200
__Bstrings                 strings      1E200
__Bstringtext              stringtext   1E200
__Btext                    text         1E200
__H_FLT_text               _FLT_text    01E00
__H_SQ8_text               _SQ8_text    02000
__Habs1                    abs1         00200
__Hbank0                   bank0        00200
__Hbank1                   bank1        00200
__Hbank10                  bank10       00200
__Hbank11                  bank11       00200
__Hbank12                  bank12       00200
__Hbank13                  bank13       00200
__Hbank14                  bank14       00200
__Hbank15                  bank15       00200
__Hbank16                  bank16       00200
__Hbank17                  bank17       00200
__Hbank18                  bank18       00200
__Hbank19                  bank19       00200
__Hbank2                   bank2        00200
__Hbank20                  bank20       00200
__Hbank21                  bank21       00200
__Hbank22                  bank22       00200
__Hbank23                  bank23       00200
__Hbank24                  bank24       00200
__Hbank25                  bank25       00200
__Hbank26                  bank26       00200
__Hbank27                  bank27       00200
__Hbank28                  bank28       00200
__Hbank29                  bank29       00200
__Hbank3                   bank3        00200
__Hbank30                  bank30       00200
__Hbank31                  bank31       00200
__Hbank4                   bank4        00200
__Hbank5                   bank5        00200
__Hbank6                   bank6        00200
__Hbank7                   bank7        00200
__Hbank8                   bank8        00200
__Hbank9                   bank9        00200
__Hbigram                  bigram       00200
__HbssBANK0                bssBANK0     00200
__HbssBANK1                bssBANK1     00200
__HbssBANK3                bssBANK3     00200
__HbssCOMMON               bssCOMMON    00200
__Hcinit                   cinit        00200
__Hclrtext                 clrtext      00200
__Hcode                    code         00200
__Hcommon                  common       00200
__Hconfig                  config       08009
__HcstackBANK0             cstackBANK0  00200
__HcstackCOMMON            cstackCOMMON 00200
__Heeprom_data             eeprom_data  00100
__Hend_init                end_init     00141
__Hfunctab                 functab      00000
__Hidloc                   idloc        00000
__Hinit                    init         0013E
__Hintentry                intentry     0013E
__Hmaintext                maintext     00200
__HnvBANK0                 nvBANK0      00200
__HnvBANK1                 nvBANK1      00200
__Hpowerup                 powerup      00000
__Hram                     ram          00200
__Hreset_vec               reset_vec    00002
__Hsfr0                    sfr0         00200
__Hsfr1                    sfr1         00200
__Hsfr10                   sfr10        00200
__Hsfr11                   sfr11        00200
__Hsfr12                   sfr12        00200
__Hsfr13                   sfr13        00200
__Hsfr14                   sfr14        00200
__Hsfr15                   sfr15        00200
__Hsfr16                   sfr16        00200
__Hsfr17                   sfr17        00200
__Hsfr18                   sfr18        00200
__Hsfr19                   sfr19        00200
__Hsfr2                    sfr2         00200
__Hsfr20                   sfr20        00200
__Hsfr21                   sfr21        00200
__Hsfr22                   sfr22        00200
__Hsfr23                   sfr23        00200
__Hsfr24                   sfr24        00200
__Hsfr25                   sfr25        00200
__Hsfr26                   sfr26        00200
__Hsfr27                   sfr27        00200
__Hsfr28                   sfr28        00200
__Hsfr29                   sfr29        00200
__Hsfr3                    sfr3         00200
__Hsfr30                   sfr30        00200
__Hsfr31                   sfr31        00200
__Hsfr4                    sfr4         00200
__Hsfr5                    sfr5         00200
__Hsfr6                    sfr6         00200
__Hsfr7                    sfr7         00200
__Hsfr8                    sfr8         00200
__Hsfr9                    sfr9         00200
__Hstrings                 strings      00200
__Hstringtext              stringtext   00200
__Htext                    text         00200
__L_FLT_text               _FLT_text    01D00
__L_SQ8_text               _SQ8_text    01E00
__Labs1                    abs1         00200
__Lbank0                   bank0        00200
__Lbank1                   bank1        00200
__Lbank10                  bank10       00200
__Lbank11                  bank11       00200
__Lbank12                  bank12       00200
__Lbank13                  bank13       00200
__Lbank14                  bank14       00200
__Lbank15                  bank15       00200
__Lbank16                  bank16       00200
__Lbank17                  bank17       00200
__Lbank18                  bank18       00200
__Lbank19                  bank19       00200
__Lbank2                   bank2        00200
__Lbank20                  bank20       00200
__Lbank21                  bank21       00200
__Lbank22                  bank22       00200
__Lbank23                  bank23       00200
__Lbank24                  bank24       00200
__Lbank25                  bank25       00200
__Lbank26                  bank26       00200
__Lbank27                  bank27       00200
__Lbank28                  bank28       00200
__Lbank29                  bank29       00200
__Lbank3                   bank3        00200
__Lbank30                  bank30       00200
__Lbank31                  bank31       00200
__Lbank4                   bank4        00200
__Lbank5                   bank5        00200
__Lbank6                   bank6        00200
__Lbank7                   bank7        00200
__Lbank8                   bank8        00200
__Lbank9                   bank9        00200
__Lbigram                  bigram       00200
__LbssBANK0                bssBANK0     00200
__LbssBANK1                bssBANK1     00200
__LbssBANK3                bssBANK3     00200
__LbssCOMMON               bssCOMMON    00200
__Lcinit                   cinit        00200
__Lclrtext                 clrtext      00200
__Lcode                    code         00200
__Lcommon                  common       00200
__Lconfig                  config       08007
__LcstackBANK0             cstackBANK0  00200
__LcstackCOMMON            cstackCOMMON 00200
__Leeprom_data             eeprom_data  00000
__Lend_init                end_init     0013E
__Lfunctab                 functab      00000
__Lidloc                   idloc        00000
__Linit                    init         0013E
__Lintentry                intentry     00004
__Lmaintext                maintext     00200
__LnvBANK0                 nvBANK0      00200
__LnvBANK1                 nvBANK1      00200
__Lpowerup                 powerup      00000
__Lram                     ram          00200
__Lreset_vec               reset_vec    00000
__Lsfr0                    sfr0         00200
__Lsfr1                    sfr1         00200
__Lsfr10                   sfr10        00200
__Lsfr11                   sfr11        00200
__Lsfr12                   sfr12        00200
__Lsfr13                   sfr13        00200
__Lsfr14                   sfr14        00200
__Lsfr15                   sfr15        00200
__Lsfr16                   sfr16        00200
__Lsfr17                   sfr17        00200
__Lsfr18                   sfr18        00200
__Lsfr19                   sfr19        00200
__Lsfr2                    sfr2         00200
__Lsfr20                   sfr20        00200
__Lsfr21                   sfr21        00200
__Lsfr22                   sfr22        00200
__Lsfr23                   sfr23        00200
__Lsfr24                   sfr24        00200
__Lsfr25                   sfr25        00200
__Lsfr26                   sfr26        00200
__Lsfr27                   sfr27        00200
__Lsfr28                   sfr28        00200
__Lsfr29                   sfr29        00200
__Lsfr3                    sfr3         00200
__Lsfr30                   sfr30        00200
__Lsfr31                   sfr31        00200
__Lsfr4                    sfr4         00200
__Lsfr5                    sfr5         00200
__Lsfr6                    sfr6         00200
__Lsfr7                    sfr7         00200
__Lsfr8                    sfr8         00200
__Lsfr9                    sfr9         00200
__Lstrings                 strings      00200
__Lstringtext              stringtext   00200
__Ltext                    text         00200
__S0                       (abs)        08009
__S1                       (abs)        001A8
__S2                       (abs)        0F100
___lldiv                   text986      011F1
___lldiv@counter           cstackBANK0  0005F
___lldiv@dividend          cstackBANK0  00056
___lldiv@divisor           cstackBANK0  00052
___lldiv@quotient          cstackBANK0  0005B
___lmul                    text987      01B49
___lmul@multiplicand       cstackCOMMON 00075
___lmul@multiplier         cstackCOMMON 00071
___lmul@product            cstackCOMMON 00079
___lwdiv                   text989      01106
___lwdiv@counter           cstackCOMMON 00078
___lwdiv@dividend          cstackCOMMON 00073
___lwdiv@divisor           cstackCOMMON 00071
___lwdiv@quotient          cstackCOMMON 00076
___lwmod                   text988      01C2D
___lwmod@counter           cstackCOMMON 00076
___lwmod@dividend          cstackCOMMON 00073
___lwmod@divisor           cstackCOMMON 00071
___wmul                    text990      01AC0
___wmul@multiplicand       cstackCOMMON 00073
___wmul@multiplier         cstackCOMMON 00071
___wmul@product            cstackCOMMON 00075
__end_of_CAL_AcPeriod      text1003     01469
__end_of_CAL_MtrCurrent    text984      01800
__end_of_CAL_MtrError      text1002     00004
__end_of_CAL_MtrLevel      text981      01000
__end_of_CAL_MtrSpeed      text983      00A6D
__end_of_CAL_MtrTemp       text1005     0133F
__end_of_CAL_TuneValue     text980      0172E
__end_of_COM_Ctrl          text974      01510
__end_of_COM_Init          text1012     00003
__end_of_COM_Print         text985      0095B
__end_of_E2P_RD            text979      01AC0
__end_of_E2P_ReadByte      text1011     019F8
__end_of_E2P_WR            text978      01BB8
__end_of_E2P_WriteByte     text1008     01A19
__end_of_H1M1S1_ADD        text996      01BF1
__end_of_H1M1S1_SUB        text995      01B49
__end_of_H2M1S1_ADD        text994      011F1
__end_of_H3M1_ADD          text993      012B8
__end_of_INTSR             intentry     0013E
__end_of_MCU_Init          text1010     015B9
__end_of_MCU_Refresh       text1009     01B12
__end_of_MEM_Cmp           text997      01C2D
__end_of_MEM_Cpy           text998      01AA0
__end_of_MTR_Ctrl          text969      01A2E
__end_of_MTR_Driver        text970      00CE1
__end_of_MTR_Init          text1007     01A46
__end_of_PID_CAL           text982      00B8F
__end_of_PID_LIM           text1001     01D00
__end_of_REC_Faults        text975      01669
__end_of_REC_SpeedWorking  text976      00E6C
__end_of_REC_WorkingPower  text992      00800
__end_of_REC_WorkingTemp   text991      0087D
__end_of_SQRT32            text1004     013D2
__end_of_SRL_Putc          text1013     01A80
__end_of_SVC_Ctrl          text971      006A0
__end_of_SVC_GetTuneValue  text1000     01106
__end_of_SVC_Init          text973      007F5
__end_of_SVC_SetTuneValue  text999      01A07
__end_of_SVC_Timer         text977      01CAF
__end_of_SYS_Ctrl          text972      004A6
__end_of_SYS_Init          text1006     019E8
__end_of___lldiv           text986      01254
__end_of___lmul            text987      01B80
__end_of___lwdiv           text989      0114C
__end_of___lwmod           text988      01C6B
__end_of___wmul            text990      01AE4
__end_of_main              maintext     0119D
__p_FLT_text               _FLT_text    01D00
__p_SQ8_text               _SQ8_text    01E00
__pbssBANK0                bssBANK0     00020
__pbssBANK1                bssBANK1     000A0
__pbssBANK3                bssBANK3     001A0
__pbssCOMMON               bssCOMMON    0007D
__pcstackBANK0             cstackBANK0  00052
__pcstackCOMMON            cstackCOMMON 00070
__pintentry                intentry     00004
__pmaintext                maintext     0114C
__pnvBANK0                 nvBANK0      0006E
__pnvBANK1                 nvBANK1      000DB
__pstringtext              stringtext   01000
__pswtext1                 swtext1      00800
__pswtext2                 swtext2      007F5
__ptext1000                text1000     01102
__ptext1001                text1001     01CAF
__ptext1002                text1002     00003
__ptext1003                text1003     013D2
__ptext1004                text1004     0133F
__ptext1005                text1005     012B8
__ptext1006                text1006     019E2
__ptext1007                text1007     01A2E
__ptext1008                text1008     01A07
__ptext1009                text1009     01AE4
__ptext1010                text1010     01510
__ptext1011                text1011     019EE
__ptext1012                text1012     00002
__ptext1013                text1013     01A62
__ptext969                 text969      01A19
__ptext970                 text970      00B8F
__ptext971                 text971      004A6
__ptext972                 text972      00141
__ptext973                 text973      006A0
__ptext974                 text974      01469
__ptext975                 text975      015B9
__ptext976                 text976      00CE1
__ptext977                 text977      01C6B
__ptext978                 text978      01B80
__ptext979                 text979      01AA0
__ptext980                 text980      01669
__ptext981                 text981      00E6C
__ptext982                 text982      00A6D
__ptext983                 text983      0095B
__ptext984                 text984      0172E
__ptext985                 text985      0087D
__ptext986                 text986      011F1
__ptext987                 text987      01B49
__ptext988                 text988      01C2D
__ptext989                 text989      01106
__ptext990                 text990      01AC0
__ptext991                 text991      00814
__ptext992                 text992      007FF
__ptext993                 text993      01254
__ptext994                 text994      0119D
__ptext995                 text995      01B12
__ptext996                 text996      01BB8
__ptext997                 text997      01BF1
__ptext998                 text998      01A80
__ptext999                 text999      019F8
__size_of_CAL_AcPeriod     (abs)        00000
__size_of_CAL_MtrCurrent   (abs)        00000
__size_of_CAL_MtrError     (abs)        00000
__size_of_CAL_MtrLevel     (abs)        00000
__size_of_CAL_MtrSpeed     (abs)        00000
__size_of_CAL_MtrTemp      (abs)        00000
__size_of_CAL_TuneValue    (abs)        00000
__size_of_COM_Ctrl         (abs)        00000
__size_of_COM_Init         (abs)        00000
__size_of_COM_Print        (abs)        00000
__size_of_E2P_RD           (abs)        00000
__size_of_E2P_ReadByte     (abs)        00000
__size_of_E2P_WR           (abs)        00000
__size_of_E2P_WriteByte    (abs)        00000
__size_of_H1M1S1_ADD       (abs)        00000
__size_of_H1M1S1_SUB       (abs)        00000
__size_of_H2M1S1_ADD       (abs)        00000
__size_of_H3M1_ADD         (abs)        00000
__size_of_INTSR            (abs)        00000
__size_of_MCU_Init         (abs)        00000
__size_of_MCU_Refresh      (abs)        00000
__size_of_MEM_Cmp          (abs)        00000
__size_of_MEM_Cpy          (abs)        00000
__size_of_MTR_Ctrl         (abs)        00000
__size_of_MTR_Driver       (abs)        00000
__size_of_MTR_Init         (abs)        00000
__size_of_PID_CAL          (abs)        00000
__size_of_PID_LIM          (abs)        00000
__size_of_REC_Faults       (abs)        00000
__size_of_REC_SpeedWorking (abs)        00000
__size_of_REC_WorkingPower (abs)        00000
__size_of_REC_WorkingTemp  (abs)        00000
__size_of_SQRT32           (abs)        00000
__size_of_SRL_Putc         (abs)        00000
__size_of_SVC_Ctrl         (abs)        00000
__size_of_SVC_GetTuneValue (abs)        00000
__size_of_SVC_Init         (abs)        00000
__size_of_SVC_SetTuneValue (abs)        00000
__size_of_SVC_Timer        (abs)        00000
__size_of_SYS_Ctrl         (abs)        00000
__size_of_SYS_Init         (abs)        00000
__size_of___lldiv          (abs)        00000
__size_of___lmul           (abs)        00000
__size_of___lwdiv          (abs)        00000
__size_of___lwmod          (abs)        00000
__size_of___wmul           (abs)        00000
__size_of_main             (abs)        00000
__stringtab                stringtext   01000
_acCrossEvent              bssBANK1     000B8
_acCrossIndex              bssBANK1     000B9
_acCrossTime               (abs)        00360
_acCrossWDT                bssBANK1     000BA
_acCycle                   bssBANK1     000AE
_acCycleFlag               bssBANK1     000BB
_acCycleHalf               bssBANK1     000BC
_ad2tpr                    stringtext   01001
_adCur2                    bssBANK1     000A0
_adCur2Buf                 bssBANK1     000A4
_adCurN                    bssBANK1     000BD
_adCurNBuf                 bssBANK1     000BE
_adNtc                     bssBANK1     000BF
_adVac                     bssBANK1     000C0
_adVrs                     bssBANK1     000C1
_autoWorkingTime           (abs)        00620
_e2pWrFlags                bssBANK0     00047
_enADC                     nvBANK1      000DC
_exit                      init         0013E
_faultCode                 (abs)        00520
_faultTimeStamp            (abs)        00530
_faultTotalCount           (abs)        00527
_idrTest0                  bssBANK1     000C2
_idrTest1                  bssBANK1     000C3
_keyWorkingTime            (abs)        00624
_lastSpeedSetting          (abs)        00420
_lastSpeedWorkingTime      (abs)        00428
_lastUseAvePower           (abs)        004A8
_lastUseMaxMotorTemp       (abs)        00558
_lastUseMaxPower           (abs)        004A0
_lastUseReadyTime          (abs)        004B0
_main                      maintext     0114C
_maxMcuTemp                (abs)        00550
_maxMotorHistoryTemp       (abs)        00557
_mtrCurrent                bssBANK0     0002E
_mtrError                  bssBANK0     00048
_mtrHallEvent              bssBANK1     000C4
_mtrHallIndex              bssBANK1     000C5
_mtrHallTime               (abs)        00320
_mtrHallWDT                bssBANK1     000C6
_mtrLevel                  bssCOMMON    0007D
_mtrSpeed                  bssBANK0     00030
_mtrSpeedRef               bssBANK0     00032
_mtrTemp                   nvBANK0      0006E
_powerOnTime               nvBANK1      000E2
_preStatus                 bssBANK0     00049
_rxCNT                     bssBANK3     001A0
_rxFIFO                    (abs)        003C0
_rxRDP                     bssBANK3     001A1
_rxTIM                     bssBANK3     001A2
_rxWRP                     bssBANK3     001A3
_scnHall                   bssBANK1     000C7
_scnTest                   bssBANK1     000C8
_scnZero                   bssBANK1     000C9
_sysFault                  bssBANK0     0004A
_sysLevel                  bssBANK0     0004B
_sysStatus                 bssBANK0     0004C
_sysTicks                  bssBANK1     000CA
_sysTimer                  bssBANK1     000B0
_tmADNTC                   nvBANK1      000DD
_tmADVAC                   nvBANK1      000DE
_tmADVRS                   nvBANK1      000DF
_tmTST0                    nvBANK1      000E0
_tmTST1                    nvBANK1      000E1
_tmTriac                   bssBANK1     000B2
_tmTriacOff                bssBANK1     000B4
_tmTriacOn                 bssBANK1     000B6
_totalAutoPressedCount     (abs)        00650
_totalInterlockOpenCount   (abs)        0065C
_totalKeyPressedCount      (abs)        00654
_totalNoInterlockTime      (abs)        00658
_totalPowerOnTime          (abs)        005A0
_totalSpeedWorkingTime     (abs)        00440
_totalStandbyTime          (abs)        005A4
_totalWorkingTime          (abs)        005A8
_tuneValue                 bssBANK0     00051
_txCNT                     bssBANK3     001A4
_txFIFO                    (abs)        003A0
_txRDP                     bssBANK3     001A5
_txTIM                     bssBANK3     001A6
_txWRP                     bssBANK3     001A7
btemp                      (abs)        0007E
clear_ram                  clrtext      019E8
end_of_initialization      cinit        01A5F
intlevel0                  functab      00000
intlevel1                  functab      00000
intlevel2                  functab      00000
intlevel3                  functab      00000
intlevel4                  functab      00000
intlevel5                  functab      00000
main@offTime               bssBANK0     0004D
reset_vec                  reset_vec    00000
start                      init         0013E
start_initialization       cinit        01A46
wtemp0                     (abs)        0007E
