HI-TECH Software C Compiler 

Linker command line:

-W9 --edf=c:\Program Files (x86)\HI-TECH Software\PICC\9.83\dat\en_msgs.txt \
  -cs -h+_PrgPIC16F.sym -z -Q16F1829 -ol.obj -M_PrgPIC16F.map -E1 \
  -p_FLT_text=1D00h -p_SQ8_text=1E00h -ACONST=00h-0FFhx32 \
  -ACODE=00h-07FFhx3,01800h-01CFFh,01D00h-01DFFh,01E00h-01FFFh \
  -ASTRCODE=00h-01FFFh -AENTRY=00h-0FFhx32 -ASTRING=00h-0FFhx32 \
  -ABANK0=020h-06Fh -ABANK1=0A0h-0EFh -ABANK2=0120h-016Fh \
  -ABANK3=01A0h-01EFh -ABANK4=0220h-026Fh -ABANK5=02A0h-02EFh \
  -ABANK6=0320h-036Fh -ABANK7=03A0h-03EFh -ABANK8=0420h-046Fh \
  -ABANK9=04A0h-04EFh -ABANK10=0520h-056Fh -ABANK11=05A0h-05EFh \
  -ABANK12=0620h-064Fh -ABIGRAM=02000h-023EFh \
  -ARAM=020h-06Fh,0A0h-0EFh,0120h-016Fh,01A0h-01EFh,0220h-026Fh,02A0h-02EFh,0320h-036Fh,03A0h-03EFh,0420h-046Fh,04A0h-04EFh,0520h-056Fh,05A0h-05EFh,0620h-064Fh \
  -AABS1=020h-07Fh,0A0h-0EFh,0120h-016Fh,01A0h-01EFh,0220h-026Fh,02A0h-02EFh,0320h-036Fh,03A0h-03EFh,0420h-046Fh,04A0h-04EFh,0520h-056Fh,05A0h-05EFh,0620h-064Fh \
  -ACOMMON=070h-07Fh -ASFR0=00h-01Fh -ASFR1=080h-09Fh -ASFR2=0100h-011Fh \
  -ASFR3=0180h-019Fh -ASFR4=0200h-021Fh -ASFR5=0280h-029Fh \
  -ASFR6=0300h-031Fh -ASFR7=0380h-039Fh -ASFR8=0400h-041Fh \
  -ASFR9=0480h-049Fh -ASFR10=0500h-051Fh -ASFR11=0580h-059Fh \
  -ASFR12=0600h-061Fh -ASFR13=0680h-06EFh -ASFR14=0700h-076Fh \
  -ASFR15=0780h-07EFh -ASFR16=0800h-086Fh -ASFR17=0880h-08EFh \
  -ASFR18=0900h-096Fh -ASFR19=0980h-09EFh -ASFR20=0A00h-0A6Fh \
  -ASFR21=0A80h-0AEFh -ASFR22=0B00h-0B6Fh -ASFR23=0B80h-0BEFh \
  -ASFR24=0C00h-0C6Fh -ASFR25=0C80h-0CEFh -ASFR26=0D00h-0D6Fh \
  -ASFR27=0D80h-0DEFh -ASFR28=0E00h-0E6Fh -ASFR29=0E80h-0EEFh \
  -ASFR30=0F00h-0F6Fh -ASFR31=0F80h-0FEFh \
  -preset_vec=00h,intentry=04h,init,end_init -ppowerup=CODE -pfunctab=CODE \
  -ACONFIG=08007h-08008h -pconfig=CONFIG -DCONFIG=2 -AIDLOC=08000h-08003h \
  -pidloc=IDLOC -DIDLOC=2 -AEEDATA=00h-0FFh/0F000h -peeprom_data=EEDATA \
  -DEEDATA=2 -DCODE=2 -DSTRCODE=2 -DSTRING=2 -DCONST=2 -DENTRY=2 -k \
  C:\Users\liyachen\AppData\Local\Temp\si8s.obj _PrgPIC16F.obj 

Object code version is 3.10

Machine type is 16F1829



                Name                               Link     Load   Length Selector   Space Scale
C:\Users\liyachen\AppData\Local\Temp\si8s.obj
                end_init                            170      170        3        8       0
                reset_vec                             0        0        2        0       0
_PrgPIC16F.obj  intentry                              4        4      16C        8       0
                eeprom_data                           0     F000      100    1E000       2
                config                             8007     8007        2    1000E       0
                text1032                           1C50     1C50       1E     38A0       0
                text1031                            80A      80A        1     1014       0
                text1030                           1BF8     1BF8        A     37F0       0
                text1029                            80B      80B        1     1016       0
                text1028                           1754     1754       AC     2EA8       0
                text1027                           1CD2     1CD2       2E     39A4       0
                text1026                           1C11     1C11       12     3822       0
                text1025                           1C38     1C38       18     3870       0
                text1024                           1BF2     1BF2        6     37E4       0
                text1023                           1598     1598       92     2B30       0
                text1022                           162A     162A       93     2C54       0
                text1021                           16BD     16BD       97     2D7A       0
                text1020                              2        2        1        0       0
                text1019                           133A     133A       51     2674       0
                text1018                           1BEE     1BEE        4     37DC       0
                text1017                           1C02     1C02        F     3804       0
                text1016                           1C6E     1C6E       20     38DC       0
                text1015                           11E7     11E7       3C     23CE       0
                text1014                           11AE     11AE       39     235C       0
                text1013                           1108     1108       37     2210       0
                text1012                           138B     138B       54     2716       0
                text1011                           1442     1442       64     2884       0
                text1010                              3        3        1        6       0
                text1009                           14A6     14A6       69     294C       0
                text1008                           1CAE     1CAE       24     395C       0
                text1007                           12A5     12A5       46     254A       0
                text1006                           1223     1223       3E     2446       0
                text1005                           113F     113F       37     227E       0
                text1004                           13DF     13DF       63     27BE       0
                text1003                            A50      A50       DE     14A0       0
                text1002                            981      981       CF     1302       0
                text1001                            B2E      B2E      112     165C       0
                text1000                            C40      C40      122     1880       0
                text999                             36D      36D      192        8       0
                swtext2                             800      800        A     1000       0
                text998                             8BC      8BC       C5     1178       0
                text997                            1C8E     1C8E       20     391C       0
                text996                            1176     1176       38     22EC       0
                text995                            1261     1261       44     24C2       0
                text994                             4FF      4FF      18B        8       0
                text993                             80C      80C       B0     1018       0
                text992                            150F     150F       89     2A1E       0
                text991                             68A      68A      155        8       0
                swtext1                            1800     1800       14     3000       0
                text990                             D62      D62      126     1AC4       0
                text989                             173      173      1FA        8       0
                text988                             E88      E88      178     1D10       0
                text987                            1C23     1C23       15     3846       0
                maintext                           12EB     12EB       4F     25D6       0
                cstackBANK0                          51       51       1C       20       1
                cstackCOMMON                         70       70        D       70       1
                clrtext                            1102     1102        6     2204       0
                bssBANK3                            1A0      1A0        8      1A0       1
                bssBANK1                             A0       A0       3A       A0       1
                dataBANK0                            6E       6E        1       20       1
                bssBANK0                             20       20       31       20       1
                bssCOMMON                            7D       7D        1       70       1
                cinit                               7DF      7DF       20        8       0
                nvBANK1                              DA       DA        C       A0       1
                nvBANK0                              6D       6D        1       20       1
                _FLT_text                          1D00     1D00      100     3A00       0
                _SQ8_text                          1E00     1E00      200     3C00       0
                stringtext                         1000     1000      101       20       0
                idataBANK0                          7FF      7FF        1        8       0

TOTAL           Name                               Link     Load   Length     Space
        CLASS   CONST          
                swtext2                             800      800        A         0
                swtext1                            1800     1800       14         0

        CLASS   CODE           
                end_init                            170      170        3         0
                intentry                              4        4      16C         0
                reset_vec                             0        0        2         0
                text1032                           1C50     1C50       1E         0
                text1031                            80A      80A        1         0
                text1030                           1BF8     1BF8        A         0
                text1029                            80B      80B        1         0
                text1028                           1754     1754       AC         0
                text1027                           1CD2     1CD2       2E         0
                text1026                           1C11     1C11       12         0
                text1025                           1C38     1C38       18         0
                text1024                           1BF2     1BF2        6         0
                text1023                           1598     1598       92         0
                text1022                           162A     162A       93         0
                text1021                           16BD     16BD       97         0
                text1020                              2        2        1         0
                text1019                           133A     133A       51         0
                text1018                           1BEE     1BEE        4         0
                text1017                           1C02     1C02        F         0
                text1016                           1C6E     1C6E       20         0
                text1015                           11E7     11E7       3C         0
                text1014                           11AE     11AE       39         0
                text1013                           1108     1108       37         0
                text1012                           138B     138B       54         0
                text1011                           1442     1442       64         0
                text1010                              3        3        1         0
                text1009                           14A6     14A6       69         0
                text1008                           1CAE     1CAE       24         0
                text1007                           12A5     12A5       46         0
                text1006                           1223     1223       3E         0
                text1005                           113F     113F       37         0
                text1004                           13DF     13DF       63         0
                text1003                            A50      A50       DE         0
                text1002                            981      981       CF         0
                text1001                            B2E      B2E      112         0
                text1000                            C40      C40      122         0
                text999                             36D      36D      192         0
                text998                             8BC      8BC       C5         0
                text997                            1C8E     1C8E       20         0
                text996                            1176     1176       38         0
                text995                            1261     1261       44         0
                text994                             4FF      4FF      18B         0
                text993                             80C      80C       B0         0
                text992                            150F     150F       89         0
                text991                             68A      68A      155         0
                text990                             D62      D62      126         0
                text989                             173      173      1FA         0
                text988                             E88      E88      178         0
                text987                            1C23     1C23       15         0
                maintext                           12EB     12EB       4F         0
                clrtext                            1102     1102        6         0
                cinit                               7DF      7DF       20         0
                _FLT_text                          1D00     1D00      100         0
                _SQ8_text                          1E00     1E00      200         0
                idataBANK0                          7FF      7FF        1         0

        CLASS   STRCODE        
                stringtext                         1000     1000      101         0

        CLASS   ENTRY          

        CLASS   STRING         

        CLASS   BANK0          
                cstackBANK0                          51       51       1C         1
                dataBANK0                            6E       6E        1         1
                bssBANK0                             20       20       31         1
                nvBANK0                              6D       6D        1         1

        CLASS   BANK1          
                bssBANK1                             A0       A0       3A         1
                nvBANK1                              DA       DA        C         1

        CLASS   BANK2          

        CLASS   BANK3          
                bssBANK3                            1A0      1A0        8         1

        CLASS   BANK4          

        CLASS   BANK5          

        CLASS   BANK6          

        CLASS   BANK7          

        CLASS   BANK8          

        CLASS   BANK9          

        CLASS   BANK10         

        CLASS   BANK11         

        CLASS   BANK12         

        CLASS   BIGRAM         

        CLASS   RAM            

        CLASS   ABS1           
                abs_s1                               7E       7E        2         1
                abs_s1                              320      320       50         1
                abs_s1                              3A0      3A0       40         1
                abs_s1                              420      420        7         1
                abs_s1                              428      428       15         1
                abs_s1                              440      440       1C         1
                abs_s1                              4A0      4A0        7         1
                abs_s1                              4A8      4A8        7         1
                abs_s1                              4B0      4B0        E         1
                abs_s1                              520      520       2C         1
                abs_s1                              550      550        F         1
                abs_s1                              5A0      5A0        C         1
                abs_s1                              620      620       28         1
                abs_s1                              650      650        2         1
                abs_s1                              654      654       12         1
                abs_s1                              658      658        6         1

        CLASS   COMMON         
                cstackCOMMON                         70       70        D         1
                bssCOMMON                            7D       7D        1         1

        CLASS   SFR0           

        CLASS   SFR1           

        CLASS   SFR2           

        CLASS   SFR3           

        CLASS   SFR4           

        CLASS   SFR5           

        CLASS   SFR6           

        CLASS   SFR7           

        CLASS   SFR8           

        CLASS   SFR9           

        CLASS   SFR10          

        CLASS   SFR11          

        CLASS   SFR12          

        CLASS   SFR13          

        CLASS   SFR14          

        CLASS   SFR15          

        CLASS   SFR16          

        CLASS   SFR17          

        CLASS   SFR18          

        CLASS   SFR19          

        CLASS   SFR20          

        CLASS   SFR21          

        CLASS   SFR22          

        CLASS   SFR23          

        CLASS   SFR24          

        CLASS   SFR25          

        CLASS   SFR26          

        CLASS   SFR27          

        CLASS   SFR28          

        CLASS   SFR29          

        CLASS   SFR30          

        CLASS   SFR31          

        CLASS   CONFIG         
                config                             8007     8007        2         0

        CLASS   IDLOC          

        CLASS   EEDATA         
                eeprom_data                           0     F000      100         2

        CLASS   BANK31         

        CLASS   BANK30         

        CLASS   BANK29         

        CLASS   BANK28         

        CLASS   BANK27         

        CLASS   BANK26         

        CLASS   BANK25         

        CLASS   BANK24         

        CLASS   BANK23         

        CLASS   BANK22         

        CLASS   BANK21         

        CLASS   BANK20         

        CLASS   BANK19         

        CLASS   BANK18         

        CLASS   BANK17         

        CLASS   BANK16         

        CLASS   BANK15         

        CLASS   BANK14         

        CLASS   BANK13         



SEGMENTS        Name                           Load    Length   Top    Selector   Space  Class     Delta

                reset_vec                      000000  000003  000003         0       0  CODE        2
                text1010                       000003  000001  000004         6       0  CODE        2
                intentry                       000004  0007FC  000800         8       0  CODE        2
                bssBANK0                       000020  00004F  00006F        20       1  BANK0       1
                cstackCOMMON                   000070  00000E  00007E        70       1  COMMON      1
                bssBANK1                       0000A0  000046  0000E6        A0       1  BANK1       1
                bssBANK3                       0001A0  000008  0001A8       1A0       1  BANK3       1
                swtext2                        000800  00000A  00080A      1000       0  CONST       2
                text1031                       00080A  000001  00080B      1014       0  CODE        2
                text1029                       00080B  000001  00080C      1016       0  CODE        2
                text993                        00080C  0000B0  0008BC      1018       0  CODE        2
                text998                        0008BC  0000C5  000981      1178       0  CODE        2
                text1002                       000981  0000CF  000A50      1302       0  CODE        2
                text1003                       000A50  0000DE  000B2E      14A0       0  CODE        2
                text1001                       000B2E  000112  000C40      165C       0  CODE        2
                text1000                       000C40  000122  000D62      1880       0  CODE        2
                text990                        000D62  000126  000E88      1AC4       0  CODE        2
                text988                        000E88  000178  001000      1D10       0  CODE        2
                stringtext                     001000  000101  001101        20       0  STRCODE     2
                clrtext                        001102  000006  001108      2204       0  CODE        2
                text1013                       001108  000037  00113F      2210       0  CODE        2
                text1005                       00113F  000037  001176      227E       0  CODE        2
                text996                        001176  000038  0011AE      22EC       0  CODE        2
                text1014                       0011AE  000039  0011E7      235C       0  CODE        2
                text1015                       0011E7  00003C  001223      23CE       0  CODE        2
                text1006                       001223  00003E  001261      2446       0  CODE        2
                text995                        001261  000044  0012A5      24C2       0  CODE        2
                text1007                       0012A5  000046  0012EB      254A       0  CODE        2
                maintext                       0012EB  00004F  00133A      25D6       0  CODE        2
                text1019                       00133A  000051  00138B      2674       0  CODE        2
                text1012                       00138B  000054  0013DF      2716       0  CODE        2
                text1004                       0013DF  000063  001442      27BE       0  CODE        2
                text1011                       001442  000064  0014A6      2884       0  CODE        2
                text1009                       0014A6  000069  00150F      294C       0  CODE        2
                text992                        00150F  000089  001598      2A1E       0  CODE        2
                text1023                       001598  000092  00162A      2B30       0  CODE        2
                text1022                       00162A  000093  0016BD      2C54       0  CODE        2
                text1021                       0016BD  000097  001754      2D7A       0  CODE        2
                text1028                       001754  0000AC  001800      2EA8       0  CODE        2
                swtext1                        001800  000014  001814      3000       0  CONST       2
                text1018                       001BEE  000004  001BF2      37DC       0  CODE        2
                text1024                       001BF2  000006  001BF8      37E4       0  CODE        2
                text1030                       001BF8  00000A  001C02      37F0       0  CODE        2
                text1017                       001C02  00000F  001C11      3804       0  CODE        2
                text1026                       001C11  000012  001C23      3822       0  CODE        2
                text987                        001C23  000015  001C38      3846       0  CODE        2
                text1025                       001C38  000018  001C50      3870       0  CODE        2
                text1032                       001C50  00001E  001C6E      38A0       0  CODE        2
                text1016                       001C6E  000020  001C8E      38DC       0  CODE        2
                text997                        001C8E  000020  001CAE      391C       0  CODE        2
                text1008                       001CAE  000024  001CD2      395C       0  CODE        2
                text1027                       001CD2  00002E  001D00      39A4       0  CODE        2
                _FLT_text                      001D00  000100  001E00      3A00       0  CODE        2
                _SQ8_text                      001E00  000200  002000      3C00       0  CODE        2
                config                         008007  000002  008009     1000E       0  CONFIG      2
                eeprom_data                    00F000  000100  00F100     1E000       2  EEDATA      2


UNUSED ADDRESS RANGES

        Name                Unused          Largest block    Delta
        BANK0            0006F-0006F               1           1
        BANK1            000E6-000EF               A           1
        BANK10           0054C-0054F               4           1
                         0055F-0056F              11
        BANK11           005AC-005EF              44           1
        BANK12           00648-0064F               8           1
        BANK2            00120-0016F              50           1
        BANK3            001A8-001EF              48           1
        BANK4            00220-0026F              50           1
        BANK5            002A0-002EF              50           1
        BANK7            003E0-003EF              10           1
        BANK8            00427-00427               1           1
                         0043D-0043F               3
                         0045C-0046F              14
        BANK9            004A7-004A7               1           1
                         004AF-004AF               1
                         004BE-004EF              32
        BIGRAM           02000-023EF             3F0           1
        CODE             01101-01101               1           2
                         01814-01BED             3DA
        CONST            01101-01101               1           2
                         01814-01BED             100
        ENTRY            01101-01101               1           2
                         01814-01BED             100
        IDLOC            08000-08003               4           2
        RAM              0006F-0006F               1           1
                         000E6-000EF               A
                         00120-0016F              50
                         001A8-001EF              48
                         00220-0026F              50
                         002A0-002EF              50
                         003E0-003EF              10
                         00427-00427               1
                         0043D-0043F               3
                         0045C-0046F              14
                         004A7-004A7               1
                         004AF-004AF               1
                         004BE-004EF              32
                         0054C-0054F               4
                         0055F-0056F              11
                         005AC-005EF              44
                         00648-0064F               8
        SFR0             00000-0001F              20           1
        SFR1             00080-0009F              20           1
        SFR10            00500-0051F              20           1
        SFR11            00580-0059F              20           1
        SFR12            00600-0061F              20           1
        SFR13            00680-006EF              70           1
        SFR14            00700-0076F              70           1
        SFR15            00780-007EF              70           1
        SFR16            00800-0086F              70           1
        SFR17            00880-008EF              70           1
        SFR18            00900-0096F              70           1
        SFR19            00980-009EF              70           1
        SFR2             00100-0011F              20           1
        SFR20            00A00-00A6F              70           1
        SFR21            00A80-00AEF              70           1
        SFR22            00B00-00B6F              70           1
        SFR23            00B80-00BEF              70           1
        SFR24            00C00-00C6F              70           1
        SFR25            00C80-00CEF              70           1
        SFR26            00D00-00D6F              70           1
        SFR27            00D80-00DEF              70           1
        SFR28            00E00-00E6F              70           1
        SFR29            00E80-00EEF              70           1
        SFR3             00180-0019F              20           1
        SFR30            00F00-00F6F              70           1
        SFR31            00F80-00FEF              70           1
        SFR4             00200-0021F              20           1
        SFR5             00280-0029F              20           1
        SFR6             00300-0031F              20           1
        SFR7             00380-0039F              20           1
        SFR8             00400-0041F              20           1
        SFR9             00480-0049F              20           1
        STRCODE          01101-01101               1           2
                         01814-01BED             3DA
        STRING           01101-01101               1           2
                         01814-01BED             100

                                  Symbol Table

??_CAL_AcPeriod            cstackCOMMON 00071
??_CAL_MtrCurrent          cstackBANK0  0005F
??_CAL_MtrError            cstackCOMMON 00071
??_CAL_MtrLevel            cstackCOMMON 00071
??_CAL_MtrSpeed            cstackBANK0  0005F
??_CAL_MtrTemp             cstackCOMMON 00071
??_CAL_TuneValue           cstackCOMMON 00073
??_COM_Ctrl                cstackBANK0  00051
??_COM_Ctrl2               cstackCOMMON 00071
??_COM_Init                cstackCOMMON 00071
??_COM_Print               cstackCOMMON 0007B
??_E2P_RD                  cstackCOMMON 00075
??_E2P_ReadByte            cstackCOMMON 00071
??_E2P_WR                  cstackCOMMON 00076
??_E2P_WriteByte           cstackCOMMON 00072
??_H1M1S1_ADD              cstackCOMMON 00072
??_H1M1S1_SUB              cstackCOMMON 00072
??_H2M1S1_ADD              cstackCOMMON 00072
??_H3M1_ADD                cstackCOMMON 00074
??_INTSR                   cstackCOMMON 00070
??_MCU_Init                cstackCOMMON 00071
??_MCU_Refresh             cstackCOMMON 00071
??_MEM_Cmp                 cstackCOMMON 00073
??_MEM_Cpy                 cstackCOMMON 00076
??_MTR_Ctrl                cstackCOMMON 0007D
??_MTR_Driver              cstackBANK0  00066
??_MTR_Init                cstackCOMMON 00071
??_PID_CAL                 cstackBANK0  00053
??_PID_LIM                 cstackCOMMON 00075
??_REC_Faults              cstackCOMMON 00077
??_REC_SpeedWorking        cstackCOMMON 00077
??_REC_WorkingPower        cstackCOMMON 00071
??_REC_WorkingTemp         cstackCOMMON 00071
??_SQRT32                  cstackCOMMON 00075
??_SRL_Putc                cstackCOMMON 00071
??_SVC_Ctrl                cstackCOMMON 00079
??_SVC_GetTuneValue        cstackCOMMON 00071
??_SVC_Init                cstackCOMMON 00077
??_SVC_SetTuneValue        cstackCOMMON 00071
??_SVC_Timer               cstackCOMMON 00077
??_SYS_Ctrl                cstackCOMMON 00075
??_SYS_Init                cstackCOMMON 00071
??___lldiv                 cstackBANK0  00059
??___lmul                  cstackCOMMON 00079
??___lwdiv                 cstackCOMMON 00075
??___lwmod                 cstackCOMMON 00075
??___wmul                  cstackCOMMON 00075
??_main                    cstackBANK0  0006C
?_CAL_AcPeriod             cstackCOMMON 00070
?_CAL_MtrCurrent           cstackCOMMON 00070
?_CAL_MtrError             cstackCOMMON 00070
?_CAL_MtrLevel             cstackCOMMON 00070
?_CAL_MtrSpeed             cstackCOMMON 00070
?_CAL_MtrTemp              cstackCOMMON 00070
?_CAL_TuneValue            cstackCOMMON 00070
?_COM_Ctrl                 cstackCOMMON 00070
?_COM_Ctrl2                cstackCOMMON 00070
?_COM_Init                 cstackCOMMON 00070
?_COM_Print                cstackCOMMON 00079
?_E2P_RD                   cstackCOMMON 00072
?_E2P_ReadByte             cstackCOMMON 00070
?_E2P_WR                   cstackCOMMON 00073
?_E2P_WriteByte            cstackCOMMON 00071
?_H1M1S1_ADD               cstackCOMMON 00071
?_H1M1S1_SUB               cstackCOMMON 00071
?_H2M1S1_ADD               cstackCOMMON 00071
?_H3M1_ADD                 cstackCOMMON 00071
?_INTSR                    cstackCOMMON 00070
?_MCU_Init                 cstackCOMMON 00070
?_MCU_Refresh              cstackCOMMON 00070
?_MEM_Cmp                  cstackCOMMON 00071
?_MEM_Cpy                  cstackCOMMON 00071
?_MTR_Ctrl                 cstackCOMMON 00070
?_MTR_Driver               cstackCOMMON 00070
?_MTR_Init                 cstackCOMMON 00070
?_PID_CAL                  cstackBANK0  00051
?_PID_LIM                  cstackCOMMON 00071
?_REC_Faults               cstackCOMMON 00070
?_REC_SpeedWorking         cstackCOMMON 00070
?_REC_WorkingPower         cstackCOMMON 00070
?_REC_WorkingTemp          cstackCOMMON 00070
?_SQRT32                   cstackCOMMON 00071
?_SRL_Putc                 cstackCOMMON 00070
?_SVC_Ctrl                 cstackCOMMON 00070
?_SVC_GetTuneValue         cstackCOMMON 00070
?_SVC_Init                 cstackCOMMON 00070
?_SVC_SetTuneValue         cstackCOMMON 00070
?_SVC_Timer                cstackCOMMON 00070
?_SYS_Ctrl                 cstackCOMMON 00070
?_SYS_Init                 cstackCOMMON 00070
?___lldiv                  cstackBANK0  00051
?___lmul                   cstackCOMMON 00071
?___lwdiv                  cstackCOMMON 00071
?___lwmod                  cstackCOMMON 00071
?___wmul                   cstackCOMMON 00071
?_main                     cstackCOMMON 00070
CAL_AcPeriod@i             cstackCOMMON 00075
CAL_AcPeriod@t             cstackCOMMON 00076
CAL_AcPeriod@tmCRS         bssBANK1     000A8
CAL_MtrCurrent@n           cstackBANK0  00067
CAL_MtrCurrent@s           cstackBANK0  00063
CAL_MtrCurrent@tmOVC       bssBANK0     00028
CAL_MtrLevel@ad            cstackBANK0  00062
CAL_MtrLevel@ofs           cstackBANK0  00061
CAL_MtrSpeed@i             cstackBANK0  00067
CAL_MtrSpeed@j             cstackBANK0  00066
CAL_MtrSpeed@n             cstackBANK0  00065
CAL_MtrSpeed@t             cstackBANK0  00063
CAL_MtrSpeed@tmZSP         bssBANK0     0002A
CAL_MtrTemp@cnt            bssBANK0     00038
CAL_MtrTemp@er1            bssBANK0     00039
CAL_MtrTemp@err            bssBANK0     0003A
CAL_MtrTemp@sum            bssBANK0     0002C
CAL_TuneValue@max          bssBANK0     0003B
CAL_TuneValue@min          bssBANK0     0003C
CAL_TuneValue@state        bssBANK0     0003D
CAL_TuneValue@time         bssBANK0     0002E
COM_Ctrl@t                 bssBANK0     0003E
COM_Print@f                cstackCOMMON 0007B
COM_Print@n                cstackCOMMON 00079
E2P_RD@addr                cstackCOMMON 00076
E2P_RD@n                   cstackCOMMON 00074
E2P_RD@p                   cstackCOMMON 00072
E2P_ReadByte@addr          cstackCOMMON 00071
E2P_WR@addr                cstackCOMMON 00077
E2P_WR@n                   cstackCOMMON 00075
E2P_WR@p                   cstackCOMMON 00073
E2P_WriteByte@addr         cstackCOMMON 00072
E2P_WriteByte@byte         cstackCOMMON 00071
H1M1S1_ADD@p               cstackCOMMON 00073
H1M1S1_ADD@s               cstackCOMMON 00071
H1M1S1_SUB@p               cstackCOMMON 00073
H1M1S1_SUB@s               cstackCOMMON 00071
H2M1S1_ADD@p               cstackCOMMON 00073
H2M1S1_ADD@s               cstackCOMMON 00071
H3M1_ADD@m                 cstackCOMMON 00073
H3M1_ADD@p                 cstackCOMMON 00071
MEM_Cmp@n                  cstackCOMMON 00072
MEM_Cmp@p1                 cstackCOMMON 00075
MEM_Cmp@p2                 cstackCOMMON 00071
MEM_Cpy@n                  cstackCOMMON 00075
MEM_Cpy@p1                 cstackCOMMON 00071
MEM_Cpy@p2                 cstackCOMMON 00073
MTR_Driver@OLIM            bssBANK0     00020
MTR_Driver@SREG            bssBANK1     000CA
MTR_Driver@err             cstackBANK0  00068
MTR_Driver@max             cstackBANK0  0006A
MTR_Driver@sref            bssBANK0     00030
MTR_Driver@state           bssBANK0     0003F
MTR_Driver@time            bssBANK0     00040
PID_CAL@err                cstackBANK0  00051
PID_CAL@p                  cstackBANK0  00065
PID_LIM@max                cstackCOMMON 00073
PID_LIM@min                cstackCOMMON 00071
PID_LIM@p                  cstackCOMMON 00078
REC_Faults@fault           bssBANK0     00041
REC_SpeedWorking@cnLvl     bssBANK0     00042
REC_SpeedWorking@level     bssBANK0     00043
REC_SpeedWorking@lsLvl     bssBANK0     00044
REC_SpeedWorking@tmLvl     bssBANK0     0004D
REC_WorkingTemp@next       bssBANK0     00045
REC_WorkingTemp@temp       bssBANK0     00046
SQRT32@a                   cstackCOMMON 00071
SQRT32@divisor             cstackBANK0  00052
SQRT32@i                   cstackBANK0  00051
SQRT32@remainder           cstackBANK0  00056
SQRT32@root                cstackBANK0  0005A
SRL_Putc@c                 cstackCOMMON 00072
SVC_Init@cmp               cstackCOMMON 0007A
SVC_SetTuneValue@value     cstackCOMMON 00072
SVC_Timer@tmSEC            bssBANK0     00047
SYS_Ctrl@time              bssBANK0     00024
_ADCON0                    (abs)        0009D
_ADCON1                    (abs)        0009E
_ANSELA                    (abs)        0018C
_ANSELB                    (abs)        0018D
_ANSELC                    (abs)        0018E
_APFCON0                   (abs)        0011D
_APFCON1                   (abs)        0011E
_BAUDCON                   (abs)        0019F
_CAL_AcPeriod              text1021     016BD
_CAL_MtrCurrent            text1002     00981
_CAL_MtrError              text1020     00002
_CAL_MtrLevel              text999      0036D
_CAL_MtrLevel$10905        cstackBANK0  00051
_CAL_MtrLevel$10906        cstackBANK0  00053
_CAL_MtrLevel$10907        cstackBANK0  00055
_CAL_MtrLevel$10908        cstackBANK0  00057
_CAL_MtrLevel$10909        cstackBANK0  00059
_CAL_MtrLevel$10910        cstackBANK0  0005B
_CAL_MtrLevel$10911        cstackBANK0  0005D
_CAL_MtrLevel$10912        cstackBANK0  0005F
_CAL_MtrSpeed              text1001     00B2E
_CAL_MtrTemp               text1023     01598
_CAL_TuneValue             text998      008BC
_CARRY                     (abs)        00018
_CFGS                      (abs)        00CAE
_CM1CON0                   (abs)        00111
_CM1CON1                   (abs)        00112
_CM2CON0                   (abs)        00113
_CM2CON1                   (abs)        00114
_COM_Ctrl                  text992      0150F
_COM_Ctrl2                 text1029     0080B
_COM_Init                  text1031     0080A
_COM_Print                 text1003     00A50
_CREN                      (abs)        00CEC
_DACCON0                   (abs)        00118
_DACCON1                   (abs)        00119
_E2P_RD                    text997      01C8E
_E2P_ReadByte              text1030     01BF8
_E2P_WR                    text996      01176
_E2P_WriteByte             text1026     01C11
_EEADR                     (abs)        00191
_EEADRL                    (abs)        00191
_EECON1                    (abs)        00195
_EECON2                    (abs)        00196
_EEDATA                    (abs)        00193
_EEDATL                    (abs)        00193
_EEPGD                     (abs)        00CAF
_FLT                       _FLT_text    01D00
_FLT_absaddr               (abs)        01D00
_FVRCON                    (abs)        00117
_GIE                       (abs)        0005F
_H1M1S1_ADD                text1014     011AE
_H1M1S1_SUB                text1013     01108
_H2M1S1_ADD                text1012     0138B
_H3M1_ADD                  text1011     01442
_INLVLA                    (abs)        0038C
_INLVLB                    (abs)        0038D
_INLVLC                    (abs)        0038E
_INTSR                     intentry     00004
_LATA                      (abs)        0010C
_LATB                      (abs)        0010D
_LATC                      (abs)        0010E
_MCU_Init                  text1028     01754
_MCU_Refresh               text1027     01CD2
_MEM_Cmp                   text1015     011E7
_MEM_Cpy                   text1016     01C6E
_MTR_Ctrl                  text987      01C23
_MTR_Driver                text988      00E88
_MTR_Init                  text1025     01C38
_ODRA                      nvBANK1      000DA
_OSCCON                    (abs)        00099
_OSCTUNE                   (abs)        00098
_PEIE                      (abs)        0005E
_PID_CAL                   text1000     00C40
_PID_LIM                   text1019     0133A
_PIE1                      (abs)        00091
_PIE2                      (abs)        00092
_PIE3                      (abs)        00093
_PIE4                      (abs)        00094
_PIR1                      (abs)        00011
_PIR2                      (abs)        00012
_PIR3                      (abs)        00013
_PIR4                      (abs)        00014
_PR6                       (abs)        0041D
_RCSTA                     (abs)        0019D
_RD                        (abs)        00CA8
_REC_Faults                text993      0080C
_REC_SpeedWorking          text994      004FF
_REC_WorkingPower          text1010     00003
_REC_WorkingTemp           text1009     014A6
_SPBRGH                    (abs)        0019C
_SPBRGL                    (abs)        0019B
_SPEN                      (abs)        00CEF
_SQ8                       _SQ8_text    01E00
_SQ8_absaddr               (abs)        01E00
_SQRT32                    text1022     0162A
_SRL_Putc                  text1032     01C50
_SVC_Ctrl                  text989      00173
_SVC_GetTuneValue          text1018     01BEE
_SVC_Init                  text991      0068A
_SVC_SetTuneValue          text1017     01C02
_SVC_Timer                 text995      01261
_SYS_Ctrl                  text990      00D62
_SYS_Init                  text1024     01BF2
_T1CON                     (abs)        00018
_T1GCON                    (abs)        00019
_T6CON                     (abs)        0041E
_TRISA                     (abs)        0008C
_TRISB                     (abs)        0008D
_TRISC                     (abs)        0008E
_TXEN                      (abs)        00CF5
_TXSTA                     (abs)        0019E
_WDTCON                    (abs)        00097
_WPUA                      (abs)        0020C
_WPUB                      (abs)        0020D
_WPUC                      (abs)        0020E
_WR                        (abs)        00CA9
_WREN                      (abs)        00CAA
__Babs1                    abs1         1E200
__Bbank0                   bank0        1E200
__Bbank1                   bank1        1E200
__Bbank10                  bank10       1E200
__Bbank11                  bank11       1E200
__Bbank12                  bank12       1E200
__Bbank13                  bank13       1E200
__Bbank14                  bank14       1E200
__Bbank15                  bank15       1E200
__Bbank16                  bank16       1E200
__Bbank17                  bank17       1E200
__Bbank18                  bank18       1E200
__Bbank19                  bank19       1E200
__Bbank2                   bank2        1E200
__Bbank20                  bank20       1E200
__Bbank21                  bank21       1E200
__Bbank22                  bank22       1E200
__Bbank23                  bank23       1E200
__Bbank24                  bank24       1E200
__Bbank25                  bank25       1E200
__Bbank26                  bank26       1E200
__Bbank27                  bank27       1E200
__Bbank28                  bank28       1E200
__Bbank29                  bank29       1E200
__Bbank3                   bank3        1E200
__Bbank30                  bank30       1E200
__Bbank31                  bank31       1E200
__Bbank4                   bank4        1E200
__Bbank5                   bank5        1E200
__Bbank6                   bank6        1E200
__Bbank7                   bank7        1E200
__Bbank8                   bank8        1E200
__Bbank9                   bank9        1E200
__Bbigram                  bigram       1E200
__BbssBANK0                bssBANK0     1E200
__BbssBANK1                bssBANK1     1E200
__BbssBANK3                bssBANK3     1E200
__BbssCOMMON               bssCOMMON    1E200
__Bcinit                   cinit        1E200
__Bclrtext                 clrtext      1E200
__Bcode                    code         1E200
__Bcommon                  common       1E200
__BcstackBANK0             cstackBANK0  1E200
__BcstackCOMMON            cstackCOMMON 1E200
__BdataBANK0               dataBANK0    1E200
__Beeprom_data             eeprom_data  0F000
__BidataBANK0              idataBANK0   1E200
__Bmaintext                maintext     1E200
__BnvBANK0                 nvBANK0      1E200
__BnvBANK1                 nvBANK1      1E200
__Bram                     ram          1E200
__Bsfr0                    sfr0         1E200
__Bsfr1                    sfr1         1E200
__Bsfr10                   sfr10        1E200
__Bsfr11                   sfr11        1E200
__Bsfr12                   sfr12        1E200
__Bsfr13                   sfr13        1E200
__Bsfr14                   sfr14        1E200
__Bsfr15                   sfr15        1E200
__Bsfr16                   sfr16        1E200
__Bsfr17                   sfr17        1E200
__Bsfr18                   sfr18        1E200
__Bsfr19                   sfr19        1E200
__Bsfr2                    sfr2         1E200
__Bsfr20                   sfr20        1E200
__Bsfr21                   sfr21        1E200
__Bsfr22                   sfr22        1E200
__Bsfr23                   sfr23        1E200
__Bsfr24                   sfr24        1E200
__Bsfr25                   sfr25        1E200
__Bsfr26                   sfr26        1E200
__Bsfr27                   sfr27        1E200
__Bsfr28                   sfr28        1E200
__Bsfr29                   sfr29        1E200
__Bsfr3                    sfr3         1E200
__Bsfr30                   sfr30        1E200
__Bsfr31                   sfr31        1E200
__Bsfr4                    sfr4         1E200
__Bsfr5                    sfr5         1E200
__Bsfr6                    sfr6         1E200
__Bsfr7                    sfr7         1E200
__Bsfr8                    sfr8         1E200
__Bsfr9                    sfr9         1E200
__Bstrings                 strings      1E200
__Bstringtext              stringtext   1E200
__Btext                    text         1E200
__H_FLT_text               _FLT_text    01E00
__H_SQ8_text               _SQ8_text    02000
__Habs1                    abs1         00200
__Hbank0                   bank0        00200
__Hbank1                   bank1        00200
__Hbank10                  bank10       00200
__Hbank11                  bank11       00200
__Hbank12                  bank12       00200
__Hbank13                  bank13       00200
__Hbank14                  bank14       00200
__Hbank15                  bank15       00200
__Hbank16                  bank16       00200
__Hbank17                  bank17       00200
__Hbank18                  bank18       00200
__Hbank19                  bank19       00200
__Hbank2                   bank2        00200
__Hbank20                  bank20       00200
__Hbank21                  bank21       00200
__Hbank22                  bank22       00200
__Hbank23                  bank23       00200
__Hbank24                  bank24       00200
__Hbank25                  bank25       00200
__Hbank26                  bank26       00200
__Hbank27                  bank27       00200
__Hbank28                  bank28       00200
__Hbank29                  bank29       00200
__Hbank3                   bank3        00200
__Hbank30                  bank30       00200
__Hbank31                  bank31       00200
__Hbank4                   bank4        00200
__Hbank5                   bank5        00200
__Hbank6                   bank6        00200
__Hbank7                   bank7        00200
__Hbank8                   bank8        00200
__Hbank9                   bank9        00200
__Hbigram                  bigram       00200
__HbssBANK0                bssBANK0     00200
__HbssBANK1                bssBANK1     00200
__HbssBANK3                bssBANK3     00200
__HbssCOMMON               bssCOMMON    00200
__Hcinit                   cinit        00200
__Hclrtext                 clrtext      00200
__Hcode                    code         00200
__Hcommon                  common       00200
__Hconfig                  config       08009
__HcstackBANK0             cstackBANK0  00200
__HcstackCOMMON            cstackCOMMON 00200
__HdataBANK0               dataBANK0    00200
__Heeprom_data             eeprom_data  00100
__Hend_init                end_init     00173
__Hfunctab                 functab      00000
__HidataBANK0              idataBANK0   00200
__Hidloc                   idloc        00000
__Hinit                    init         00170
__Hintentry                intentry     00170
__Hmaintext                maintext     00200
__HnvBANK0                 nvBANK0      00200
__HnvBANK1                 nvBANK1      00200
__Hpowerup                 powerup      00000
__Hram                     ram          00200
__Hreset_vec               reset_vec    00002
__Hsfr0                    sfr0         00200
__Hsfr1                    sfr1         00200
__Hsfr10                   sfr10        00200
__Hsfr11                   sfr11        00200
__Hsfr12                   sfr12        00200
__Hsfr13                   sfr13        00200
__Hsfr14                   sfr14        00200
__Hsfr15                   sfr15        00200
__Hsfr16                   sfr16        00200
__Hsfr17                   sfr17        00200
__Hsfr18                   sfr18        00200
__Hsfr19                   sfr19        00200
__Hsfr2                    sfr2         00200
__Hsfr20                   sfr20        00200
__Hsfr21                   sfr21        00200
__Hsfr22                   sfr22        00200
__Hsfr23                   sfr23        00200
__Hsfr24                   sfr24        00200
__Hsfr25                   sfr25        00200
__Hsfr26                   sfr26        00200
__Hsfr27                   sfr27        00200
__Hsfr28                   sfr28        00200
__Hsfr29                   sfr29        00200
__Hsfr3                    sfr3         00200
__Hsfr30                   sfr30        00200
__Hsfr31                   sfr31        00200
__Hsfr4                    sfr4         00200
__Hsfr5                    sfr5         00200
__Hsfr6                    sfr6         00200
__Hsfr7                    sfr7         00200
__Hsfr8                    sfr8         00200
__Hsfr9                    sfr9         00200
__Hstrings                 strings      00200
__Hstringtext              stringtext   00200
__Htext                    text         00200
__L_FLT_text               _FLT_text    01D00
__L_SQ8_text               _SQ8_text    01E00
__Labs1                    abs1         00200
__Lbank0                   bank0        00200
__Lbank1                   bank1        00200
__Lbank10                  bank10       00200
__Lbank11                  bank11       00200
__Lbank12                  bank12       00200
__Lbank13                  bank13       00200
__Lbank14                  bank14       00200
__Lbank15                  bank15       00200
__Lbank16                  bank16       00200
__Lbank17                  bank17       00200
__Lbank18                  bank18       00200
__Lbank19                  bank19       00200
__Lbank2                   bank2        00200
__Lbank20                  bank20       00200
__Lbank21                  bank21       00200
__Lbank22                  bank22       00200
__Lbank23                  bank23       00200
__Lbank24                  bank24       00200
__Lbank25                  bank25       00200
__Lbank26                  bank26       00200
__Lbank27                  bank27       00200
__Lbank28                  bank28       00200
__Lbank29                  bank29       00200
__Lbank3                   bank3        00200
__Lbank30                  bank30       00200
__Lbank31                  bank31       00200
__Lbank4                   bank4        00200
__Lbank5                   bank5        00200
__Lbank6                   bank6        00200
__Lbank7                   bank7        00200
__Lbank8                   bank8        00200
__Lbank9                   bank9        00200
__Lbigram                  bigram       00200
__LbssBANK0                bssBANK0     00200
__LbssBANK1                bssBANK1     00200
__LbssBANK3                bssBANK3     00200
__LbssCOMMON               bssCOMMON    00200
__Lcinit                   cinit        00200
__Lclrtext                 clrtext      00200
__Lcode                    code         00200
__Lcommon                  common       00200
__Lconfig                  config       08007
__LcstackBANK0             cstackBANK0  00200
__LcstackCOMMON            cstackCOMMON 00200
__LdataBANK0               dataBANK0    00200
__Leeprom_data             eeprom_data  00000
__Lend_init                end_init     00170
__Lfunctab                 functab      00000
__LidataBANK0              idataBANK0   00200
__Lidloc                   idloc        00000
__Linit                    init         00170
__Lintentry                intentry     00004
__Lmaintext                maintext     00200
__LnvBANK0                 nvBANK0      00200
__LnvBANK1                 nvBANK1      00200
__Lpowerup                 powerup      00000
__Lram                     ram          00200
__Lreset_vec               reset_vec    00000
__Lsfr0                    sfr0         00200
__Lsfr1                    sfr1         00200
__Lsfr10                   sfr10        00200
__Lsfr11                   sfr11        00200
__Lsfr12                   sfr12        00200
__Lsfr13                   sfr13        00200
__Lsfr14                   sfr14        00200
__Lsfr15                   sfr15        00200
__Lsfr16                   sfr16        00200
__Lsfr17                   sfr17        00200
__Lsfr18                   sfr18        00200
__Lsfr19                   sfr19        00200
__Lsfr2                    sfr2         00200
__Lsfr20                   sfr20        00200
__Lsfr21                   sfr21        00200
__Lsfr22                   sfr22        00200
__Lsfr23                   sfr23        00200
__Lsfr24                   sfr24        00200
__Lsfr25                   sfr25        00200
__Lsfr26                   sfr26        00200
__Lsfr27                   sfr27        00200
__Lsfr28                   sfr28        00200
__Lsfr29                   sfr29        00200
__Lsfr3                    sfr3         00200
__Lsfr30                   sfr30        00200
__Lsfr31                   sfr31        00200
__Lsfr4                    sfr4         00200
__Lsfr5                    sfr5         00200
__Lsfr6                    sfr6         00200
__Lsfr7                    sfr7         00200
__Lsfr8                    sfr8         00200
__Lsfr9                    sfr9         00200
__Lstrings                 strings      00200
__Lstringtext              stringtext   00200
__Ltext                    text         00200
__S0                       (abs)        08009
__S1                       (abs)        001A8
__S2                       (abs)        0F100
___lldiv                   text1004     013DF
___lldiv@counter           cstackBANK0  0005E
___lldiv@dividend          cstackBANK0  00055
___lldiv@divisor           cstackBANK0  00051
___lldiv@quotient          cstackBANK0  0005A
___lmul                    text1005     0113F
___lmul@multiplicand       cstackCOMMON 00075
___lmul@multiplier         cstackCOMMON 00071
___lmul@product            cstackCOMMON 00079
___lwdiv                   text1007     012A5
___lwdiv@counter           cstackCOMMON 00078
___lwdiv@dividend          cstackCOMMON 00073
___lwdiv@divisor           cstackCOMMON 00071
___lwdiv@quotient          cstackCOMMON 00076
___lwmod                   text1006     01223
___lwmod@counter           cstackCOMMON 00076
___lwmod@dividend          cstackCOMMON 00073
___lwmod@divisor           cstackCOMMON 00071
___wmul                    text1008     01CAE
___wmul@multiplicand       cstackCOMMON 00073
___wmul@multiplier         cstackCOMMON 00071
___wmul@product            cstackCOMMON 00075
__end_of_CAL_AcPeriod      text1021     01754
__end_of_CAL_MtrCurrent    text1002     00A50
__end_of_CAL_MtrError      text1020     00003
__end_of_CAL_MtrLevel      text999      004FF
__end_of_CAL_MtrSpeed      text1001     00C40
__end_of_CAL_MtrTemp       text1023     0162A
__end_of_CAL_TuneValue     text998      00981
__end_of_COM_Ctrl          text992      01598
__end_of_COM_Ctrl2         text1029     0080C
__end_of_COM_Init          text1031     0080B
__end_of_COM_Print         text1003     00B2E
__end_of_E2P_RD            text997      01CAE
__end_of_E2P_ReadByte      text1030     01C02
__end_of_E2P_WR            text996      011AE
__end_of_E2P_WriteByte     text1026     01C23
__end_of_H1M1S1_ADD        text1014     011E7
__end_of_H1M1S1_SUB        text1013     0113F
__end_of_H2M1S1_ADD        text1012     013DF
__end_of_H3M1_ADD          text1011     014A6
__end_of_INTSR             intentry     00170
__end_of_MCU_Init          text1028     01800
__end_of_MCU_Refresh       text1027     01D00
__end_of_MEM_Cmp           text1015     01223
__end_of_MEM_Cpy           text1016     01C8E
__end_of_MTR_Ctrl          text987      01C38
__end_of_MTR_Driver        text988      01000
__end_of_MTR_Init          text1025     01C50
__end_of_PID_CAL           text1000     00D62
__end_of_PID_LIM           text1019     0138B
__end_of_REC_Faults        text993      008BC
__end_of_REC_SpeedWorking  text994      0068A
__end_of_REC_WorkingPower  text1010     00004
__end_of_REC_WorkingTemp   text1009     0150F
__end_of_SQRT32            text1022     016BD
__end_of_SRL_Putc          text1032     01C6E
__end_of_SVC_Ctrl          text989      0036D
__end_of_SVC_GetTuneValue  text1018     01BF2
__end_of_SVC_Init          text991      007DF
__end_of_SVC_SetTuneValue  text1017     01C11
__end_of_SVC_Timer         text995      012A5
__end_of_SYS_Ctrl          text990      00E88
__end_of_SYS_Init          text1024     01BF8
__end_of___lldiv           text1004     01442
__end_of___lmul            text1005     01176
__end_of___lwdiv           text1007     012EB
__end_of___lwmod           text1006     01261
__end_of___wmul            text1008     01CD2
__end_of_main              maintext     0133A
__p_FLT_text               _FLT_text    01D00
__p_SQ8_text               _SQ8_text    01E00
__pbssBANK0                bssBANK0     00020
__pbssBANK1                bssBANK1     000A0
__pbssBANK3                bssBANK3     001A0
__pbssCOMMON               bssCOMMON    0007D
__pcstackBANK0             cstackBANK0  00051
__pcstackCOMMON            cstackCOMMON 00070
__pdataBANK0               dataBANK0    0006E
__pidataBANK0              idataBANK0   007FF
__pintentry                intentry     00004
__pmaintext                maintext     012EB
__pnvBANK0                 nvBANK0      0006D
__pnvBANK1                 nvBANK1      000DA
__pstringtext              stringtext   01000
__pswtext1                 swtext1      01800
__pswtext2                 swtext2      00800
__ptext1000                text1000     00C40
__ptext1001                text1001     00B2E
__ptext1002                text1002     00981
__ptext1003                text1003     00A50
__ptext1004                text1004     013DF
__ptext1005                text1005     0113F
__ptext1006                text1006     01223
__ptext1007                text1007     012A5
__ptext1008                text1008     01CAE
__ptext1009                text1009     014A6
__ptext1010                text1010     00003
__ptext1011                text1011     01442
__ptext1012                text1012     0138B
__ptext1013                text1013     01108
__ptext1014                text1014     011AE
__ptext1015                text1015     011E7
__ptext1016                text1016     01C6E
__ptext1017                text1017     01C02
__ptext1018                text1018     01BEE
__ptext1019                text1019     0133A
__ptext1020                text1020     00002
__ptext1021                text1021     016BD
__ptext1022                text1022     0162A
__ptext1023                text1023     01598
__ptext1024                text1024     01BF2
__ptext1025                text1025     01C38
__ptext1026                text1026     01C11
__ptext1027                text1027     01CD2
__ptext1028                text1028     01754
__ptext1029                text1029     0080B
__ptext1030                text1030     01BF8
__ptext1031                text1031     0080A
__ptext1032                text1032     01C50
__ptext987                 text987      01C23
__ptext988                 text988      00E88
__ptext989                 text989      00173
__ptext990                 text990      00D62
__ptext991                 text991      0068A
__ptext992                 text992      0150F
__ptext993                 text993      0080C
__ptext994                 text994      004FF
__ptext995                 text995      01261
__ptext996                 text996      01176
__ptext997                 text997      01C8E
__ptext998                 text998      008BC
__ptext999                 text999      0036D
__size_of_CAL_AcPeriod     (abs)        00000
__size_of_CAL_MtrCurrent   (abs)        00000
__size_of_CAL_MtrError     (abs)        00000
__size_of_CAL_MtrLevel     (abs)        00000
__size_of_CAL_MtrSpeed     (abs)        00000
__size_of_CAL_MtrTemp      (abs)        00000
__size_of_CAL_TuneValue    (abs)        00000
__size_of_COM_Ctrl         (abs)        00000
__size_of_COM_Ctrl2        (abs)        00000
__size_of_COM_Init         (abs)        00000
__size_of_COM_Print        (abs)        00000
__size_of_E2P_RD           (abs)        00000
__size_of_E2P_ReadByte     (abs)        00000
__size_of_E2P_WR           (abs)        00000
__size_of_E2P_WriteByte    (abs)        00000
__size_of_H1M1S1_ADD       (abs)        00000
__size_of_H1M1S1_SUB       (abs)        00000
__size_of_H2M1S1_ADD       (abs)        00000
__size_of_H3M1_ADD         (abs)        00000
__size_of_INTSR            (abs)        00000
__size_of_MCU_Init         (abs)        00000
__size_of_MCU_Refresh      (abs)        00000
__size_of_MEM_Cmp          (abs)        00000
__size_of_MEM_Cpy          (abs)        00000
__size_of_MTR_Ctrl         (abs)        00000
__size_of_MTR_Driver       (abs)        00000
__size_of_MTR_Init         (abs)        00000
__size_of_PID_CAL          (abs)        00000
__size_of_PID_LIM          (abs)        00000
__size_of_REC_Faults       (abs)        00000
__size_of_REC_SpeedWorking (abs)        00000
__size_of_REC_WorkingPower (abs)        00000
__size_of_REC_WorkingTemp  (abs)        00000
__size_of_SQRT32           (abs)        00000
__size_of_SRL_Putc         (abs)        00000
__size_of_SVC_Ctrl         (abs)        00000
__size_of_SVC_GetTuneValue (abs)        00000
__size_of_SVC_Init         (abs)        00000
__size_of_SVC_SetTuneValue (abs)        00000
__size_of_SVC_Timer        (abs)        00000
__size_of_SYS_Ctrl         (abs)        00000
__size_of_SYS_Init         (abs)        00000
__size_of___lldiv          (abs)        00000
__size_of___lmul           (abs)        00000
__size_of___lwdiv          (abs)        00000
__size_of___lwmod          (abs)        00000
__size_of___wmul           (abs)        00000
__size_of_main             (abs)        00000
__stringtab                stringtext   01000
_acCrossEvent              bssBANK1     000B6
_acCrossIndex              bssBANK1     000B7
_acCrossTime               (abs)        00360
_acCrossWDT                bssBANK1     000B8
_acCycle                   bssBANK1     000AA
_acCycleFlag               bssBANK1     000B9
_acCycleHalf               bssBANK1     000BA
_ad2tpr                    stringtext   01001
_adCur2                    bssBANK1     000A0
_adCur2Buf                 bssBANK1     000A4
_adCurN                    bssBANK1     000BB
_adCurNBuf                 bssBANK1     000BC
_adNtc                     bssBANK1     000BD
_adVac                     bssBANK1     000BE
_adVrs                     bssBANK1     000BF
_autoWorkingTime           (abs)        00620
_e2pWrFlags                bssBANK0     00048
_enADC                     nvBANK1      000DB
_exit                      init         00170
_faultCode                 (abs)        00520
_faultTimeStamp            (abs)        00530
_faultTotalCount           (abs)        00527
_idrTest0                  bssBANK1     000C0
_idrTest1                  bssBANK1     000C1
_keyWorkingTime            (abs)        00624
_lastSpeedSetting          (abs)        00420
_lastSpeedWorkingTime      (abs)        00428
_lastUseAvePower           (abs)        004A8
_lastUseMaxMotorTemp       (abs)        00558
_lastUseMaxPower           (abs)        004A0
_lastUseReadyTime          (abs)        004B0
_main                      maintext     012EB
_maxMcuTemp                (abs)        00550
_maxMotorHistoryTemp       (abs)        00557
_mtrCurrent                bssBANK0     00032
_mtrError                  bssBANK0     00049
_mtrHallEvent              bssBANK1     000C2
_mtrHallIndex              bssBANK1     000C3
_mtrHallTime               (abs)        00320
_mtrHallWDT                bssBANK1     000C4
_mtrLevel                  bssCOMMON    0007D
_mtrSpeed                  bssBANK0     00034
_mtrSpeedRef               bssBANK0     00036
_mtrTemp                   nvBANK0      0006D
_powerOnTime               nvBANK1      000E1
_prevTrig                  bssBANK1     000AC
_rxCNT                     bssBANK3     001A0
_rxFIFO                    (abs)        003C0
_rxRDP                     bssBANK3     001A1
_rxTIM                     bssBANK3     001A2
_rxWRP                     bssBANK3     001A3
_scnHall                   bssBANK1     000C5
_scnTest                   bssBANK1     000C6
_scnZero                   bssBANK1     000C7
_sysFault                  bssBANK0     0004A
_sysLevel                  bssBANK0     0004B
_sysStatus                 bssBANK0     0004C
_sysTicks                  bssBANK1     000C8
_sysTimer                  bssBANK1     000AE
_tmADNTC                   nvBANK1      000DC
_tmADVAC                   nvBANK1      000DD
_tmADVRS                   nvBANK1      000DE
_tmTST0                    nvBANK1      000DF
_tmTST1                    nvBANK1      000E0
_tmTriac                   bssBANK1     000B0
_tmTriacOff                bssBANK1     000B2
_tmTriacOn                 bssBANK1     000B4
_totalAutoPressedCount     (abs)        00650
_totalInterlockOpenCount   (abs)        0065C
_totalKeyPressedCount      (abs)        00654
_totalNoInterlockTime      (abs)        00658
_totalPowerOnTime          (abs)        005A0
_totalSpeedWorkingTime     (abs)        00440
_totalStandbyTime          (abs)        005A4
_totalWorkingTime          (abs)        005A8
_trigFlag                  bssBANK1     000C9
_tuneValue                 bssBANK0     00050
_txCNT                     bssBANK3     001A4
_txFIFO                    (abs)        003A0
_txRDP                     bssBANK3     001A5
_txTIM                     bssBANK3     001A6
_txWRP                     bssBANK3     001A7
btemp                      (abs)        0007E
clear_ram                  clrtext      01102
end_of_initialization      cinit        007FC
intlevel0                  functab      00000
intlevel1                  functab      00000
intlevel2                  functab      00000
intlevel3                  functab      00000
intlevel4                  functab      00000
intlevel5                  functab      00000
main@offTime               dataBANK0    0006E
reset_vec                  reset_vec    00000
start                      init         00170
start_initialization       cinit        007DF
wtemp0                     (abs)        0007E
